Component: ARM Compiler 5.06 (build 20) Tool: armlink [4d35a3]

==============================================================================

Section Cross References

    startup_lpc17xx.o(STACK) refers (Special) to heapauxi.o(.text) for __use_two_region_memory
    startup_lpc17xx.o(HEAP) refers (Special) to heapauxi.o(.text) for __use_two_region_memory
    startup_lpc17xx.o(RESET) refers (Special) to heapauxi.o(.text) for __use_two_region_memory
    startup_lpc17xx.o(RESET) refers to startup_lpc17xx.o(STACK) for __initial_sp
    startup_lpc17xx.o(RESET) refers to startup_lpc17xx.o(.text) for Reset_Handler
    startup_lpc17xx.o(RESET) refers to hardware.o(i.TIMER1_IRQHandler) for TIMER1_IRQHandler
    startup_lpc17xx.o(RESET) refers to cyclessync.o(i.IntLatch_IRQHandler) for IntLatch_IRQHandler
    startup_lpc17xx.o(RESET) refers to cyclessync.o(i.EINT3_IRQHandler) for EINT3_IRQHandler
    startup_lpc17xx.o(RESET) refers to cyclessync.o(i.MCPWM_IRQHandler) for MCPWM_IRQHandler
    startup_lpc17xx.o(RESET) refers to cyclessync.o(i.QEI_IRQHandler) for QEI_IRQHandler
    startup_lpc17xx.o(.text) refers (Special) to heapauxi.o(.text) for __use_two_region_memory
    startup_lpc17xx.o(.text) refers to system_lpc17xx.o(i.SystemInit) for SystemInit
    startup_lpc17xx.o(.text) refers to __main.o(!!!main) for __main
    startup_lpc17xx.o(.text) refers to startup_lpc17xx.o(HEAP) for Heap_Mem
    startup_lpc17xx.o(.text) refers to startup_lpc17xx.o(STACK) for Stack_Mem
    system_lpc17xx.o(i.SystemCoreClockUpdate) refers to system_lpc17xx.o(.data) for .data
    cyclessync.o(i.CounterIquiryCycle_Init) refers to cyclessync.o(i.NVIC_DisableIRQ) for NVIC_DisableIRQ
    cyclessync.o(i.CounterIquiryCycle_Init) refers to global.o(.data) for PrevPeriod
    cyclessync.o(i.EINT3_IRQHandler) refers to global.o(.data) for LatchPhase
    cyclessync.o(i.EINT3_IRQHandler) refers to global.o(.data) for Sys_Clock
    cyclessync.o(i.EINT3_IRQHandler) refers to cyclessync.o(.data) for .data
    cyclessync.o(i.EINT3_IRQHandler) refers to global.o(.bss) for g_gld
    cyclessync.o(i.ExtLatch_Init) refers to cyclessync.o(i.NVIC_DisableIRQ) for NVIC_DisableIRQ
    cyclessync.o(i.ExtLatch_Init) refers to cyclessync.o(i.NVIC_EnableIRQ) for NVIC_EnableIRQ
    cyclessync.o(i.ExtLatch_Init) refers to global.o(.bss) for Device_blk
    cyclessync.o(i.IntLatch_IRQHandler) refers to global.o(.data) for LatchPhase
    cyclessync.o(i.IntLatch_IRQHandler) refers to global.o(.data) for Sys_Clock
    cyclessync.o(i.IntLatch_IRQHandler) refers to cyclessync.o(.data) for .data
    cyclessync.o(i.IntLatch_Init) refers to cyclessync.o(i.NVIC_EnableIRQ) for NVIC_EnableIRQ
    cyclessync.o(i.Latch_Event) refers to global.o(.data) for LatchPhase
    cyclessync.o(i.Latch_Event) refers to global.o(.data) for Latch_Rdy
    cyclessync.o(i.Latch_Event) refers to global.o(.bss) for g_gld
    cyclessync.o(i.Latch_Event) refers to cyclessync.o(.data) for .data
    cyclessync.o(i.Latch_Event) refers to global.o(.data) for Sys_Clock
    cyclessync.o(i.MCPWM_IRQHandler) refers to global.o(.bss) for g_gld
    cyclessync.o(i.QEI_IRQHandler) refers to qei.o(i.qei_get_position) for qei_get_position
    cyclessync.o(i.QEI_IRQHandler) refers to global.o(.bss) for g_gld
    cyclessync.o(i.QEI_IRQHandler) refers to global.o(.data) for data_Rdy
    cyclessync.o(i.QEI_IRQHandler) refers to cyclessync.o(.data) for .data
    cyclessync.o(i.ServiceTime) refers to global.o(.bss) for g_gld
    cyclessync.o(i.ServiceTime) refers to global.o(.data) for PrevPeriod
    cyclessync.o(i.ServiceTime) refers to cyclessync.o(.data) for .data
    cyclessync.o(i.ServiceTime) refers to global.o(.data) for Sys_Clock
    cyclessync.o(i.SwitchMode) refers to _printf_percent.o(.ARM.Collect$$_printf_percent$$00000000) for _printf_percent
    cyclessync.o(i.SwitchMode) refers to _printf_d.o(.ARM.Collect$$_printf_percent$$00000009) for _printf_d
    cyclessync.o(i.SwitchMode) refers to _printf_dec.o(.text) for _printf_int_dec
    cyclessync.o(i.SwitchMode) refers to aeabi_memset.o(.text) for __aeabi_memset
    cyclessync.o(i.SwitchMode) refers to noretval__2sprintf.o(.text) for __2sprintf
    cyclessync.o(i.SwitchMode) refers to ring_buffer.o(i.x_ring_put) for x_ring_put
    cyclessync.o(i.SwitchMode) refers to strlen.o(.text) for strlen
    cyclessync.o(i.SwitchMode) refers to ring_buffer.o(i.x_ring_get_count) for x_ring_get_count
    cyclessync.o(i.SwitchMode) refers to uart.o(i.uart_send_unblocked) for uart_send_unblocked
    cyclessync.o(i.SwitchMode) refers to cyclessync.o(i.SetIntLatch) for SetIntLatch
    cyclessync.o(i.SwitchMode) refers to uart.o(i.UART_SwitchSpeed) for UART_SwitchSpeed
    cyclessync.o(i.SwitchMode) refers to global.o(.bss) for g_gld
    cyclessync.o(i.SwitchMode) refers to global.o(.data) for Device_Mode
    cyclessync.o(i.SwitchMode) refers to global.o(.bss) for Device_blk
    cyclessync.o(i.WDTInit) refers to cyclessync.o(i.NVIC_DisableIRQ) for NVIC_DisableIRQ
[...]
    __rt_lib_init_fp_1                       0x000001b5   Thumb Code     0  libinit2.o(.ARM.Collect$$libinit$$00000002)
    __rt_lib_init_heap_1                     0x000001b5   Thumb Code     0  libinit2.o(.ARM.Collect$$libinit$$0000000A)
    __rt_lib_init_preinit_1                  0x000001b5   Thumb Code     0  libinit2.o(.ARM.Collect$$libinit$$00000004)
    __rt_lib_init_rand_2                     0x000001b5   Thumb Code     0  libinit2.o(.ARM.Collect$$libinit$$0000000D)
    __rt_lib_init_user_alloc_1               0x000001b5   Thumb Code     0  libinit2.o(.ARM.Collect$$libinit$$0000000C)
    __rt_lib_init_alloca_1                   0x000001b9   Thumb Code     0  libinit2.o(.ARM.Collect$$libinit$$0000002E)
    __rt_lib_init_argv_1                     0x000001b9   Thumb Code     0  libinit2.o(.ARM.Collect$$libinit$$0000002C)
    __rt_lib_init_atexit_1                   0x000001b9   Thumb Code     0  libinit2.o(.ARM.Collect$$libinit$$0000001B)
    __rt_lib_init_clock_1                    0x000001b9   Thumb Code     0  libinit2.o(.ARM.Collect$$libinit$$00000021)
    __rt_lib_init_cpp_1                      0x000001b9   Thumb Code     0  libinit2.o(.ARM.Collect$$libinit$$00000032)
    __rt_lib_init_exceptions_1               0x000001b9   Thumb Code     0  libinit2.o(.ARM.Collect$$libinit$$00000030)
    __rt_lib_init_fp_trap_1                  0x000001b9   Thumb Code     0  libinit2.o(.ARM.Collect$$libinit$$0000001F)
    __rt_lib_init_getenv_1                   0x000001b9   Thumb Code     0  libinit2.o(.ARM.Collect$$libinit$$00000023)
    __rt_lib_init_lc_collate_1               0x000001b9   Thumb Code     0  libinit2.o(.ARM.Collect$$libinit$$00000011)
    __rt_lib_init_lc_ctype_1                 0x000001b9   Thumb Code     0  libinit2.o(.ARM.Collect$$libinit$$00000013)
    __rt_lib_init_lc_monetary_1              0x000001b9   Thumb Code     0  libinit2.o(.ARM.Collect$$libinit$$00000015)
    __rt_lib_init_lc_numeric_1               0x000001b9   Thumb Code     0  libinit2.o(.ARM.Collect$$libinit$$00000017)
    __rt_lib_init_lc_time_1                  0x000001b9   Thumb Code     0  libinit2.o(.ARM.Collect$$libinit$$00000019)
    __rt_lib_init_rand_1                     0x000001b9   Thumb Code     0  libinit2.o(.ARM.Collect$$libinit$$0000000E)
    __rt_lib_init_return                     0x000001b9   Thumb Code     0  libinit2.o(.ARM.Collect$$libinit$$00000033)
    __rt_lib_init_signal_1                   0x000001b9   Thumb Code     0  libinit2.o(.ARM.Collect$$libinit$$0000001D)
    __rt_lib_init_stdio_1                    0x000001b9   Thumb Code     0  libinit2.o(.ARM.Collect$$libinit$$00000025)
    __rt_lib_shutdown                        0x000001bb   Thumb Code     0  libshutdown.o(.ARM.Collect$$libshutdown$$00000000)
    __rt_lib_shutdown_cpp_1                  0x000001bd   Thumb Code     0  libshutdown2.o(.ARM.Collect$$libshutdown$$00000002)
    __rt_lib_shutdown_fp_trap_1              0x000001bd   Thumb Code     0  libshutdown2.o(.ARM.Collect$$libshutdown$$00000007)
    __rt_lib_shutdown_heap_1                 0x000001bd   Thumb Code     0  libshutdown2.o(.ARM.Collect$$libshutdown$$0000000F)
    __rt_lib_shutdown_return                 0x000001bd   Thumb Code     0  libshutdown2.o(.ARM.Collect$$libshutdown$$00000010)
    __rt_lib_shutdown_signal_1               0x000001bd   Thumb Code     0  libshutdown2.o(.ARM.Collect$$libshutdown$$0000000A)
    __rt_lib_shutdown_stdio_1                0x000001bd   Thumb Code     0  libshutdown2.o(.ARM.Collect$$libshutdown$$00000004)
    __rt_lib_shutdown_user_alloc_1           0x000001bd   Thumb Code     0  libshutdown2.o(.ARM.Collect$$libshutdown$$0000000C)
    __rt_entry                               0x000001bf   Thumb Code     0  __rtentry.o(.ARM.Collect$$rtentry$$00000000)
    __rt_entry_presh_1                       0x000001bf   Thumb Code     0  __rtentry2.o(.ARM.Collect$$rtentry$$00000002)
    __rt_entry_sh                            0x000001bf   Thumb Code     0  __rtentry4.o(.ARM.Collect$$rtentry$$00000004)
    __rt_entry_li                            0x000001c5   Thumb Code     0  __rtentry2.o(.ARM.Collect$$rtentry$$0000000A)
    __rt_entry_postsh_1                      0x000001c5   Thumb Code     0  __rtentry2.o(.ARM.Collect$$rtentry$$00000009)
    __rt_entry_main                          0x000001c9   Thumb Code     0  __rtentry2.o(.ARM.Collect$$rtentry$$0000000D)
    __rt_entry_postli_1                      0x000001c9   Thumb Code     0  __rtentry2.o(.ARM.Collect$$rtentry$$0000000C)
    __rt_exit                                0x000001d1   Thumb Code     0  rtexit.o(.ARM.Collect$$rtexit$$00000000)
    __rt_exit_ls                             0x000001d3   Thumb Code     0  rtexit2.o(.ARM.Collect$$rtexit$$00000003)
    __rt_exit_prels_1                        0x000001d3   Thumb Code     0  rtexit2.o(.ARM.Collect$$rtexit$$00000002)
    __rt_exit_exit                           0x000001d7   Thumb Code     0  rtexit2.o(.ARM.Collect$$rtexit$$00000004)
    rand                                     0x000001dd   Thumb Code    48  rand.o(.emb_text)
    Reset_Handler                            0x00000211   Thumb Code     8  startup_lpc17xx.o(.text)
    NMI_Handler                              0x00000219   Thumb Code     2  startup_lpc17xx.o(.text)
    HardFault_Handler                        0x0000021b   Thumb Code     2  startup_lpc17xx.o(.text)
    MemManage_Handler                        0x0000021d   Thumb Code     2  startup_lpc17xx.o(.text)
    BusFault_Handler                         0x0000021f   Thumb Code     2  startup_lpc17xx.o(.text)
    UsageFault_Handler                       0x00000221   Thumb Code     2  startup_lpc17xx.o(.text)
    SVC_Handler                              0x00000223   Thumb Code     2  startup_lpc17xx.o(.text)
    DebugMon_Handler                         0x00000225   Thumb Code     2  startup_lpc17xx.o(.text)
    PendSV_Handler                           0x00000227   Thumb Code     2  startup_lpc17xx.o(.text)
    SysTick_Handler                          0x00000229   Thumb Code     2  startup_lpc17xx.o(.text)
    ADC_IRQHandler                           0x0000022b   Thumb Code     0  startup_lpc17xx.o(.text)
    BOD_IRQHandler                           0x0000022b   Thumb Code     0  startup_lpc17xx.o(.text)
    CAN_IRQHandler                           0x0000022b   Thumb Code     0  startup_lpc17xx.o(.text)
    DMA_IRQHandler                           0x0000022b   Thumb Code     0  startup_lpc17xx.o(.text)
    EINT0_IRQHandler                         0x0000022b   Thumb Code     0  startup_lpc17xx.o(.text)
    EINT1_IRQHandler                         0x0000022b   Thumb Code     0  startup_lpc17xx.o(.text)
    EINT2_IRQHandler                         0x0000022b   Thumb Code     0  startup_lpc17xx.o(.text)
    ENET_IRQHandler                          0x0000022b   Thumb Code     0  startup_lpc17xx.o(.text)
    I2C0_IRQHandler                          0x0000022b   Thumb Code     0  startup_lpc17xx.o(.text)
    I2C1_IRQHandler                          0x0000022b   Thumb Code     0  startup_lpc17xx.o(.text)
    I2C2_IRQHandler                          0x0000022b   Thumb Code     0  startup_lpc17xx.o(.text)
    I2S_IRQHandler                           0x0000022b   Thumb Code     0  startup_lpc17xx.o(.text)
    PLL0_IRQHandler                          0x0000022b   Thumb Code     0  startup_lpc17xx.o(.text)
    PLL1_IRQHandler                          0x0000022b   Thumb Code     0  startup_lpc17xx.o(.text)
    PWM1_IRQHandler                          0x0000022b   Thumb Code     0  startup_lpc17xx.o(.text)
    RIT_IRQHandler                           0x0000022b   Thumb Code     0  startup_lpc17xx.o(.text)
    RTC_IRQHandler                           0x0000022b   Thumb Code     0  startup_lpc17xx.o(.text)
    SPI_IRQHandler                           0x0000022b   Thumb Code     0  startup_lpc17xx.o(.text)
    SSP0_IRQHandler                          0x0000022b   Thumb Code     0  startup_lpc17xx.o(.text)
    SSP1_IRQHandler                          0x0000022b   Thumb Code     0  startup_lpc17xx.o(.text)
    TIMER0_IRQHandler                        0x0000022b   Thumb Code     0  startup_lpc17xx.o(.text)
    TIMER2_IRQHandler                        0x0000022b   Thumb Code     0  startup_lpc17xx.o(.text)
    UART0_IRQHandler                         0x0000022b   Thumb Code     0  startup_lpc17xx.o(.text)
    UART1_IRQHandler                         0x0000022b   Thumb Code     0  startup_lpc17xx.o(.text)
    UART2_IRQHandler                         0x0000022b   Thumb Code     0  startup_lpc17xx.o(.text)
    UART3_IRQHandler                         0x0000022b   Thumb Code     0  startup_lpc17xx.o(.text)
    USB_IRQHandler                           0x0000022b   Thumb Code     0  startup_lpc17xx.o(.text)
    WDT_IRQHandler                           0x0000022b   Thumb Code     0  startup_lpc17xx.o(.text)
    __user_initial_stackheap                 0x0000022d   Thumb Code     0  startup_lpc17xx.o(.text)
    __aeabi_ldivmod                          0x0000024d   Thumb Code     0  llsdiv.o(.text)
    _ll_sdiv                                 0x0000024d   Thumb Code    72  llsdiv.o(.text)
    __2sprintf                               0x00000295   Thumb Code    34  noretval__2sprintf.o(.text)
    __printf                                 0x000002bd   Thumb Code   104  __printf.o(.text)
    _printf_str                              0x00000325   Thumb Code    82  _printf_str.o(.text)
    _printf_int_dec                          0x00000379   Thumb Code   104  _printf_dec.o(.text)
    srand                                    0x000003f1   Thumb Code    42  rand.o(.text)
    _rand_init                               0x0000041b   Thumb Code     4  rand.o(.text)
    strlen                                   0x0000042d   Thumb Code    62  strlen.o(.text)
    __aeabi_memcpy4                          0x0000046b   Thumb Code     0  rt_memcpy_w.o(.text)
    __aeabi_memcpy8                          0x0000046b   Thumb Code     0  rt_memcpy_w.o(.text)
    __rt_memcpy_w                            0x0000046b   Thumb Code   100  rt_memcpy_w.o(.text)
    _memcpy_lastbytes_aligned                0x000004b3   Thumb Code     0  rt_memcpy_w.o(.text)
    __aeabi_memset                           0x000004cf   Thumb Code    16  aeabi_memset.o(.text)
    __aeabi_memclr4                          0x000004df   Thumb Code     0  rt_memclr_w.o(.text)
    __aeabi_memclr8                          0x000004df   Thumb Code     0  rt_memclr_w.o(.text)
    __rt_memclr_w                            0x000004df   Thumb Code    78  rt_memclr_w.o(.text)
    _memset_w                                0x000004e3   Thumb Code     0  rt_memclr_w.o(.text)
    __use_two_region_memory                  0x0000052d   Thumb Code     2  heapauxi.o(.text)
    __rt_heap_escrow$2region                 0x0000052f   Thumb Code     2  heapauxi.o(.text)
    __rt_heap_expand$2region                 0x00000531   Thumb Code     2  heapauxi.o(.text)
    __aeabi_uldivmod                         0x00000533   Thumb Code     0  lludivv7m.o(.text)
    _ll_udiv                                 0x00000533   Thumb Code   238  lludivv7m.o(.text)
    __read_errno                             0x00000621   Thumb Code    10  _rserrno.o(.text)
    __set_errno                              0x0000062b   Thumb Code    12  _rserrno.o(.text)
    _printf_int_common                       0x00000637   Thumb Code   178  _printf_intcommon.o(.text)
    _printf_char_common                      0x000006f3   Thumb Code    32  _printf_char_common.o(.text)
    _sputc                                   0x00000719   Thumb Code    10  _sputc.o(.text)
    _printf_cs_common                        0x00000723   Thumb Code    20  _printf_char.o(.text)
    _printf_char                             0x00000737   Thumb Code    16  _printf_char.o(.text)
    _printf_string                           0x00000747   Thumb Code     8  _printf_char.o(.text)
    __aeabi_memclr                           0x0000074f   Thumb Code     0  rt_memclr.o(.text)
    __rt_memclr                              0x0000074f   Thumb Code    68  rt_memclr.o(.text)
    _memset                                  0x00000753   Thumb Code     0  rt_memclr.o(.text)
    __aeabi_errno_addr                       0x00000795   Thumb Code     8  rt_errno_addr_intlibspace.o(.text)
    __errno$intlibspace                      0x00000795   Thumb Code     0  rt_errno_addr_intlibspace.o(.text)
    __rt_errno_addr$intlibspace              0x00000795   Thumb Code     0  rt_errno_addr_intlibspace.o(.text)
    __user_libspace                          0x0000079d   Thumb Code     8  libspace.o(.text)
    __user_perproc_libspace                  0x0000079d   Thumb Code     0  libspace.o(.text)
    __user_perthread_libspace                0x0000079d   Thumb Code     0  libspace.o(.text)
    __user_setup_stackheap                   0x000007a5   Thumb Code    74  sys_stackheap_outer.o(.text)
    exit                                     0x000007ef   Thumb Code    18  exit.o(.text)
    __I$use$semihosting                      0x00000801   Thumb Code     0  use_no_semi.o(.text)
    __use_no_semihosting_swi                 0x00000801   Thumb Code     2  use_no_semi.o(.text)
    __semihosting_library_function           0x00000803   Thumb Code     0  indicate_semi.o(.text)
    _sys_exit                                0x00000805   Thumb Code     8  sys_exit.o(.text)
    CounterIquiryCycle_Init                  0x00000811   Thumb Code    66  cyclessync.o(i.CounterIquiryCycle_Init)
    DMA_Init                                 0x00000861   Thumb Code    38  uart.o(i.DMA_Init)
    DUP_Filt                                 0x00000891   Thumb Code   106  math_dsp.o(i.DUP_Filt)
    EINT3_IRQHandler                         0x00000905   Thumb Code    46  cyclessync.o(i.EINT3_IRQHandler)
    ExtLatch_Init                            0x0000094d   Thumb Code   148  cyclessync.o(i.ExtLatch_Init)
    IntLatch_IRQHandler                      0x000009f5   Thumb Code    24  cyclessync.o(i.IntLatch_IRQHandler)
    IntLatch_Init                            0x00000a21   Thumb Code    52  cyclessync.o(i.IntLatch_Init)
    Latch_Event                              0x00000a5d   Thumb Code    68  cyclessync.o(i.Latch_Event)
    MCPWM_IRQHandler                         0x00000ab9   Thumb Code    32  cyclessync.o(i.MCPWM_IRQHandler)
    PLC_MeanderDelay                         0x00000b25   Thumb Code    68  cplc.o(i.PLC_MeanderDelay)
    PLC_PhaseDetFilt                         0x00000b71   Thumb Code   164  math_dsp.o(i.PLC_PhaseDetFilt)
    QEI_IRQHandler                           0x00000c1d   Thumb Code    82  cyclessync.o(i.QEI_IRQHandler)
    ResetBitsOfWord                          0x00000c81   Thumb Code    14  sip.o(i.ResetBitsOfWord)
    SOI_Init                                 0x00000c91   Thumb Code   106  qei.o(i.SOI_Init)
    ServiceTime                              0x00000d15   Thumb Code    88  cyclessync.o(i.ServiceTime)
    SetIntLatch                              0x00000d85   Thumb Code    20  cyclessync.o(i.SetIntLatch)
    SwitchMode                               0x00000d9d   Thumb Code   384  cyclessync.o(i.SwitchMode)
    SwitchRefMeandInt                        0x00000f65   Thumb Code    32  cyclessync.o(i.SwitchRefMeandInt)
    SystemCoreClockUpdate                    0x00000f89   Thumb Code   186  system_lpc17xx.o(i.SystemCoreClockUpdate)
    SystemInit                               0x0000105d   Thumb Code   180  system_lpc17xx.o(i.SystemInit)
    TIMER1_IRQHandler                        0x00001121   Thumb Code    20  hardware.o(i.TIMER1_IRQHandler)
    UART0_Init                               0x0000113d   Thumb Code   112  uart.o(i.UART0_Init)
    UART1_Init                               0x000011b9   Thumb Code   148  uart.o(i.UART1_Init)
    UART_Init                                0x00001259   Thumb Code    18  uart.o(i.UART_Init)
    UART_SwitchSpeed                         0x0000126d   Thumb Code   128  uart.o(i.UART_SwitchSpeed)
    VB_MeanderDelay                          0x000012f1   Thumb Code   104  dither.o(i.VB_MeanderDelay)
    VB_PhaseDetectorRate                     0x0000135d   Thumb Code    28  dither.o(i.VB_PhaseDetectorRate)
    VibroDither_Init                         0x00001381   Thumb Code    28  dither.o(i.VibroDither_Init)
    VibroDither_Set                          0x000013a9   Thumb Code    28  dither.o(i.VibroDither_Set)
    VibroReduce                              0x000013cd   Thumb Code   182  math_dsp.o(i.VibroReduce)
    WP_PhaseDetectorRate                     0x00001495   Thumb Code    28  cplc.o(i.WP_PhaseDetectorRate)
    __ARM_fpclassify                         0x000014b9   Thumb Code    40  fpclassify.o(i.__ARM_fpclassify)
    __ieee754_rem_pio2                       0x000014e1   Thumb Code   828  rred.o(i.__ieee754_rem_pio2)
    __kernel_cos                             0x00001869   Thumb Code   230  cos_i.o(i.__kernel_cos)
    __kernel_poly                            0x00001965   Thumb Code   170  poly.o(i.__kernel_poly)
    __kernel_sin                             0x00001a11   Thumb Code   224  sin_i.o(i.__kernel_sin)
    __mathlib_dbl_infnan                     0x00001afd   Thumb Code     6  dunder.o(i.__mathlib_dbl_infnan)
    __mathlib_dbl_invalid                    0x00001b03   Thumb Code    12  dunder.o(i.__mathlib_dbl_invalid)
    __mathlib_dbl_underflow                  0x00001b11   Thumb Code    10  dunder.o(i.__mathlib_dbl_underflow)
    calc_sin_func                            0x00001b21   Thumb Code   112  cplc.o(i.calc_sin_func)
    clc_Dith_regulator                       0x00001ba1   Thumb Code   394  dither.o(i.clc_Dith_regulator)
    clc_HFO                                  0x00001d51   Thumb Code    98  hfo.o(i.clc_HFO)
    clc_OutFreq_regulator                    0x00001dc9   Thumb Code   314  dither.o(i.clc_OutFreq_regulator)
    clc_Pulses                               0x00001f25   Thumb Code   502  sip.o(i.clc_Pulses)
    command_SwitchSpeed                      0x00002145   Thumb Code    38  command.o(i.command_SwitchSpeed)
    command_ans_DELTA_BINS                   0x00002171   Thumb Code    32  command_handlers.o(i.command_ans_DELTA_BINS)
    command_ans_DELTA_PS_EXEC                0x000021a9   Thumb Code    28  command_handlers.o(i.command_ans_DELTA_PS_EXEC)
    command_ans_DELTA_SF                     0x000021d9   Thumb Code    60  command_handlers.o(i.command_ans_DELTA_SF)
    command_ans_DEV_MODE                     0x00002231   Thumb Code    38  command_handlers.o(i.command_ans_DEV_MODE)
    command_ans_M_ADC_R                      0x00002275   Thumb Code    56  command_handlers.o(i.command_ans_M_ADC_R)
    command_ans_M_CNT_R                      0x000022c1   Thumb Code    32  command_handlers.o(i.command_ans_M_CNT_R)
    command_ans_M_CTL_M                      0x000022f5   Thumb Code    88  command_handlers.o(i.command_ans_M_CTL_M)
    command_ans_M_CTL_R                      0x00002365   Thumb Code    40  command_handlers.o(i.command_ans_M_CTL_R)
    command_ans_M_FLG_R                      0x000023a9   Thumb Code    12  command_handlers.o(i.command_ans_M_FLG_R)
    command_ans_M_MIRR                       0x000023bd   Thumb Code    48  command_handlers.o(i.command_ans_M_MIRR)
    command_ans_M_PARAM_R                    0x00002409   Thumb Code    32  command_handlers.o(i.command_ans_M_PARAM_R)
    command_ans_M_RATE1                      0x00002441   Thumb Code   118  command_handlers.o(i.command_ans_M_RATE1)
    command_ans_M_RATE2                      0x000024d1   Thumb Code    32  command_handlers.o(i.command_ans_M_RATE2)
    command_ans_M_RATE3                      0x00002505   Thumb Code    32  command_handlers.o(i.command_ans_M_RATE3)
    command_ans_M_RATE7                      0x00002539   Thumb Code    56  command_handlers.o(i.command_ans_M_RATE7)
    command_ans_common                       0x00002585   Thumb Code    24  command_handlers.o(i.command_ans_common)
    command_ans_device_status                0x000025b1   Thumb Code    48  command_handlers.o(i.command_ans_device_status)
    command_check_lcc                        0x000025fd   Thumb Code    56  command.o(i.command_check_lcc)
    command_cmd_BIT_MODE                     0x00002639   Thumb Code    72  command_handlers.o(i.command_cmd_BIT_MODE)
    command_cmd_DELTA_BINS                   0x00002695   Thumb Code    36  command_handlers.o(i.command_cmd_DELTA_BINS)
    command_cmd_DELTA_PS                     0x000026c5   Thumb Code    42  command_handlers.o(i.command_cmd_DELTA_PS)
    command_cmd_DELTA_PS_EXEC                0x000026f9   Thumb Code    64  command_handlers.o(i.command_cmd_DELTA_PS_EXEC)
    command_cmd_DELTA_SF                     0x00002741   Thumb Code    16  command_handlers.o(i.command_cmd_DELTA_SF)
    command_cmd_DEV_MODE                     0x00002759   Thumb Code    20  command_handlers.o(i.command_cmd_DEV_MODE)
    command_cmd_MAINT                        0x00002779   Thumb Code    54  command_handlers.o(i.command_cmd_MAINT)
    command_decode                           0x000027c1   Thumb Code   322  command.o(i.command_decode)
    command_handle                           0x00002951   Thumb Code   456  command_handlers.o(i.command_handle)
    command_recieve                          0x00002b2d   Thumb Code    14  command.o(i.command_recieve)
    command_recieve_bootloader               0x00002b3d   Thumb Code   246  command.o(i.command_recieve_bootloader)
    command_subcmd_M_CLEAR                   0x00002c69   Thumb Code    20  command_handlers.o(i.command_subcmd_M_CLEAR)
    command_subcmd_M_CNT_R                   0x00002c81   Thumb Code    18  command_handlers.o(i.command_subcmd_M_CNT_R)
    command_subcmd_M_CTL_R                   0x00002c95   Thumb Code    16  command_handlers.o(i.command_subcmd_M_CTL_R)
    command_subcmd_M_GPH_W                   0x00002ca9   Thumb Code    36  command_handlers.o(i.command_subcmd_M_GPH_W)
    command_subcmd_M_LDPAR_D                 0x00002cd9   Thumb Code    24  command_handlers.o(i.command_subcmd_M_LDPAR_D)
    command_subcmd_M_LDPAR_F                 0x00002cf5   Thumb Code    34  command_handlers.o(i.command_subcmd_M_LDPAR_F)
    command_subcmd_M_MIRR                    0x00002d25   Thumb Code    10  command_handlers.o(i.command_subcmd_M_MIRR)
    command_subcmd_M_PARAM_W                 0x00002d35   Thumb Code    26  command_handlers.o(i.command_subcmd_M_PARAM_W)
    command_subcmd_M_PULSE                   0x00002d5d   Thumb Code    24  command_handlers.o(i.command_subcmd_M_PULSE)
    command_subcmd_M_RATE1                   0x00002d79   Thumb Code    48  command_handlers.o(i.command_subcmd_M_RATE1)
    command_subcmd_M_RATE2                   0x00002db5   Thumb Code    42  command_handlers.o(i.command_subcmd_M_RATE2)
    command_subcmd_M_RATE3                   0x00002de5   Thumb Code    36  command_handlers.o(i.command_subcmd_M_RATE3)
    command_subcmd_M_RATE7                   0x00002e0d   Thumb Code    36  command_handlers.o(i.command_subcmd_M_RATE7)
    command_subcmd_M_START                   0x00002e35   Thumb Code    24  command_handlers.o(i.command_subcmd_M_START)
    command_subcmd_M_STIMUL                  0x00002e51   Thumb Code    68  command_handlers.o(i.command_subcmd_M_STIMUL)
    command_subcmd_M_STOP                    0x00002ea1   Thumb Code    18  command_handlers.o(i.command_subcmd_M_STOP)
    command_subcmd_M_VIB_W                   0x00002ebd   Thumb Code    44  command_handlers.o(i.command_subcmd_M_VIB_W)
    command_transm                           0x00002ef9   Thumb Code   168  command.o(i.command_transm)
    command_utility_read_param               0x00002fb9   Thumb Code    54  command.o(i.command_utility_read_param)
    cos                                      0x00002ff9   Thumb Code   148  cos.o(i.cos)
    cplc_calc_modulator                      0x00003095   Thumb Code    86  cplc.o(i.cplc_calc_modulator)
    cplc_init                                0x000030f9   Thumb Code   150  cplc.o(i.cplc_init)
    cplc_regulator                           0x000031b1   Thumb Code   298  cplc.o(i.cplc_regulator)
    dbg_recieve                              0x000032f9   Thumb Code   686  command_handlers.o(i.dbg_recieve)
    dither_init                              0x00003629   Thumb Code    82  dither.o(i.dither_init)
    dither_noise_regulator                   0x00003699   Thumb Code   264  dither.o(i.dither_noise_regulator)
    dsp_MovAverFilt                          0x000037ad   Thumb Code    54  math_dsp.o(i.dsp_MovAverFilt)
    exchange_regul_data_read                 0x000037ed   Thumb Code   128  exchange.o(i.exchange_regul_data_read)
    exchange_regul_data_write                0x0000387d   Thumb Code    96  exchange.o(i.exchange_regul_data_write)
    getFRValues                              0x000038e9   Thumb Code   138  uart.o(i.getFRValues)
    getFractionValues                        0x00003985   Thumb Code   284  uart.o(i.getFractionValues)
    getPclk                                  0x00003abd   Thumb Code    44  uart.o(i.getPclk)
    gld_control                              0x00003af1   Thumb Code    22  gld.o(i.gld_control)
    gld_output                               0x00003b09   Thumb Code    82  gld.o(i.gld_output)
    gld_status                               0x00003b75   Thumb Code    36  gld.o(i.gld_status)
    gld_stop                                 0x00003ba5   Thumb Code    16  gld.o(i.gld_stop)
    handle_pause                             0x00003bb9   Thumb Code    40  ignit.o(i.handle_pause)
    handle_polling                           0x00003be5   Thumb Code    40  ignit.o(i.handle_polling)
    handle_pulse                             0x00003c11   Thumb Code    46  ignit.o(i.handle_pulse)
    hardware_backlight_off                   0x00003c45   Thumb Code    10  hardware.o(i.hardware_backlight_off)
    hardware_backlight_on                    0x00003c55   Thumb Code    10  hardware.o(i.hardware_backlight_on)
    hardware_configure_backlight             0x00003c65   Thumb Code    36  hardware.o(i.hardware_configure_backlight)
    hardware_configure_lightup               0x00003c91   Thumb Code    34  hardware.o(i.hardware_configure_lightup)
    hardware_dac_init                        0x00003cbd   Thumb Code    28  dac.o(i.hardware_dac_init)
    hardware_dac_send                        0x00003ce1   Thumb Code     8  dac.o(i.hardware_dac_send)
    hardware_lightup_off                     0x00003ced   Thumb Code     8  hardware.o(i.hardware_lightup_off)
    hardware_lightup_on                      0x00003cf9   Thumb Code     8  hardware.o(i.hardware_lightup_on)
    hardware_modulator                       0x00003d05   Thumb Code    16  hardware.o(i.hardware_modulator)
    hardware_photo_exchange                  0x00003d15   Thumb Code     4  hardware.o(i.hardware_photo_exchange)
    hardware_photo_init                      0x00003d19   Thumb Code     4  hardware.o(i.hardware_photo_init)
    hardware_photo_set                       0x00003d1d   Thumb Code    12  hardware.o(i.hardware_photo_set)
    hardware_regul_data_init                 0x00003d29   Thumb Code     4  hardware.o(i.hardware_regul_data_init)
    hardware_regul_data_read                 0x00003d2d   Thumb Code     4  hardware.o(i.hardware_regul_data_read)
    hardware_regul_data_write                0x00003d31   Thumb Code    58  hardware.o(i.hardware_regul_data_write)
    hardware_reset_adc                       0x00003d6b   Thumb Code     8  hardware.o(i.hardware_reset_adc)
    hardware_reset_dac                       0x00003d73   Thumb Code     8  hardware.o(i.hardware_reset_dac)
    hardware_set_adc                         0x00003d7b   Thumb Code     8  hardware.o(i.hardware_set_adc)
    hardware_set_dac                         0x00003d83   Thumb Code     8  hardware.o(i.hardware_set_dac)
    i2c_init                                 0x00003d8d   Thumb Code    64  i2c.o(i.i2c_init)
    i2c_send                                 0x00003ddd   Thumb Code   170  i2c.o(i.i2c_send)
    i2c_setData                              0x00003e95   Thumb Code    20  i2c.o(i.i2c_setData)
    ignit_init                               0x00003eb5   Thumb Code    14  ignit.o(i.ignit_init)
    ignit_set_request                        0x00003ec9   Thumb Code     6  ignit.o(i.ignit_set_request)
    ignit_single                             0x00003ed5   Thumb Code    70  ignit.o(i.ignit_single)
    ignit_start                              0x00003f21   Thumb Code    80  ignit.o(i.ignit_start)
    init                                     0x00003f75   Thumb Code   150  main.o(i.init)
    init_BandPass                            0x00004025   Thumb Code   382  math_dsp.o(i.init_BandPass)
    init_VibroReduce                         0x000041bd   Thumb Code   146  math_dsp.o(i.init_VibroReduce)
    interpolation                            0x00004265   Thumb Code    54  sip.o(i.interpolation)
    isIntValue                               0x000042a5   Thumb Code    32  uart.o(i.isIntValue)
    loop                                     0x000042c5   Thumb Code   302  main.o(i.loop)
    ltc16xx_create_input_word_data           0x0000442d   Thumb Code     6  ltc1622.o(i.ltc16xx_create_input_word_data)
    ltc16xx_create_input_word_hdr            0x00004433   Thumb Code     6  ltc1622.o(i.ltc16xx_create_input_word_hdr)
    main                                     0x00004439   Thumb Code    10  main.o(i.main)
    memory_read                              0x00004445   Thumb Code    28  memory.o(i.memory_read)
    memory_write                             0x00004461   Thumb Code   504  memory.o(i.memory_write)
    params_load                              0x000046a9   Thumb Code   106  parameters.o(i.params_load)
    params_load_default                      0x00004739   Thumb Code   252  parameters.o(i.params_load_default)
    params_load_flash                        0x00004849   Thumb Code    12  parameters.o(i.params_load_flash)
    params_save2flash                        0x00004859   Thumb Code    62  parameters.o(i.params_save2flash)
    pwm_init                                 0x000048a1   Thumb Code   116  pwm.o(i.pwm_init)
    pwm_on                                   0x0000492d   Thumb Code    10  pwm.o(i.pwm_on)
    pwm_pulse_calc                           0x0000493d   Thumb Code    34  pwm.o(i.pwm_pulse_calc)
    pwm_set                                  0x00004969   Thumb Code    50  pwm.o(i.pwm_set)
    qei_get_direction                        0x000049a1   Thumb Code    14  qei.o(i.qei_get_direction)
    qei_get_position                         0x000049b5   Thumb Code     6  qei.o(i.qei_get_position)
    sin                                      0x000049c1   Thumb Code   150  sin.o(i.sin)
    spi_init                                 0x00004a61   Thumb Code   158  spi.o(i.spi_init)
    spi_read                                 0x00004b11   Thumb Code    64  spi.o(i.spi_read)
    spi_reset_cs                             0x00004b55   Thumb Code     6  spi.o(i.spi_reset_cs)
    spi_set_cs                               0x00004b61   Thumb Code     6  spi.o(i.spi_set_cs)
    spi_write                                0x00004b6d   Thumb Code    42  spi.o(i.spi_write)
    thermo_DynamicDeltaCalc                  0x00004b9d   Thumb Code    84  thermo.o(i.thermo_DynamicDeltaCalc)
    thermo_DynamicTermoCompens               0x00004bfd   Thumb Code    22  thermo.o(i.thermo_DynamicTermoCompens)
    thermo_MovAver_filter                    0x00004c19   Thumb Code    36  thermo.o(i.thermo_MovAver_filter)
    thermo_MovAver_filter_init               0x00004c45   Thumb Code    84  thermo.o(i.thermo_MovAver_filter_init)
    thermo_StaticTermoCompens                0x00004ca1   Thumb Code    86  thermo.o(i.thermo_StaticTermoCompens)
    thermo_clc_ThermoSensors                 0x00004d01   Thumb Code   652  thermo.o(i.thermo_clc_ThermoSensors)
    thermo_init                              0x00004fad   Thumb Code   248  thermo.o(i.thermo_init)
    u32IAP_CopyRAMToFlash                    0x000050b5   Thumb Code    44  iap.o(i.u32IAP_CopyRAMToFlash)
    u32IAP_EraseSectors                      0x000050e9   Thumb Code    48  iap.o(i.u32IAP_EraseSectors)
    u32IAP_PrepareSectors                    0x00005121   Thumb Code    34  iap.o(i.u32IAP_PrepareSectors)
    uart_disable_transm                      0x00005149   Thumb Code    28  uart.o(i.uart_disable_transm)
    uart_dma_init                            0x00005169   Thumb Code   152  uart.o(i.uart_dma_init)
    uart_enable_transm                       0x00005219   Thumb Code    20  uart.o(i.uart_enable_transm)
    uart_is_ready_transm                     0x00005231   Thumb Code    18  uart.o(i.uart_is_ready_transm)
    uart_recieve_unblocked                   0x00005249   Thumb Code    28  uart.o(i.uart_recieve_unblocked)
    uart_send_unblocked                      0x0000526d   Thumb Code    42  uart.o(i.uart_send_unblocked)
    x_ring_clear                             0x000052a1   Thumb Code     8  ring_buffer.o(i.x_ring_clear)
    x_ring_get_count                         0x000052a9   Thumb Code    22  ring_buffer.o(i.x_ring_get_count)
    x_ring_get_symbol                        0x000052bf   Thumb Code    40  ring_buffer.o(i.x_ring_get_symbol)
    x_ring_init                              0x000052e7   Thumb Code    20  ring_buffer.o(i.x_ring_init)
    x_ring_pop                               0x000052fb   Thumb Code    38  ring_buffer.o(i.x_ring_pop)
    x_ring_put                               0x00005321   Thumb Code    32  ring_buffer.o(i.x_ring_put)
    __aeabi_d2f                              0x00005341   Thumb Code     0  d2f.o(x$fpl$d2f)
    _d2f                                     0x00005341   Thumb Code    98  d2f.o(x$fpl$d2f)
    __aeabi_dadd                             0x000053a5   Thumb Code     0  daddsub_clz.o(x$fpl$dadd)
    _dadd                                    0x000053a5   Thumb Code   332  daddsub_clz.o(x$fpl$dadd)
    __fpl_dcheck_NaN1                        0x000054f5   Thumb Code    10  dcheck1.o(x$fpl$dcheck1)
    __fpl_dcmp_Inf                           0x00005505   Thumb Code    24  dcmpi.o(x$fpl$dcmpinf)
    __aeabi_ddiv                             0x0000551d   Thumb Code     0  ddiv.o(x$fpl$ddiv)
    _ddiv                                    0x0000551d   Thumb Code   552  ddiv.o(x$fpl$ddiv)
    __aeabi_cdcmpeq                          0x000057cd   Thumb Code     0  deqf.o(x$fpl$deqf)
    _dcmpeq                                  0x000057cd   Thumb Code   120  deqf.o(x$fpl$deqf)
    __aeabi_d2iz                             0x00005845   Thumb Code     0  dfix.o(x$fpl$dfix)
    _dfix                                    0x00005845   Thumb Code    94  dfix.o(x$fpl$dfix)
    __aeabi_i2d                              0x000058a3   Thumb Code     0  dflt_clz.o(x$fpl$dflt)
    _dflt                                    0x000058a3   Thumb Code    46  dflt_clz.o(x$fpl$dflt)
    __aeabi_ui2d                             0x000058d1   Thumb Code     0  dflt_clz.o(x$fpl$dfltu)
    _dfltu                                   0x000058d1   Thumb Code    38  dflt_clz.o(x$fpl$dfltu)
    __aeabi_cdcmple                          0x000058f9   Thumb Code     0  dleqf.o(x$fpl$dleqf)
    _dcmple                                  0x000058f9   Thumb Code   120  dleqf.o(x$fpl$dleqf)
    __fpl_dcmple_InfNaN                      0x0000595b   Thumb Code     0  dleqf.o(x$fpl$dleqf)
    __aeabi_dmul                             0x00005971   Thumb Code     0  dmul.o(x$fpl$dmul)
    _dmul                                    0x00005971   Thumb Code   332  dmul.o(x$fpl$dmul)
    __fpl_dnaninf                            0x00005ac5   Thumb Code   156  dnaninf.o(x$fpl$dnaninf)
    __fpl_dretinf                            0x00005b61   Thumb Code    12  dretinf.o(x$fpl$dretinf)
    __aeabi_cdrcmple                         0x00005b6d   Thumb Code     0  drleqf.o(x$fpl$drleqf)
    _drcmple                                 0x00005b6d   Thumb Code   108  drleqf.o(x$fpl$drleqf)
    __aeabi_drsub                            0x00005bd9   Thumb Code     0  daddsub_clz.o(x$fpl$drsb)
    _drsb                                    0x00005bd9   Thumb Code    22  daddsub_clz.o(x$fpl$drsb)
    __aeabi_dsub                             0x00005bf1   Thumb Code     0  daddsub_clz.o(x$fpl$dsub)
    _dsub                                    0x00005bf1   Thumb Code   464  daddsub_clz.o(x$fpl$dsub)
    __aeabi_f2d                              0x00005dc5   Thumb Code     0  f2d.o(x$fpl$f2d)
    _f2d                                     0x00005dc5   Thumb Code    86  f2d.o(x$fpl$f2d)
    __aeabi_fadd                             0x00005e1d   Thumb Code     0  faddsub_clz.o(x$fpl$fadd)
    _fadd                                    0x00005e1d   Thumb Code   196  faddsub_clz.o(x$fpl$fadd)
    __fpl_fcheck_NaN1                        0x00005ee1   Thumb Code     6  fcheck1.o(x$fpl$fcheck1)
    __fpl_fcmp_Inf                           0x00005eed   Thumb Code    24  fcmpi.o(x$fpl$fcmpinf)
    __aeabi_fdiv                             0x00005f05   Thumb Code     0  fdiv.o(x$fpl$fdiv)
    _fdiv                                    0x00005f05   Thumb Code   384  fdiv.o(x$fpl$fdiv)
    __aeabi_f2iz                             0x00006089   Thumb Code     0  ffix.o(x$fpl$ffix)
    _ffix                                    0x00006089   Thumb Code    54  ffix.o(x$fpl$ffix)
    __aeabi_i2f                              0x000060c1   Thumb Code     0  fflt_clz.o(x$fpl$fflt)
    _fflt                                    0x000060c1   Thumb Code    48  fflt_clz.o(x$fpl$fflt)
    __aeabi_ui2f                             0x000060f1   Thumb Code     0  fflt_clz.o(x$fpl$ffltu)
    _ffltu                                   0x000060f1   Thumb Code    38  fflt_clz.o(x$fpl$ffltu)
    __aeabi_cfcmple                          0x00006119   Thumb Code     0  fleqf.o(x$fpl$fleqf)
    _fcmple                                  0x00006119   Thumb Code   104  fleqf.o(x$fpl$fleqf)
    __fpl_fcmple_InfNaN                      0x0000616b   Thumb Code     0  fleqf.o(x$fpl$fleqf)
    __aeabi_fmul                             0x00006181   Thumb Code     0  fmul.o(x$fpl$fmul)
    _fmul                                    0x00006181   Thumb Code   258  fmul.o(x$fpl$fmul)
    __fpl_fnaninf                            0x00006283   Thumb Code   140  fnaninf.o(x$fpl$fnaninf)
    __fpl_fretinf                            0x0000630f   Thumb Code    10  fretinf.o(x$fpl$fretinf)
    __aeabi_cfrcmple                         0x00006319   Thumb Code     0  frleqf.o(x$fpl$frleqf)
    _frcmple                                 0x00006319   Thumb Code    98  frleqf.o(x$fpl$frleqf)
    __aeabi_fsub                             0x0000637d   Thumb Code     0  faddsub_clz.o(x$fpl$fsub)
    _fsub                                    0x0000637d   Thumb Code   234  faddsub_clz.o(x$fpl$fsub)
    __fpl_return_NaN                         0x00006467   Thumb Code   100  retnan.o(x$fpl$retnan)
    __ARM_scalbn                             0x000064cb   Thumb Code    92  scalbn.o(x$fpl$scalbn)
    __ARM_scalbnf                            0x00006527   Thumb Code    76  scalbnf.o(x$fpl$scalbnf)
    __fpl_cmpreturn                          0x00006573   Thumb Code    48  trapv.o(x$fpl$trapveneer)
    __I$use$fp                               0x000065a2   Number         0  usenofp.o(x$fpl$usenofp)
    Region$$Table$$Base                      0x0000672c   Number         0  anon$$obj.o(Region$$Table)
    Region$$Table$$Limit                     0x0000675c   Number         0  anon$$obj.o(Region$$Table)
    num                                      0x1000000c   Data           4  cyclessync.o(.data)
    accum_error                              0x10000014   Data           4  dither.o(.data)
    ph_error                                 0x10000018   Data           4  dither.o(.data)
    RI_diff                                  0x10000048   Data           4  dither.o(.data)
    MaxDelay                                 0x1000004c   Data           4  dither.o(.data)
    VB_tau_Ins                               0x10000050   Data           4  dither.o(.data)
    temp2                                    0x10000054   Data           4  dither.o(.data)
    temp3                                    0x10000058   Data           4  dither.o(.data)
    ExchangeErr                              0x1000005c   Data           4  exchange.o(.data)
    g_ChInd                                  0x10000060   Data           4  exchange.o(.data)
    g_bIsStartRequested                      0x1000006c   Data           1  gld.o(.data)
    g_bIsStopRequested                       0x1000006d   Data           1  gld.o(.data)
    Device_Mode                              0x10000074   Data           4  global.o(.data)
    Is_BIT                                   0x10000078   Data           4  global.o(.data)
    Latch_Rdy                                0x1000007c   Data           4  global.o(.data)
    Ext_Latch_ResetEnable                    0x10000080   Data           4  global.o(.data)
    rx_buf_copy                              0x10000084   Data           4  global.o(.data)
    trm_ena                                  0x10000088   Data           4  global.o(.data)
    line_err                                 0x1000008c   Data           4  global.o(.data)
    CMD_Code                                 0x10000090   Data           4  global.o(.data)
    SRgR                                     0x10000094   Data           4  global.o(.data)
    Valid_Data                               0x10000098   Data           4  global.o(.data)
    BIT_number                               0x1000009c   Data           4  global.o(.data)
    Out_main_cycle_latch                     0x100000a0   Data           4  global.o(.data)
    g_nTermoCompDelta                        0x100000a8   Data           4  thermo.o(.data)
    g_nTermoCompDelta_dNdT                   0x100000ac   Data           4  thermo.o(.data)
    smooth_dT                                0x100000d4   Data           4  thermo.o(.data)
    g_bIsStarted                             0x100000d8   Data           1  ignit.o(.data)
    g_bIsRequested                           0x100000d9   Data           1  ignit.o(.data)
    g_bIsBusy                                0x100000da   Data           1  ignit.o(.data)
    g_nStatusTime                            0x100000e0   Data           4  ignit.o(.data)
    temp22                                   0x100000e8   Data           4  sip.o(.data)
    g_mcs_cnt                                0x10000108   Data           4  hardware.o(.data)
    EnablTx                                  0x1000010c   Data           4  uart.o(.data)
    EnablDMA                                 0x10000110   Data           4  uart.o(.data)
    FRList                                   0x10000114   Data         288  uart.o(.data)
    DIVADDVALList                            0x10000234   Data         288  uart.o(.data)
    MULVALList                               0x10000354   Data         288  uart.o(.data)
    _arm_global_overflow::v                  0x10000474   Data           4  cplc.o(.data__ZZ20_arm_global_overflowE1v)
    g_sin_func                               0x10000478   Data         400  cplc.o(.bss)
    g_gld                                    0x10000608   Data        9808  global.o(.bss)
    rcv_copy                                 0x10002c58   Data         512  global.o(.bss)
    size_param                               0x10002e58   Data          64  global.o(.bss)
    LLI0_TypeDef                             0x10002e98   Data          16  uart.o(.bss)
    LLI1_TypeDef                             0x10002ea8   Data          16  uart.o(.bss)
    _random_number_data                      0x10002eb8   Data         228  rand.o(.bss)
    SystemCoreClock                          0x2007c000   Data           4  system_lpc17xx.o(.data)
    WP_reg32                                 0x2007c044   Data           4  cplc.o(.data)
    MaxDelayPLC                              0x2007c060   Data           4  cplc.o(.data)
    phase_Digital                            0x2007c064   Data           4  cplc.o(.data)
    CMD_Mode                                 0x2007c068   Data           4  global.o(.data)
    stop_Rq                                  0x2007c06c   Data           4  global.o(.data)
    PrevPeriod                               0x2007c070   Data           4  global.o(.data)
    LatchPhase                               0x2007c074   Data           4  global.o(.data)
    data_Rdy                                 0x2007c078   Data           4  global.o(.data)
    rcv_byt_copy                             0x2007c07c   Data           4  global.o(.data)
    num_of_par                               0x2007c080   Data           4  global.o(.data)
    line_sts                                 0x2007c084   Data           4  global.o(.data)
    blt_in_test                              0x2007c088   Data           4  global.o(.data)
    Vibro_2_CountIn                          0x2007c08c   Data           4  global.o(.data)
    ser_num                                  0x2007c090   Data           4  global.o(.data)
    Sys_Clock                                0x2007c094   Data           4  global.o(.data)
    Out_T_latch                              0x2007c098   Data           4  global.o(.data)
    highPls                                  0x2007c0a0   Data           4  math_dsp.o(.data)
    lowPls                                   0x2007c0a4   Data           4  math_dsp.o(.data)
    I2CMasterState                           0x2007c0c0   Data           4  i2c.o(.data)
    rcv_buf                                  0x2007c0cc   Data         512  global.o(.bss)
    trm_buf                                  0x2007c2cc   Data         512  global.o(.bss)
    addr_param                               0x2007c4cc   Data          64  global.o(.bss)
    Output                                   0x2007c510   Data         152  global.o(.bss)
    g_input                                  0x2007c5a8   Data          24  global.o(.bss)
    Device_blk                               0x2007c5c0   Data         684  global.o(.bss)
    buffer_dT                                0x2007c86c   Data          16  thermo.o(.bss)
    BufInMovAverPls                          0x2007c9b8   Data         268  math_dsp.o(.bss)
    BufInMovAverMns                          0x2007cac4   Data         268  math_dsp.o(.bss)
    BufInMovAverPls_2                        0x2007cbd0   Data         268  math_dsp.o(.bss)
    BufInMovAverMns_2                        0x2007ccdc   Data         268  math_dsp.o(.bss)
    hMovAver                                 0x2007cde8   Data         268  math_dsp.o(.bss)
    aPLC                                     0x2007cef4   Data          12  math_dsp.o(.bss)
    bPLC                                     0x2007cf00   Data          12  math_dsp.o(.bss)
    aDUP                                     0x2007cf0c   Data          12  math_dsp.o(.bss)
    bDUP                                     0x2007cf18   Data          12  math_dsp.o(.bss)
    I2CMasterBuffer                          0x2007cf24   Data          24  i2c.o(.bss)
    __libspace_start                         0x2007cf3c   Data          96  libspace.o(.bss)
    __temporary_stack_top$libspace           0x2007cf9c   Data           0  libspace.o(.bss)



==============================================================================

Memory Map of the image

  Image Entry point : 0x000000c5

  Load Region LR_IROM1 (Base: 0x00000000, Size: 0x00006ca0, Max: 0x00027fff, ABSOLUTE, COMPRESSED[0x00006a20])

    Execution Region ER_IROM1 (Base: 0x00000000, Size: 0x0000675c, Max: 0x00027fff, ABSOLUTE)

    Base Addr    Size         Type   Attr      Idx    E Section Name        Object

    0x00000000   0x000000c4   Data   RO            3    RESET               startup_lpc17xx.o
    0x000000c4   0x00000008   Code   RO         2383  * !!!main             c_w.l(__main.o)
    0x000000cc   0x00000034   Code   RO         2705    !!!scatter          c_w.l(__scatter.o)
    0x00000100   0x00000064   Code   RO         2703    !!dclz77c           c_w.l(__dclz77c.o)
    0x00000164   0x0000001a   Code   RO         2707    !!handler_copy      c_w.l(__scatter_copy.o)
    0x0000017e   0x00000002   PAD
    0x00000180   0x0000001c   Code   RO         2709    !!handler_zi        c_w.l(__scatter_zi.o)
    0x0000019c   0x00000000   Code   RO         2367    .ARM.Collect$$_printf_percent$$00000000  c_w.l(_printf_percent.o)
    0x0000019c   0x00000006   Code   RO         2365    .ARM.Collect$$_printf_percent$$00000009  c_w.l(_printf_d.o)
    0x000001a2   0x00000006   Code   RO         2366    .ARM.Collect$$_printf_percent$$0000000A  c_w.l(_printf_u.o)
    0x000001a8   0x00000006   Code   RO         2364    .ARM.Collect$$_printf_percent$$00000014  c_w.l(_printf_s.o)
    0x000001ae   0x00000004   Code   RO         2474    .ARM.Collect$$_printf_percent$$00000017  c_w.l(_printf_percent_end.o)
    0x000001b2   0x00000002   Code   RO         2623    .ARM.Collect$$libinit$$00000000  c_w.l(libinit.o)
    0x000001b4   0x00000000   Code   RO         2478    .ARM.Collect$$libinit$$00000002  c_w.l(libinit2.o)
    0x000001b4   0x00000000   Code   RO         2480    .ARM.Collect$$libinit$$00000004  c_w.l(libinit2.o)
    0x000001b4   0x00000000   Code   RO         2483    .ARM.Collect$$libinit$$0000000A  c_w.l(libinit2.o)
    0x000001b4   0x00000000   Code   RO         2485    .ARM.Collect$$libinit$$0000000C  c_w.l(libinit2.o)
    0x000001b4   0x00000004   Code   RO         2486    .ARM.Collect$$libinit$$0000000D  c_w.l(libinit2.o)
    0x000001b8   0x00000000   Code   RO         2487    .ARM.Collect$$libinit$$0000000E  c_w.l(libinit2.o)
    0x000001b8   0x00000000   Code   RO         2490    .ARM.Collect$$libinit$$00000011  c_w.l(libinit2.o)
    0x000001b8   0x00000000   Code   RO         2492    .ARM.Collect$$libinit$$00000013  c_w.l(libinit2.o)
    0x000001b8   0x00000000   Code   RO         2494    .ARM.Collect$$libinit$$00000015  c_w.l(libinit2.o)
    0x000001b8   0x00000000   Code   RO         2496    .ARM.Collect$$libinit$$00000017  c_w.l(libinit2.o)
    0x000001b8   0x00000000   Code   RO         2498    .ARM.Collect$$libinit$$00000019  c_w.l(libinit2.o)
    0x000001b8   0x00000000   Code   RO         2500    .ARM.Collect$$libinit$$0000001B  c_w.l(libinit2.o)
    0x000001b8   0x00000000   Code   RO         2502    .ARM.Collect$$libinit$$0000001D  c_w.l(libinit2.o)
    0x000001b8   0x00000000   Code   RO         2504    .ARM.Collect$$libinit$$0000001F  c_w.l(libinit2.o)
    0x000001b8   0x00000000   Code   RO         2506    .ARM.Collect$$libinit$$00000021  c_w.l(libinit2.o)
    0x000001b8   0x00000000   Code   RO         2508    .ARM.Collect$$libinit$$00000023  c_w.l(libinit2.o)
    0x000001b8   0x00000000   Code   RO         2510    .ARM.Collect$$libinit$$00000025  c_w.l(libinit2.o)
    0x000001b8   0x00000000   Code   RO         2514    .ARM.Collect$$libinit$$0000002C  c_w.l(libinit2.o)
    0x000001b8   0x00000000   Code   RO         2516    .ARM.Collect$$libinit$$0000002E  c_w.l(libinit2.o)
    0x000001b8   0x00000000   Code   RO         2518    .ARM.Collect$$libinit$$00000030  c_w.l(libinit2.o)
    0x000001b8   0x00000000   Code   RO         2520    .ARM.Collect$$libinit$$00000032  c_w.l(libinit2.o)
    0x000001b8   0x00000002   Code   RO         2521    .ARM.Collect$$libinit$$00000033  c_w.l(libinit2.o)
    0x000001ba   0x00000002   Code   RO         2666    .ARM.Collect$$libshutdown$$00000000  c_w.l(libshutdown.o)
    0x000001bc   0x00000000   Code   RO         2672    .ARM.Collect$$libshutdown$$00000002  c_w.l(libshutdown2.o)
    0x000001bc   0x00000000   Code   RO         2674    .ARM.Collect$$libshutdown$$00000004  c_w.l(libshutdown2.o)
    0x000001bc   0x00000000   Code   RO         2677    .ARM.Collect$$libshutdown$$00000007  c_w.l(libshutdown2.o)
    0x000001bc   0x00000000   Code   RO         2680    .ARM.Collect$$libshutdown$$0000000A  c_w.l(libshutdown2.o)
    0x000001bc   0x00000000   Code   RO         2682    .ARM.Collect$$libshutdown$$0000000C  c_w.l(libshutdown2.o)
    0x000001bc   0x00000000   Code   RO         2685    .ARM.Collect$$libshutdown$$0000000F  c_w.l(libshutdown2.o)
    0x000001bc   0x00000002   Code   RO         2686    .ARM.Collect$$libshutdown$$00000010  c_w.l(libshutdown2.o)
    0x000001be   0x00000000   Code   RO         2461    .ARM.Collect$$rtentry$$00000000  c_w.l(__rtentry.o)
    0x000001be   0x00000000   Code   RO         2568    .ARM.Collect$$rtentry$$00000002  c_w.l(__rtentry2.o)
    0x000001be   0x00000006   Code   RO         2580    .ARM.Collect$$rtentry$$00000004  c_w.l(__rtentry4.o)
    0x000001c4   0x00000000   Code   RO         2570    .ARM.Collect$$rtentry$$00000009  c_w.l(__rtentry2.o)
    0x000001c4   0x00000004   Code   RO         2571    .ARM.Collect$$rtentry$$0000000A  c_w.l(__rtentry2.o)
    0x000001c8   0x00000000   Code   RO         2573    .ARM.Collect$$rtentry$$0000000C  c_w.l(__rtentry2.o)
    0x000001c8   0x00000008   Code   RO         2574    .ARM.Collect$$rtentry$$0000000D  c_w.l(__rtentry2.o)
    0x000001d0   0x00000002   Code   RO         2628    .ARM.Collect$$rtexit$$00000000  c_w.l(rtexit.o)
    0x000001d2   0x00000000   Code   RO         2644    .ARM.Collect$$rtexit$$00000002  c_w.l(rtexit2.o)
    0x000001d2   0x00000004   Code   RO         2645    .ARM.Collect$$rtexit$$00000003  c_w.l(rtexit2.o)
    0x000001d6   0x00000006   Code   RO         2646    .ARM.Collect$$rtexit$$00000004  c_w.l(rtexit2.o)
    0x000001dc   0x00000034   Code   RO         2368    .emb_text           c_w.l(rand.o)
    0x00000210   0x0000003c   Code   RO            4    .text               startup_lpc17xx.o
    0x0000024c   0x00000048   Code   RO         2332    .text               c_w.l(llsdiv.o)
    0x00000294   0x00000028   Code   RO         2336    .text               c_w.l(noretval__2sprintf.o)
    0x000002bc   0x00000068   Code   RO         2338    .text               c_w.l(__printf.o)
    0x00000324   0x00000052   Code   RO         2340    .text               c_w.l(_printf_str.o)
    0x00000376   0x00000002   PAD
    0x00000378   0x00000078   Code   RO         2342    .text               c_w.l(_printf_dec.o)
    0x000003f0   0x0000003c   Code   RO         2369    .text               c_w.l(rand.o)
    0x0000042c   0x0000003e   Code   RO         2373    .text               c_w.l(strlen.o)
    0x0000046a   0x00000064   Code   RO         2375    .text               c_w.l(rt_memcpy_w.o)
    0x000004ce   0x00000010   Code   RO         2377    .text               c_w.l(aeabi_memset.o)
    0x000004de   0x0000004e   Code   RO         2379    .text               c_w.l(rt_memclr_w.o)
    0x0000052c   0x00000006   Code   RO         2381    .text               c_w.l(heapauxi.o)
    0x00000532   0x000000ee   Code   RO         2462    .text               c_w.l(lludivv7m.o)
    0x00000620   0x00000016   Code   RO         2464    .text               c_w.l(_rserrno.o)
    0x00000636   0x000000b2   Code   RO         2466    .text               c_w.l(_printf_intcommon.o)
    0x000006e8   0x00000030   Code   RO         2468    .text               c_w.l(_printf_char_common.o)
    0x00000718   0x0000000a   Code   RO         2470    .text               c_w.l(_sputc.o)
    0x00000722   0x0000002c   Code   RO         2472    .text               c_w.l(_printf_char.o)
    0x0000074e   0x00000044   Code   RO         2475    .text               c_w.l(rt_memclr.o)
    0x00000792   0x00000002   PAD
    0x00000794   0x00000008   Code   RO         2589    .text               c_w.l(rt_errno_addr_intlibspace.o)
    0x0000079c   0x00000008   Code   RO         2605    .text               c_w.l(libspace.o)
    0x000007a4   0x0000004a   Code   RO         2608    .text               c_w.l(sys_stackheap_outer.o)
    0x000007ee   0x00000012   Code   RO         2612    .text               c_w.l(exit.o)
    0x00000800   0x00000002   Code   RO         2640    .text               c_w.l(use_no_semi.o)
    0x00000802   0x00000000   Code   RO         2642    .text               c_w.l(indicate_semi.o)
    0x00000802   0x00000002   PAD
    0x00000804   0x0000000c   Code   RO         2658    .text               c_w.l(sys_exit.o)
    0x00000810   0x00000050   Code   RO           66    i.CounterIquiryCycle_Init  cyclessync.o
    0x00000860   0x00000030   Code   RO         2022    i.DMA_Init          uart.o
    0x00000890   0x00000074   Code   RO         1566    i.DUP_Filt          math_dsp.o
    0x00000904   0x00000048   Code   RO           67    i.EINT3_IRQHandler  cyclessync.o
    0x0000094c   0x000000a8   Code   RO           68    i.ExtLatch_Init     cyclessync.o
    0x000009f4   0x0000002c   Code   RO           69    i.IntLatch_IRQHandler  cyclessync.o
    0x00000a20   0x0000003c   Code   RO           70    i.IntLatch_Init     cyclessync.o
    0x00000a5c   0x0000005c   Code   RO           71    i.Latch_Event       cyclessync.o
    0x00000ab8   0x00000028   Code   RO           72    i.MCPWM_IRQHandler  cyclessync.o
    0x00000ae0   0x00000016   Code   RO           73    i.NVIC_DisableIRQ   cyclessync.o
    0x00000af6   0x00000016   Code   RO          330    i.NVIC_DisableIRQ   parameters.o
    0x00000b0c   0x00000016   Code   RO           74    i.NVIC_EnableIRQ    cyclessync.o
    0x00000b22   0x00000002   PAD
    0x00000b24   0x0000004c   Code   RO          976    i.PLC_MeanderDelay  cplc.o
    0x00000b70   0x000000ac   Code   RO         1567    i.PLC_PhaseDetFilt  math_dsp.o
    0x00000c1c   0x00000064   Code   RO           75    i.QEI_IRQHandler    cyclessync.o
    0x00000c80   0x0000000e   Code   RO         1513    i.ResetBitsOfWord   sip.o
    0x00000c8e   0x00000002   PAD
    0x00000c90   0x00000084   Code   RO         2226    i.SOI_Init          qei.o
    0x00000d14   0x00000070   Code   RO           76    i.ServiceTime       cyclessync.o
    0x00000d84   0x00000018   Code   RO           77    i.SetIntLatch       cyclessync.o
    0x00000d9c   0x000001c8   Code   RO           78    i.SwitchMode        cyclessync.o
    0x00000f64   0x00000024   Code   RO           79    i.SwitchRefMeandInt  cyclessync.o
    0x00000f88   0x000000d4   Code   RO           25    i.SystemCoreClockUpdate  system_lpc17xx.o
    0x0000105c   0x000000c4   Code   RO           26    i.SystemInit        system_lpc17xx.o
    0x00001120   0x0000001c   Code   RO         1732    i.TIMER1_IRQHandler  hardware.o
    0x0000113c   0x0000007c   Code   RO         2023    i.UART0_Init        uart.o
    0x000011b8   0x000000a0   Code   RO         2026    i.UART1_Init        uart.o
    0x00001258   0x00000012   Code   RO         2033    i.UART_Init         uart.o
    0x0000126a   0x00000002   PAD
    0x0000126c   0x00000084   Code   RO         2036    i.UART_SwitchSpeed  uart.o
    0x000012f0   0x0000006c   Code   RO         1046    i.VB_MeanderDelay   dither.o
    0x0000135c   0x00000024   Code   RO         1047    i.VB_PhaseDetectorRate  dither.o
    0x00001380   0x00000028   Code   RO         1048    i.VibroDither_Init  dither.o
    0x000013a8   0x00000024   Code   RO         1049    i.VibroDither_Set   dither.o
    0x000013cc   0x000000c8   Code   RO         1568    i.VibroReduce       math_dsp.o
    0x00001494   0x00000024   Code   RO          977    i.WP_PhaseDetectorRate  cplc.o
    0x000014b8   0x00000028   Code   RO         2601    i.__ARM_fpclassify  m_ws.l(fpclassify.o)
    0x000014e0   0x00000388   Code   RO         2556    i.__ieee754_rem_pio2  m_ws.l(rred.o)
    0x00001868   0x000000fc   Code   RO         2539    i.__kernel_cos      m_ws.l(cos_i.o)
    0x00001964   0x000000aa   Code   RO         2603    i.__kernel_poly     m_ws.l(poly.o)
    0x00001a0e   0x00000002   PAD
    0x00001a10   0x000000ec   Code   RO         2561    i.__kernel_sin      m_ws.l(sin_i.o)
    0x00001afc   0x00000006   Code   RO         2543    i.__mathlib_dbl_infnan  m_ws.l(dunder.o)
    0x00001b02   0x0000000c   Code   RO         2545    i.__mathlib_dbl_invalid  m_ws.l(dunder.o)
    0x00001b0e   0x00000002   PAD
    0x00001b10   0x00000010   Code   RO         2548    i.__mathlib_dbl_underflow  m_ws.l(dunder.o)
    0x00001b20   0x00000080   Code   RO          978    i.calc_sin_func     cplc.o
    0x00001ba0   0x000001b0   Code   RO         1052    i.clc_Dith_regulator  dither.o
    0x00001d50   0x00000078   Code   RO         1321    i.clc_HFO           hfo.o
    0x00001dc8   0x0000015c   Code   RO         1053    i.clc_OutFreq_regulator  dither.o
    0x00001f24   0x00000220   Code   RO         1514    i.clc_Pulses        sip.o
    0x00002144   0x0000002c   Code   RO          436    i.command_SwitchSpeed  command.o
    0x00002170   0x00000038   Code   RO          512    i.command_ans_DELTA_BINS  command_handlers.o
    0x000021a8   0x00000030   Code   RO          514    i.command_ans_DELTA_PS_EXEC  command_handlers.o
    0x000021d8   0x00000058   Code   RO          515    i.command_ans_DELTA_SF  command_handlers.o
    0x00002230   0x00000044   Code   RO          516    i.command_ans_DEV_MODE  command_handlers.o
    0x00002274   0x0000004c   Code   RO          519    i.command_ans_M_ADC_R  command_handlers.o
    0x000022c0   0x00000034   Code   RO          521    i.command_ans_M_CNT_R  command_handlers.o
    0x000022f4   0x00000070   Code   RO          522    i.command_ans_M_CTL_M  command_handlers.o
    0x00002364   0x00000044   Code   RO          523    i.command_ans_M_CTL_R  command_handlers.o
    0x000023a8   0x00000014   Code   RO          526    i.command_ans_M_FLG_R  command_handlers.o
    0x000023bc   0x0000004c   Code   RO          530    i.command_ans_M_MIRR  command_handlers.o
    0x00002408   0x00000038   Code   RO          531    i.command_ans_M_PARAM_R  command_handlers.o
    0x00002440   0x00000090   Code   RO          534    i.command_ans_M_RATE1  command_handlers.o
    0x000024d0   0x00000034   Code   RO          535    i.command_ans_M_RATE2  command_handlers.o
    0x00002504   0x00000034   Code   RO          536    i.command_ans_M_RATE3  command_handlers.o
    0x00002538   0x0000004c   Code   RO          539    i.command_ans_M_RATE7  command_handlers.o
    0x00002584   0x0000002c   Code   RO          548    i.command_ans_common  command_handlers.o
    0x000025b0   0x0000004c   Code   RO          549    i.command_ans_device_status  command_handlers.o
    0x000025fc   0x0000003c   Code   RO          437    i.command_check_lcc  command.o
    0x00002638   0x0000005c   Code   RO          550    i.command_cmd_BIT_MODE  command_handlers.o
    0x00002694   0x00000030   Code   RO          552    i.command_cmd_DELTA_BINS  command_handlers.o
    0x000026c4   0x00000034   Code   RO          553    i.command_cmd_DELTA_PS  command_handlers.o
    0x000026f8   0x00000048   Code   RO          554    i.command_cmd_DELTA_PS_EXEC  command_handlers.o
    0x00002740   0x00000018   Code   RO          555    i.command_cmd_DELTA_SF  command_handlers.o
    0x00002758   0x00000020   Code   RO          556    i.command_cmd_DEV_MODE  command_handlers.o
    0x00002778   0x00000048   Code   RO          558    i.command_cmd_MAINT  command_handlers.o
    0x000027c0   0x00000190   Code   RO          438    i.command_decode    command.o
    0x00002950   0x000001dc   Code   RO          560    i.command_handle    command_handlers.o
    0x00002b2c   0x0000000e   Code   RO          439    i.command_recieve   command.o
    0x00002b3a   0x00000002   PAD
    0x00002b3c   0x0000012c   Code   RO          440    i.command_recieve_bootloader  command.o
    0x00002c68   0x00000018   Code   RO          562    i.command_subcmd_M_CLEAR  command_handlers.o
    0x00002c80   0x00000012   Code   RO          563    i.command_subcmd_M_CNT_R  command_handlers.o
    0x00002c92   0x00000002   PAD
    0x00002c94   0x00000014   Code   RO          565    i.command_subcmd_M_CTL_R  command_handlers.o
    0x00002ca8   0x00000030   Code   RO          569    i.command_subcmd_M_GPH_W  command_handlers.o
    0x00002cd8   0x0000001c   Code   RO          570    i.command_subcmd_M_LDPAR_D  command_handlers.o
    0x00002cf4   0x00000030   Code   RO          571    i.command_subcmd_M_LDPAR_F  command_handlers.o
    0x00002d24   0x00000010   Code   RO          572    i.command_subcmd_M_MIRR  command_handlers.o
    0x00002d34   0x00000028   Code   RO          574    i.command_subcmd_M_PARAM_W  command_handlers.o
    0x00002d5c   0x0000001c   Code   RO          575    i.command_subcmd_M_PULSE  command_handlers.o
    0x00002d78   0x0000003c   Code   RO          576    i.command_subcmd_M_RATE1  command_handlers.o
    0x00002db4   0x00000030   Code   RO          577    i.command_subcmd_M_RATE2  command_handlers.o
    0x00002de4   0x00000028   Code   RO          578    i.command_subcmd_M_RATE3  command_handlers.o
    0x00002e0c   0x00000028   Code   RO          580    i.command_subcmd_M_RATE7  command_handlers.o
    0x00002e34   0x0000001c   Code   RO          582    i.command_subcmd_M_START  command_handlers.o
    0x00002e50   0x00000050   Code   RO          583    i.command_subcmd_M_STIMUL  command_handlers.o
    0x00002ea0   0x0000001c   Code   RO          584    i.command_subcmd_M_STOP  command_handlers.o
    0x00002ebc   0x0000003c   Code   RO          587    i.command_subcmd_M_VIB_W  command_handlers.o
    0x00002ef8   0x000000c0   Code   RO          443    i.command_transm    command.o
    0x00002fb8   0x00000040   Code   RO          444    i.command_utility_read_param  command.o
    0x00002ff8   0x0000009c   Code   RO         2446    i.cos               m_ws.l(cos.o)
    0x00003094   0x00000064   Code   RO          979    i.cplc_calc_modulator  cplc.o
    0x000030f8   0x000000b8   Code   RO          980    i.cplc_init         cplc.o
    0x000031b0   0x00000148   Code   RO          981    i.cplc_regulator    cplc.o
    0x000032f8   0x00000330   Code   RO          588    i.dbg_recieve       command_handlers.o
    0x00003628   0x00000070   Code   RO         1054    i.dither_init       dither.o
    0x00003698   0x00000114   Code   RO         1055    i.dither_noise_regulator  dither.o
    0x000037ac   0x00000040   Code   RO         1569    i.dsp_MovAverFilt   math_dsp.o
    0x000037ec   0x00000090   Code   RO         1150    i.exchange_regul_data_read  exchange.o
    0x0000387c   0x0000006c   Code   RO         1151    i.exchange_regul_data_write  exchange.o
    0x000038e8   0x0000009c   Code   RO         2037    i.getFRValues       uart.o
    0x00003984   0x00000138   Code   RO         2038    i.getFractionValues  uart.o
    0x00003abc   0x00000034   Code   RO         2039    i.getPclk           uart.o
    0x00003af0   0x00000016   Code   RO         1188    i.gld_control       gld.o
    0x00003b06   0x00000002   PAD
    0x00003b08   0x0000006c   Code   RO         1190    i.gld_output        gld.o
    0x00003b74   0x00000030   Code   RO         1193    i.gld_status        gld.o
    0x00003ba4   0x00000014   Code   RO         1194    i.gld_stop          gld.o
    0x00003bb8   0x0000002c   Code   RO         1430    i.handle_pause      ignit.o
    0x00003be4   0x0000002c   Code   RO         1431    i.handle_polling    ignit.o
    0x00003c10   0x00000034   Code   RO         1432    i.handle_pulse      ignit.o
    0x00003c44   0x00000010   Code   RO         1735    i.hardware_backlight_off  hardware.o
    0x00003c54   0x00000010   Code   RO         1736    i.hardware_backlight_on  hardware.o
    0x00003c64   0x0000002c   Code   RO         1737    i.hardware_configure_backlight  hardware.o
    0x00003c90   0x0000002c   Code   RO         1738    i.hardware_configure_lightup  hardware.o
    0x00003cbc   0x00000024   Code   RO         2254    i.hardware_dac_init  dac.o
    0x00003ce0   0x0000000c   Code   RO         2255    i.hardware_dac_send  dac.o
    0x00003cec   0x0000000c   Code   RO         1746    i.hardware_lightup_off  hardware.o
    0x00003cf8   0x0000000c   Code   RO         1747    i.hardware_lightup_on  hardware.o
    0x00003d04   0x00000010   Code   RO         1748    i.hardware_modulator  hardware.o
    0x00003d14   0x00000004   Code   RO         1749    i.hardware_photo_exchange  hardware.o
    0x00003d18   0x00000004   Code   RO         1750    i.hardware_photo_init  hardware.o
    0x00003d1c   0x0000000c   Code   RO         1751    i.hardware_photo_set  hardware.o
    0x00003d28   0x00000004   Code   RO         1752    i.hardware_regul_data_init  hardware.o
    0x00003d2c   0x00000004   Code   RO         1753    i.hardware_regul_data_read  hardware.o
    0x00003d30   0x0000003a   Code   RO         1754    i.hardware_regul_data_write  hardware.o
    0x00003d6a   0x00000008   Code   RO         1755    i.hardware_reset_adc  hardware.o
    0x00003d72   0x00000008   Code   RO         1756    i.hardware_reset_dac  hardware.o
    0x00003d7a   0x00000008   Code   RO         1757    i.hardware_set_adc  hardware.o
    0x00003d82   0x00000008   Code   RO         1758    i.hardware_set_dac  hardware.o
    0x00003d8a   0x00000002   PAD
    0x00003d8c   0x00000050   Code   RO         2299    i.i2c_init          i2c.o
    0x00003ddc   0x000000b8   Code   RO         2300    i.i2c_send          i2c.o
    0x00003e94   0x00000020   Code   RO         2301    i.i2c_setData       i2c.o
    0x00003eb4   0x00000014   Code   RO         1433    i.ignit_init        ignit.o
    0x00003ec8   0x0000000c   Code   RO         1438    i.ignit_set_request  ignit.o
    0x00003ed4   0x0000004c   Code   RO         1440    i.ignit_single      ignit.o
    0x00003f20   0x00000054   Code   RO         1441    i.ignit_start       ignit.o
    0x00003f74   0x000000b0   Code   RO          278    i.init              main.o
    0x00004024   0x00000198   Code   RO         1570    i.init_BandPass     math_dsp.o
    0x000041bc   0x000000a8   Code   RO         1571    i.init_VibroReduce  math_dsp.o
    0x00004264   0x00000040   Code   RO         1515    i.interpolation     sip.o
    0x000042a4   0x00000020   Code   RO         2040    i.isIntValue        uart.o
    0x000042c4   0x00000168   Code   RO          279    i.loop              main.o
    0x0000442c   0x00000006   Code   RO         2276    i.ltc16xx_create_input_word_data  ltc1622.o
    0x00004432   0x00000006   Code   RO         2277    i.ltc16xx_create_input_word_hdr  ltc1622.o
    0x00004438   0x0000000a   Code   RO          281    i.main              main.o
    0x00004442   0x00000002   PAD
    0x00004444   0x0000001c   Code   RO         1624    i.memory_read       memory.o
    0x00004460   0x00000248   Code   RO         1625    i.memory_write      memory.o
    0x000046a8   0x00000090   Code   RO          332    i.params_load       parameters.o
    0x00004738   0x00000110   Code   RO          333    i.params_load_default  parameters.o
    0x00004848   0x00000010   Code   RO          334    i.params_load_flash  parameters.o
    0x00004858   0x00000048   Code   RO          335    i.params_save2flash  parameters.o
    0x000048a0   0x0000008c   Code   RO         1929    i.pwm_init          pwm.o
    0x0000492c   0x00000010   Code   RO         1932    i.pwm_on            pwm.o
    0x0000493c   0x0000002c   Code   RO         1933    i.pwm_pulse_calc    pwm.o
    0x00004968   0x00000038   Code   RO         1934    i.pwm_set           pwm.o
    0x000049a0   0x00000014   Code   RO         2227    i.qei_get_direction  qei.o
    0x000049b4   0x0000000c   Code   RO         2228    i.qei_get_position  qei.o
    0x000049c0   0x000000a0   Code   RO         2454    i.sin               m_ws.l(sin.o)
    0x00004a60   0x000000b0   Code   RO         1982    i.spi_init          spi.o
    0x00004b10   0x00000044   Code   RO         1983    i.spi_read          spi.o
    0x00004b54   0x0000000c   Code   RO         1984    i.spi_reset_cs      spi.o
    0x00004b60   0x0000000c   Code   RO         1985    i.spi_set_cs        spi.o
    0x00004b6c   0x00000030   Code   RO         1986    i.spi_write         spi.o
    0x00004b9c   0x00000060   Code   RO         1350    i.thermo_DynamicDeltaCalc  thermo.o
    0x00004bfc   0x0000001c   Code   RO         1351    i.thermo_DynamicTermoCompens  thermo.o
    0x00004c18   0x0000002c   Code   RO         1353    i.thermo_MovAver_filter  thermo.o
    0x00004c44   0x0000005c   Code   RO         1354    i.thermo_MovAver_filter_init  thermo.o
    0x00004ca0   0x00000060   Code   RO         1355    i.thermo_StaticTermoCompens  thermo.o
    0x00004d00   0x000002ac   Code   RO         1356    i.thermo_clc_ThermoSensors  thermo.o
    0x00004fac   0x00000108   Code   RO         1357    i.thermo_init       thermo.o
    0x000050b4   0x00000034   Code   RO         1662    i.u32IAP_CopyRAMToFlash  iap.o
    0x000050e8   0x00000038   Code   RO         1663    i.u32IAP_EraseSectors  iap.o
    0x00005120   0x00000028   Code   RO         1664    i.u32IAP_PrepareSectors  iap.o
    0x00005148   0x00000020   Code   RO         2041    i.uart_disable_transm  uart.o
    0x00005168   0x000000b0   Code   RO         2042    i.uart_dma_init     uart.o
    0x00005218   0x00000018   Code   RO         2043    i.uart_enable_transm  uart.o
    0x00005230   0x00000018   Code   RO         2044    i.uart_is_ready_transm  uart.o
    0x00005248   0x00000024   Code   RO         2049    i.uart_recieve_unblocked  uart.o
    0x0000526c   0x00000034   Code   RO         2052    i.uart_send_unblocked  uart.o
    0x000052a0   0x00000008   Code   RO          388    i.x_ring_clear      ring_buffer.o
    0x000052a8   0x00000016   Code   RO          389    i.x_ring_get_count  ring_buffer.o
    0x000052be   0x00000028   Code   RO          390    i.x_ring_get_symbol  ring_buffer.o
    0x000052e6   0x00000014   Code   RO          391    i.x_ring_init       ring_buffer.o
    0x000052fa   0x00000026   Code   RO          392    i.x_ring_pop        ring_buffer.o
    0x00005320   0x00000020   Code   RO          393    i.x_ring_put        ring_buffer.o
    0x00005340   0x00000062   Code   RO         2385    x$fpl$d2f           fz_ws.l(d2f.o)
    0x000053a2   0x00000002   PAD
    0x000053a4   0x00000150   Code   RO         2387    x$fpl$dadd          fz_ws.l(daddsub_clz.o)
    0x000054f4   0x00000010   Code   RO         2522    x$fpl$dcheck1       fz_ws.l(dcheck1.o)
    0x00005504   0x00000018   Code   RO         2524    x$fpl$dcmpinf       fz_ws.l(dcmpi.o)
    0x0000551c   0x000002b0   Code   RO         2394    x$fpl$ddiv          fz_ws.l(ddiv.o)
    0x000057cc   0x00000078   Code   RO         2397    x$fpl$deqf          fz_ws.l(deqf.o)
    0x00005844   0x0000005e   Code   RO         2399    x$fpl$dfix          fz_ws.l(dfix.o)
    0x000058a2   0x0000002e   Code   RO         2404    x$fpl$dflt          fz_ws.l(dflt_clz.o)
    0x000058d0   0x00000026   Code   RO         2403    x$fpl$dfltu         fz_ws.l(dflt_clz.o)
    0x000058f6   0x00000002   PAD
    0x000058f8   0x00000078   Code   RO         2409    x$fpl$dleqf         fz_ws.l(dleqf.o)
    0x00005970   0x00000154   Code   RO         2411    x$fpl$dmul          fz_ws.l(dmul.o)
    0x00005ac4   0x0000009c   Code   RO         2526    x$fpl$dnaninf       fz_ws.l(dnaninf.o)
    0x00005b60   0x0000000c   Code   RO         2528    x$fpl$dretinf       fz_ws.l(dretinf.o)
    0x00005b6c   0x0000006c   Code   RO         2413    x$fpl$drleqf        fz_ws.l(drleqf.o)
    0x00005bd8   0x00000016   Code   RO         2388    x$fpl$drsb          fz_ws.l(daddsub_clz.o)
    0x00005bee   0x00000002   PAD
    0x00005bf0   0x000001d4   Code   RO         2389    x$fpl$dsub          fz_ws.l(daddsub_clz.o)
    0x00005dc4   0x00000056   Code   RO         2415    x$fpl$f2d           fz_ws.l(f2d.o)
    0x00005e1a   0x00000002   PAD
    0x00005e1c   0x000000c4   Code   RO         2417    x$fpl$fadd          fz_ws.l(faddsub_clz.o)
    0x00005ee0   0x0000000c   Code   RO         2530    x$fpl$fcheck1       fz_ws.l(fcheck1.o)
    0x00005eec   0x00000018   Code   RO         2595    x$fpl$fcmpinf       fz_ws.l(fcmpi.o)
    0x00005f04   0x00000184   Code   RO         2424    x$fpl$fdiv          fz_ws.l(fdiv.o)
    0x00006088   0x00000036   Code   RO         2427    x$fpl$ffix          fz_ws.l(ffix.o)
    0x000060be   0x00000002   PAD
    0x000060c0   0x00000030   Code   RO         2432    x$fpl$fflt          fz_ws.l(fflt_clz.o)
    0x000060f0   0x00000026   Code   RO         2431    x$fpl$ffltu         fz_ws.l(fflt_clz.o)
    0x00006116   0x00000002   PAD
    0x00006118   0x00000068   Code   RO         2532    x$fpl$fleqf         fz_ws.l(fleqf.o)
    0x00006180   0x00000102   Code   RO         2437    x$fpl$fmul          fz_ws.l(fmul.o)
    0x00006282   0x0000008c   Code   RO         2534    x$fpl$fnaninf       fz_ws.l(fnaninf.o)
    0x0000630e   0x0000000a   Code   RO         2536    x$fpl$fretinf       fz_ws.l(fretinf.o)
    0x00006318   0x00000062   Code   RO         2439    x$fpl$frleqf        fz_ws.l(frleqf.o)
    0x0000637a   0x00000002   PAD
    0x0000637c   0x000000ea   Code   RO         2419    x$fpl$fsub          fz_ws.l(faddsub_clz.o)
    0x00006466   0x00000064   Code   RO         2599    x$fpl$retnan        fz_ws.l(retnan.o)
    0x000064ca   0x0000005c   Code   RO         2441    x$fpl$scalbn        fz_ws.l(scalbn.o)
    0x00006526   0x0000004c   Code   RO         2443    x$fpl$scalbnf       fz_ws.l(scalbnf.o)
    0x00006572   0x00000030   Code   RO         2624    x$fpl$trapveneer    fz_ws.l(trapv.o)
    0x000065a2   0x00000000   Code   RO         2538    x$fpl$usenofp       fz_ws.l(usenofp.o)
    0x000065a2   0x00000006   PAD
    0x000065a8   0x00000030   Data   RO         2540    .constdata          m_ws.l(cos_i.o)
    0x000065d8   0x000000c8   Data   RO         2558    .constdata          m_ws.l(rred.o)
    0x000066a0   0x00000028   Data   RO         2562    .constdata          m_ws.l(sin_i.o)
    0x000066c8   0x00000063   Data   RO          589    .conststring        command_handlers.o
    0x0000672b   0x00000001   PAD
    0x0000672c   0x00000030   Data   RO         2701    Region$$Table       anon$$obj.o


    Execution Region RW_IRAM1 (Base: 0x10000000, Size: 0x00002f9c, Max: 0x00008000, ABSOLUTE, UNINIT, COMPRESSED[0x000001f8])

    Base Addr    Size         Type   Attr      Idx    E Section Name        Object

    0x10000000   0x00000010   Data   RW           83    .data               cyclessync.o
    0x10000010   0x00000004   Data   RW          282    .data               main.o
    0x10000014   0x00000048   Data   RW         1056    .data               dither.o
    0x1000005c   0x00000010   Data   RW         1152    .data               exchange.o
    0x1000006c   0x00000008   Data   RW         1197    .data               gld.o
    0x10000074   0x00000004   Data   RW         1269    .data               global.o
    0x10000078   0x00000004   Data   RW         1272    .data               global.o
    0x1000007c   0x00000004   Data   RW         1274    .data               global.o
    0x10000080   0x00000004   Data   RW         1276    .data               global.o
    0x10000084   0x00000004   Data   RW         1281    .data               global.o
    0x10000088   0x00000004   Data   RW         1286    .data               global.o
    0x1000008c   0x00000004   Data   RW         1288    .data               global.o
    0x10000090   0x00000004   Data   RW         1290    .data               global.o
    0x10000094   0x00000004   Data   RW         1292    .data               global.o
    0x10000098   0x00000004   Data   RW         1294    .data               global.o
    0x1000009c   0x00000004   Data   RW         1296    .data               global.o
    0x100000a0   0x00000004   Data   RW         1299    .data               global.o
    0x100000a4   0x00000034   Data   RW         1359    .data               thermo.o
    0x100000d8   0x0000000c   Data   RW         1442    .data               ignit.o
    0x100000e4   0x00000004   PAD
    0x100000e8   0x00000020   Data   RW         1518    .data               sip.o
    0x10000108   0x00000004   Data   RW         1762    .data               hardware.o
    0x1000010c   0x00000368   Data   RW         2056    .data               uart.o
    0x10000474   0x00000004   Data   RW         1022    .data__ZZ20_arm_global_overflowE1v  cplc.o
    0x10000478   0x00000190   Zero   RW          982    .bss                cplc.o
    0x10000608   0x00002650   Zero   RW         1259    .bss                global.o
    0x10002c58   0x00000200   Zero   RW         1261    .bss                global.o
    0x10002e58   0x00000040   Zero   RW         1264    .bss                global.o
    0x10002e98   0x00000020   Zero   RW         2054    .bss                uart.o
    0x10002eb8   0x000000e4   Zero   RW         2370    .bss                c_w.l(rand.o)


    Execution Region RW_IRAM2 (Base: 0x2007c000, Size: 0x00002fa0, Max: 0x00008000, ABSOLUTE)

    Base Addr    Size         Type   Attr      Idx    E Section Name        Object

    0x2007c000   0x00000004   Data   RW           27    .data               system_lpc17xx.o
    0x2007c004   0x00000004   Data   RW          445    .data               command.o
    0x2007c008   0x0000003c   Data   RW          590    .data               command_handlers.o
    0x2007c044   0x00000024   Data   RW          983    .data               cplc.o
    0x2007c068   0x00000004   Data   RW         1268    .data               global.o
    0x2007c06c   0x00000004   Data   RW         1271    .data               global.o
    0x2007c070   0x00000004   Data   RW         1273    .data               global.o
    0x2007c074   0x00000004   Data   RW         1275    .data               global.o
    0x2007c078   0x00000004   Data   RW         1277    .data               global.o
    0x2007c07c   0x00000004   Data   RW         1282    .data               global.o
    0x2007c080   0x00000004   Data   RW         1287    .data               global.o
    0x2007c084   0x00000004   Data   RW         1289    .data               global.o
    0x2007c088   0x00000004   Data   RW         1291    .data               global.o
    0x2007c08c   0x00000004   Data   RW         1293    .data               global.o
    0x2007c090   0x00000004   Data   RW         1295    .data               global.o
    0x2007c094   0x00000004   Data   RW         1297    .data               global.o
    0x2007c098   0x00000004   Data   RW         1301    .data               global.o
    0x2007c09c   0x00000004   PAD
    0x2007c0a0   0x00000020   Data   RW         1573    .data               math_dsp.o
    0x2007c0c0   0x0000000c   Data   RW         2303    .data               i2c.o
    0x2007c0cc   0x00000200   Zero   RW         1260    .bss                global.o
    0x2007c2cc   0x00000200   Zero   RW         1262    .bss                global.o
    0x2007c4cc   0x00000040   Zero   RW         1263    .bss                global.o
    0x2007c50c   0x00000004   PAD
    0x2007c510   0x00000098   Zero   RW         1265    .bss                global.o
    0x2007c5a8   0x00000018   Zero   RW         1266    .bss                global.o
    0x2007c5c0   0x000002ac   Zero   RW         1267    .bss                global.o
    0x2007c86c   0x00000010   Zero   RW         1358    .bss                thermo.o
    0x2007c87c   0x000006a8   Zero   RW         1572    .bss                math_dsp.o
    0x2007cf24   0x00000018   Zero   RW         2302    .bss                i2c.o
    0x2007cf3c   0x00000060   Zero   RW         2606    .bss                c_w.l(libspace.o)
    0x2007cf9c   0x00000004   PAD
    0x2007cfa0   0x00000000   Zero   RW            2    HEAP                startup_lpc17xx.o
    0x2007cfa0   0x00002000   Zero   RW            1    STACK               startup_lpc17xx.o


==============================================================================

Image component sizes


      Code (inc. data)   RO Data    RW Data    ZI Data      Debug   Object Name

      1074        176          0          4          0       6824   command.o
      3502        780         99         60          0      25133   command_handlers.o
         0          0          0          0          0       4492   core_cm3.o
       852        110          0         40        400       6846   cplc.o
      1328        250          0         16          0      40587   cyclessync.o
        48         12          0          0          0        916   dac.o
      1388        146          0         72          0      10623   dither.o
       252         28          0         16          0       5053   exchange.o
       198         42          0          8          0       2957   gld.o
         0          0          0        100      12332       4902   global.o
       306         46          0          4          0      10564   hardware.o
       120         22          0          0          0        706   hfo.o
       296         42          0         12         24       2289   i2c.o
       148         22          0          0          0       2234   iap.o
       332         36          0         12          0       5280   ignit.o
        12          0          0          0          0       1431   ltc1622.o
       546         84          0          4          0       1661   main.o
      1128         94          0         32       1704       6525   math_dsp.o
       612        110          0          0          0       2417   memory.o
       526         72          0          0          0      22891   parameters.o
       256         46          0          0          0      18466   pwm.o
       164         38          0          0          0       1482   qei.o
       160          0          0          0          0       3804   ring_buffer.o
       622         60          0         32          0       3720   sip.o
       316         40          0          0          0       2794   spi.o
        60         22        196          0       8192        912   startup_lpc17xx.o
       408         42          0          4          0       1523   system_lpc17xx.o
      1304         92          0         52         16       9668   thermo.o
      1378        148          0        872         32      11468   uart.o

    ----------------------------------------------------------------------
     17352       2560        344       1348      22704     218168   Object Totals
         0          0         48          0          0          0   (incl. Generated)
        16          0          1          8          4          0   (incl. Padding)

    ----------------------------------------------------------------------

      Code (inc. data)   RO Data    RW Data    ZI Data      Debug   Library Member Name

       100          0          0          0          0          0   __dclz77c.o
         8          0          0          0          0         68   __main.o
       104          0          0          0          0         84   __printf.o
         0          0          0          0          0          0   __rtentry.o
        12          0          0          0          0          0   __rtentry2.o
         6          0          0          0          0          0   __rtentry4.o
        52          8          0          0          0          0   __scatter.o
        26          0          0          0          0          0   __scatter_copy.o
        28          0          0          0          0          0   __scatter_zi.o
        44          0          0          0          0        108   _printf_char.o
        48          6          0          0          0         96   _printf_char_common.o
         6          0          0          0          0          0   _printf_d.o
       120         16          0          0          0         92   _printf_dec.o
       178          0          0          0          0         88   _printf_intcommon.o
         0          0          0          0          0          0   _printf_percent.o
         4          0          0          0          0          0   _printf_percent_end.o
         6          0          0          0          0          0   _printf_s.o
        82          0          0          0          0         80   _printf_str.o
         6          0          0          0          0          0   _printf_u.o
        22          0          0          0          0        100   _rserrno.o
        10          0          0          0          0         68   _sputc.o
        16          0          0          0          0         68   aeabi_memset.o
        18          0          0          0          0         80   exit.o
         6          0          0          0          0        152   heapauxi.o
         0          0          0          0          0          0   indicate_semi.o
         2          0          0          0          0          0   libinit.o
         6          0          0          0          0          0   libinit2.o
         2          0          0          0          0          0   libshutdown.o
         2          0          0          0          0          0   libshutdown2.o
         8          4          0          0         96         68   libspace.o
        72          0          0          0          0         76   llsdiv.o
       238          0          0          0          0        100   lludivv7m.o
        40          6          0          0          0         84   noretval__2sprintf.o
       112         18          0          0        228        160   rand.o
         8          4          0          0          0         68   rt_errno_addr_intlibspace.o
        68          0          0          0          0         68   rt_memclr.o
        78          0          0          0          0         80   rt_memclr_w.o
       100          0          0          0          0         80   rt_memcpy_w.o
         2          0          0          0          0          0   rtexit.o
        10          0          0          0          0          0   rtexit2.o
        62          0          0          0          0         76   strlen.o
        12          4          0          0          0         68   sys_exit.o
        74          0          0          0          0         80   sys_stackheap_outer.o
         2          0          0          0          0         68   use_no_semi.o
        98          4          0          0          0         92   d2f.o
       826         16          0          0          0        348   daddsub_clz.o
        16          4          0          0          0         68   dcheck1.o
        24          0          0          0          0         68   dcmpi.o
       688        140          0          0          0        208   ddiv.o
       120          4          0          0          0         92   deqf.o
        94          4          0          0          0         92   dfix.o
        84          0          0          0          0        136   dflt_clz.o
       120          4          0          0          0         92   dleqf.o
       340         12          0          0          0        104   dmul.o
       156          4          0          0          0         92   dnaninf.o
        12          0          0          0          0         68   dretinf.o
       108          0          0          0          0         80   drleqf.o
        86          4          0          0          0         84   f2d.o
       430          8          0          0          0        168   faddsub_clz.o
        12          4          0          0          0         68   fcheck1.o
        24          0          0          0          0         68   fcmpi.o
       388         76          0          0          0         96   fdiv.o
        54          4          0          0          0         84   ffix.o
        86          0          0          0          0        136   fflt_clz.o
       104          4          0          0          0         84   fleqf.o
       258          4          0          0          0         84   fmul.o
       140          4          0          0          0         84   fnaninf.o
        10          0          0          0          0         68   fretinf.o
        98          0          0          0          0         68   frleqf.o
       100          0          0          0          0         68   retnan.o
        92          0          0          0          0         68   scalbn.o
        76          0          0          0          0         68   scalbnf.o
        48          0          0          0          0         68   trapv.o
         0          0          0          0          0          0   usenofp.o
       156          8          0          0          0        104   cos.o
       252         22         48          0          0        124   cos_i.o
        34          6          0          0          0        204   dunder.o
        40          0          0          0          0         68   fpclassify.o
       170          0          0          0          0         96   poly.o
       904         76        200          0          0        140   rred.o
       160         10          0          0          0        108   sin.o
       236         12         40          0          0        128   sin_i.o

    ----------------------------------------------------------------------
      8476        500        288          0        328       6036   Library Totals
        32          0          0          0          4          0   (incl. Padding)

    ----------------------------------------------------------------------

      Code (inc. data)   RO Data    RW Data    ZI Data      Debug   Library Name

      1800         66          0          0        324       2160   c_w.l
      4692        300          0          0          0       2904   fz_ws.l
      1952        134        288          0          0        972   m_ws.l

    ----------------------------------------------------------------------
      8476        500        288          0        328       6036   Library Totals

    ----------------------------------------------------------------------

==============================================================================


      Code (inc. data)   RO Data    RW Data    ZI Data      Debug   

     25828       3060        632       1348      23032     211736   Grand Totals
     25828       3060        632        708      23032     211736   ELF Image Totals (compressed)
     25828       3060        632        708          0          0   ROM Totals

==============================================================================

    Total RO  Size (Code + RO Data)                26460 (  25.84kB)
    Total RW  Size (RW Data + ZI Data)             24380 (  23.81kB)
    Total ROM Size (Code + RO Data + RW Data)      27168 (  26.53kB)

==============================================================================

