Component: ARM Compiler 5.06 (build 20) Tool: armlink [4d35a3]

==============================================================================

Section Cross References

    startup_lpc17xx.o(STACK) refers (Special) to heapauxi.o(.text) for __use_two_region_memory
    startup_lpc17xx.o(HEAP) refers (Special) to heapauxi.o(.text) for __use_two_region_memory
    startup_lpc17xx.o(RESET) refers (Special) to heapauxi.o(.text) for __use_two_region_memory
    startup_lpc17xx.o(RESET) refers to startup_lpc17xx.o(STACK) for __initial_sp
    startup_lpc17xx.o(RESET) refers to startup_lpc17xx.o(.text) for Reset_Handler
    startup_lpc17xx.o(RESET) refers to cyclessync.o(i.TIMER0_IRQHandler) for TIMER0_IRQHandler
    startup_lpc17xx.o(RESET) refers to hardware.o(i.TIMER1_IRQHandler) for TIMER1_IRQHandler
    startup_lpc17xx.o(RESET) refers to cyclessync.o(i.IntLatch_IRQHandler) for IntLatch_IRQHandler
    startup_lpc17xx.o(RESET) refers to cyclessync.o(i.EINT3_IRQHandler) for EINT3_IRQHandler
    startup_lpc17xx.o(RESET) refers to cyclessync.o(i.MCPWM_IRQHandler) for MCPWM_IRQHandler
    startup_lpc17xx.o(RESET) refers to cyclessync.o(i.QEI_IRQHandler) for QEI_IRQHandler
    startup_lpc17xx.o(.text) refers (Special) to heapauxi.o(.text) for __use_two_region_memory
    startup_lpc17xx.o(.text) refers to system_lpc17xx.o(i.SystemInit) for SystemInit
    startup_lpc17xx.o(.text) refers to __main.o(!!!main) for __main
    startup_lpc17xx.o(.text) refers to startup_lpc17xx.o(HEAP) for Heap_Mem
    startup_lpc17xx.o(.text) refers to startup_lpc17xx.o(STACK) for Stack_Mem
    system_lpc17xx.o(i.SystemCoreClockUpdate) refers to system_lpc17xx.o(.data) for .data
    cyclessync.o(i.CounterIquiryCycle_Init) refers to cyclessync.o(i.NVIC_DisableIRQ) for NVIC_DisableIRQ
    cyclessync.o(i.CounterIquiryCycle_Init) refers to global.o(.data) for PrevPeriod
    cyclessync.o(i.EINT3_IRQHandler) refers to global.o(.data) for LatchPhase
    cyclessync.o(i.EINT3_IRQHandler) refers to global.o(.data) for Sys_Clock
    cyclessync.o(i.EINT3_IRQHandler) refers to cyclessync.o(.data) for .data
    cyclessync.o(i.ExtLatch_Init) refers to cyclessync.o(i.NVIC_DisableIRQ) for NVIC_DisableIRQ
    cyclessync.o(i.ExtLatch_Init) refers to cyclessync.o(i.NVIC_EnableIRQ) for NVIC_EnableIRQ
    cyclessync.o(i.ExtLatch_Init) refers to global.o(.bss) for Device_blk
    cyclessync.o(i.IntLatch_IRQHandler) refers to global.o(.data) for LatchPhase
    cyclessync.o(i.IntLatch_IRQHandler) refers to global.o(.data) for Sys_Clock
    cyclessync.o(i.IntLatch_IRQHandler) refers to cyclessync.o(.data) for .data
    cyclessync.o(i.IntLatch_Init) refers to cyclessync.o(i.NVIC_EnableIRQ) for NVIC_EnableIRQ
    cyclessync.o(i.Latch_Event) refers to global.o(.data) for LatchPhase
    cyclessync.o(i.Latch_Event) refers to global.o(.data) for Latch_Rdy
    cyclessync.o(i.Latch_Event) refers to global.o(.bss) for g_gld
    cyclessync.o(i.Latch_Event) refers to cyclessync.o(.data) for .data
    cyclessync.o(i.Latch_Event) refers to global.o(.data) for Sys_Clock
    cyclessync.o(i.MCPWM_IRQHandler) refers to global.o(.bss) for g_gld
    cyclessync.o(i.QEI_IRQHandler) refers to qei.o(i.qei_get_position) for qei_get_position
    cyclessync.o(i.QEI_IRQHandler) refers to global.o(.bss) for g_gld
    cyclessync.o(i.QEI_IRQHandler) refers to global.o(.data) for data_Rdy
    cyclessync.o(i.ServiceTime) refers to global.o(.bss) for g_gld
    cyclessync.o(i.ServiceTime) refers to global.o(.data) for PrevPeriod
    cyclessync.o(i.ServiceTime) refers to global.o(.data) for Sys_Clock
    cyclessync.o(i.SetIntLatch) refers to global.o(.bss) for g_gld
    cyclessync.o(i.SwitchMode) refers to aeabi_memset.o(.text) for __aeabi_memset
    cyclessync.o(i.SwitchMode) refers to noretval__2sprintf.o(.text) for __2sprintf
    cyclessync.o(i.SwitchMode) refers to ring_buffer.o(i.x_ring_put) for x_ring_put
    cyclessync.o(i.SwitchMode) refers to strlen.o(.text) for strlen
    cyclessync.o(i.SwitchMode) refers to ring_buffer.o(i.x_ring_get_count) for x_ring_get_count
    cyclessync.o(i.SwitchMode) refers to uart.o(i.uart_send_unblocked) for uart_send_unblocked
    cyclessync.o(i.SwitchMode) refers to cyclessync.o(i.SetIntLatch) for SetIntLatch
    cyclessync.o(i.SwitchMode) refers to uart.o(i.UART_SwitchSpeed) for UART_SwitchSpeed
    cyclessync.o(i.SwitchMode) refers to global.o(.bss) for g_gld
    cyclessync.o(i.SwitchMode) refers to global.o(.data) for Device_Mode
    cyclessync.o(i.SwitchMode) refers to global.o(.bss) for Device_blk
    cyclessync.o(i.SwitchRefMeandInt) refers to qei.o(i.qei_get_position) for qei_get_position
    cyclessync.o(i.SwitchRefMeandInt) refers to global.o(.bss) for g_gld
    cyclessync.o(i.SwitchRefMeandInt) refers to global.o(.data) for data_Rdy
    cyclessync.o(i.TIMER0_IRQHandler) refers to global.o(.bss) for g_gld
    cyclessync.o(i.WDTInit) refers to cyclessync.o(i.NVIC_DisableIRQ) for NVIC_DisableIRQ
[...]
    __rt_lib_init_lc_numeric_1               0x000101a3   Thumb Code     0  libinit2.o(.ARM.Collect$$libinit$$00000017)
    __rt_lib_init_lc_time_1                  0x000101a3   Thumb Code     0  libinit2.o(.ARM.Collect$$libinit$$00000019)
    __rt_lib_init_rand_1                     0x000101a3   Thumb Code     0  libinit2.o(.ARM.Collect$$libinit$$0000000E)
    __rt_lib_init_return                     0x000101a3   Thumb Code     0  libinit2.o(.ARM.Collect$$libinit$$00000033)
    __rt_lib_init_signal_1                   0x000101a3   Thumb Code     0  libinit2.o(.ARM.Collect$$libinit$$0000001D)
    __rt_lib_init_stdio_1                    0x000101a3   Thumb Code     0  libinit2.o(.ARM.Collect$$libinit$$00000025)
    __rt_lib_shutdown                        0x000101a5   Thumb Code     0  libshutdown.o(.ARM.Collect$$libshutdown$$00000000)
    __rt_lib_shutdown_cpp_1                  0x000101a7   Thumb Code     0  libshutdown2.o(.ARM.Collect$$libshutdown$$00000002)
    __rt_lib_shutdown_fp_trap_1              0x000101a7   Thumb Code     0  libshutdown2.o(.ARM.Collect$$libshutdown$$00000007)
    __rt_lib_shutdown_heap_1                 0x000101a7   Thumb Code     0  libshutdown2.o(.ARM.Collect$$libshutdown$$0000000F)
    __rt_lib_shutdown_return                 0x000101a7   Thumb Code     0  libshutdown2.o(.ARM.Collect$$libshutdown$$00000010)
    __rt_lib_shutdown_signal_1               0x000101a7   Thumb Code     0  libshutdown2.o(.ARM.Collect$$libshutdown$$0000000A)
    __rt_lib_shutdown_stdio_1                0x000101a7   Thumb Code     0  libshutdown2.o(.ARM.Collect$$libshutdown$$00000004)
    __rt_lib_shutdown_user_alloc_1           0x000101a7   Thumb Code     0  libshutdown2.o(.ARM.Collect$$libshutdown$$0000000C)
    __rt_entry                               0x000101a9   Thumb Code     0  __rtentry.o(.ARM.Collect$$rtentry$$00000000)
    __rt_entry_presh_1                       0x000101a9   Thumb Code     0  __rtentry2.o(.ARM.Collect$$rtentry$$00000002)
    __rt_entry_sh                            0x000101a9   Thumb Code     0  __rtentry4.o(.ARM.Collect$$rtentry$$00000004)
    __rt_entry_li                            0x000101af   Thumb Code     0  __rtentry2.o(.ARM.Collect$$rtentry$$0000000A)
    __rt_entry_postsh_1                      0x000101af   Thumb Code     0  __rtentry2.o(.ARM.Collect$$rtentry$$00000009)
    __rt_entry_main                          0x000101b3   Thumb Code     0  __rtentry2.o(.ARM.Collect$$rtentry$$0000000D)
    __rt_entry_postli_1                      0x000101b3   Thumb Code     0  __rtentry2.o(.ARM.Collect$$rtentry$$0000000C)
    __rt_exit                                0x000101bb   Thumb Code     0  rtexit.o(.ARM.Collect$$rtexit$$00000000)
    __rt_exit_ls                             0x000101bd   Thumb Code     0  rtexit2.o(.ARM.Collect$$rtexit$$00000003)
    __rt_exit_prels_1                        0x000101bd   Thumb Code     0  rtexit2.o(.ARM.Collect$$rtexit$$00000002)
    __rt_exit_exit                           0x000101c1   Thumb Code     0  rtexit2.o(.ARM.Collect$$rtexit$$00000004)
    rand                                     0x000101c9   Thumb Code    48  rand.o(.emb_text)
    Reset_Handler                            0x000101fd   Thumb Code     8  startup_lpc17xx.o(.text)
    NMI_Handler                              0x00010205   Thumb Code     2  startup_lpc17xx.o(.text)
    HardFault_Handler                        0x00010207   Thumb Code     2  startup_lpc17xx.o(.text)
    MemManage_Handler                        0x00010209   Thumb Code     2  startup_lpc17xx.o(.text)
    BusFault_Handler                         0x0001020b   Thumb Code     2  startup_lpc17xx.o(.text)
    UsageFault_Handler                       0x0001020d   Thumb Code     2  startup_lpc17xx.o(.text)
    SVC_Handler                              0x0001020f   Thumb Code     2  startup_lpc17xx.o(.text)
    DebugMon_Handler                         0x00010211   Thumb Code     2  startup_lpc17xx.o(.text)
    PendSV_Handler                           0x00010213   Thumb Code     2  startup_lpc17xx.o(.text)
    SysTick_Handler                          0x00010215   Thumb Code     2  startup_lpc17xx.o(.text)
    ADC_IRQHandler                           0x00010217   Thumb Code     0  startup_lpc17xx.o(.text)
    BOD_IRQHandler                           0x00010217   Thumb Code     0  startup_lpc17xx.o(.text)
    CAN_IRQHandler                           0x00010217   Thumb Code     0  startup_lpc17xx.o(.text)
    DMA_IRQHandler                           0x00010217   Thumb Code     0  startup_lpc17xx.o(.text)
    EINT0_IRQHandler                         0x00010217   Thumb Code     0  startup_lpc17xx.o(.text)
    EINT1_IRQHandler                         0x00010217   Thumb Code     0  startup_lpc17xx.o(.text)
    EINT2_IRQHandler                         0x00010217   Thumb Code     0  startup_lpc17xx.o(.text)
    ENET_IRQHandler                          0x00010217   Thumb Code     0  startup_lpc17xx.o(.text)
    I2C0_IRQHandler                          0x00010217   Thumb Code     0  startup_lpc17xx.o(.text)
    I2C1_IRQHandler                          0x00010217   Thumb Code     0  startup_lpc17xx.o(.text)
    I2C2_IRQHandler                          0x00010217   Thumb Code     0  startup_lpc17xx.o(.text)
    I2S_IRQHandler                           0x00010217   Thumb Code     0  startup_lpc17xx.o(.text)
    PLL0_IRQHandler                          0x00010217   Thumb Code     0  startup_lpc17xx.o(.text)
    PLL1_IRQHandler                          0x00010217   Thumb Code     0  startup_lpc17xx.o(.text)
    PWM1_IRQHandler                          0x00010217   Thumb Code     0  startup_lpc17xx.o(.text)
    RIT_IRQHandler                           0x00010217   Thumb Code     0  startup_lpc17xx.o(.text)
    RTC_IRQHandler                           0x00010217   Thumb Code     0  startup_lpc17xx.o(.text)
    SPI_IRQHandler                           0x00010217   Thumb Code     0  startup_lpc17xx.o(.text)
    SSP0_IRQHandler                          0x00010217   Thumb Code     0  startup_lpc17xx.o(.text)
    SSP1_IRQHandler                          0x00010217   Thumb Code     0  startup_lpc17xx.o(.text)
    TIMER2_IRQHandler                        0x00010217   Thumb Code     0  startup_lpc17xx.o(.text)
    UART0_IRQHandler                         0x00010217   Thumb Code     0  startup_lpc17xx.o(.text)
    UART1_IRQHandler                         0x00010217   Thumb Code     0  startup_lpc17xx.o(.text)
    UART2_IRQHandler                         0x00010217   Thumb Code     0  startup_lpc17xx.o(.text)
    UART3_IRQHandler                         0x00010217   Thumb Code     0  startup_lpc17xx.o(.text)
    USB_IRQHandler                           0x00010217   Thumb Code     0  startup_lpc17xx.o(.text)
    WDT_IRQHandler                           0x00010217   Thumb Code     0  startup_lpc17xx.o(.text)
    __user_initial_stackheap                 0x00010219   Thumb Code     0  startup_lpc17xx.o(.text)
    __aeabi_ldivmod                          0x00010239   Thumb Code     0  llsdiv.o(.text)
    _ll_sdiv                                 0x00010239   Thumb Code    72  llsdiv.o(.text)
    __2sprintf                               0x00010281   Thumb Code    34  noretval__2sprintf.o(.text)
    __printf                                 0x000102a9   Thumb Code   104  __printf.o(.text)
    _printf_str                              0x00010311   Thumb Code    82  _printf_str.o(.text)
    _printf_int_dec                          0x00010365   Thumb Code   104  _printf_dec.o(.text)
    _printf_int_hex                          0x000103dd   Thumb Code    84  _printf_hex_int.o(.text)
    _printf_longlong_hex                     0x000103dd   Thumb Code     0  _printf_hex_int.o(.text)
    srand                                    0x00010435   Thumb Code    42  rand.o(.text)
    _rand_init                               0x0001045f   Thumb Code     4  rand.o(.text)
    strlen                                   0x00010471   Thumb Code    62  strlen.o(.text)
    __aeabi_memcpy                           0x000104af   Thumb Code     0  rt_memcpy_v6.o(.text)
    __rt_memcpy                              0x000104af   Thumb Code   138  rt_memcpy_v6.o(.text)
    _memcpy_lastbytes                        0x00010515   Thumb Code     0  rt_memcpy_v6.o(.text)
    __aeabi_memset                           0x00010539   Thumb Code    16  aeabi_memset.o(.text)
    __aeabi_memclr4                          0x00010549   Thumb Code     0  rt_memclr_w.o(.text)
    __aeabi_memclr8                          0x00010549   Thumb Code     0  rt_memclr_w.o(.text)
    __rt_memclr_w                            0x00010549   Thumb Code    78  rt_memclr_w.o(.text)
    _memset_w                                0x0001054d   Thumb Code     0  rt_memclr_w.o(.text)
    __use_two_region_memory                  0x00010597   Thumb Code     2  heapauxi.o(.text)
    __rt_heap_escrow$2region                 0x00010599   Thumb Code     2  heapauxi.o(.text)
    __rt_heap_expand$2region                 0x0001059b   Thumb Code     2  heapauxi.o(.text)
    __aeabi_uldivmod                         0x0001059d   Thumb Code     0  lludivv7m.o(.text)
    _ll_udiv                                 0x0001059d   Thumb Code   238  lludivv7m.o(.text)
    __read_errno                             0x0001068b   Thumb Code    10  _rserrno.o(.text)
    __set_errno                              0x00010695   Thumb Code    12  _rserrno.o(.text)
    _printf_int_common                       0x000106a1   Thumb Code   178  _printf_intcommon.o(.text)
    _printf_char_common                      0x0001075f   Thumb Code    32  _printf_char_common.o(.text)
    _sputc                                   0x00010785   Thumb Code    10  _sputc.o(.text)
    _printf_cs_common                        0x0001078f   Thumb Code    20  _printf_char.o(.text)
    _printf_char                             0x000107a3   Thumb Code    16  _printf_char.o(.text)
    _printf_string                           0x000107b3   Thumb Code     8  _printf_char.o(.text)
    __aeabi_memcpy4                          0x000107bb   Thumb Code     0  rt_memcpy_w.o(.text)
    __aeabi_memcpy8                          0x000107bb   Thumb Code     0  rt_memcpy_w.o(.text)
    __rt_memcpy_w                            0x000107bb   Thumb Code   100  rt_memcpy_w.o(.text)
    _memcpy_lastbytes_aligned                0x00010803   Thumb Code     0  rt_memcpy_w.o(.text)
    __aeabi_memclr                           0x0001081f   Thumb Code     0  rt_memclr.o(.text)
    __rt_memclr                              0x0001081f   Thumb Code    68  rt_memclr.o(.text)
    _memset                                  0x00010823   Thumb Code     0  rt_memclr.o(.text)
    __aeabi_errno_addr                       0x00010865   Thumb Code     8  rt_errno_addr_intlibspace.o(.text)
    __errno$intlibspace                      0x00010865   Thumb Code     0  rt_errno_addr_intlibspace.o(.text)
    __rt_errno_addr$intlibspace              0x00010865   Thumb Code     0  rt_errno_addr_intlibspace.o(.text)
    __user_libspace                          0x0001086d   Thumb Code     8  libspace.o(.text)
    __user_perproc_libspace                  0x0001086d   Thumb Code     0  libspace.o(.text)
    __user_perthread_libspace                0x0001086d   Thumb Code     0  libspace.o(.text)
    __user_setup_stackheap                   0x00010875   Thumb Code    74  sys_stackheap_outer.o(.text)
    exit                                     0x000108bf   Thumb Code    18  exit.o(.text)
    __I$use$semihosting                      0x000108d1   Thumb Code     0  use_no_semi.o(.text)
    __use_no_semihosting_swi                 0x000108d1   Thumb Code     2  use_no_semi.o(.text)
    __semihosting_library_function           0x000108d3   Thumb Code     0  indicate_semi.o(.text)
    _sys_exit                                0x000108d5   Thumb Code     8  sys_exit.o(.text)
    CounterIquiryCycle_Init                  0x000108e1   Thumb Code    66  cyclessync.o(i.CounterIquiryCycle_Init)
    DMA_Init                                 0x00010931   Thumb Code    38  uart.o(i.DMA_Init)
    DUP_Filt                                 0x00010961   Thumb Code   106  math_dsp.o(i.DUP_Filt)
    EINT3_IRQHandler                         0x000109d5   Thumb Code    40  cyclessync.o(i.EINT3_IRQHandler)
    ExtLatch_Init                            0x00010a11   Thumb Code   158  cyclessync.o(i.ExtLatch_Init)
    IntLatch_IRQHandler                      0x00010ac5   Thumb Code    24  cyclessync.o(i.IntLatch_IRQHandler)
    IntLatch_Init                            0x00010af1   Thumb Code    52  cyclessync.o(i.IntLatch_Init)
    Latch_Event                              0x00010b2d   Thumb Code    68  cyclessync.o(i.Latch_Event)
    MCPWM_IRQHandler                         0x00010b89   Thumb Code    32  cyclessync.o(i.MCPWM_IRQHandler)
    PLC_MeanderDelay                         0x00010bf5   Thumb Code    66  cplc.o(i.PLC_MeanderDelay)
    PLC_PhaseDetFilt                         0x00010c41   Thumb Code   164  math_dsp.o(i.PLC_PhaseDetFilt)
    QEI_IRQHandler                           0x00010ced   Thumb Code    80  cyclessync.o(i.QEI_IRQHandler)
    ResetBitsOfWord                          0x00010d49   Thumb Code    14  sip_1.o(i.ResetBitsOfWord)
    SOI_Init                                 0x00010d59   Thumb Code   106  qei.o(i.SOI_Init)
    ServiceTime                              0x00010ddd   Thumb Code    62  cyclessync.o(i.ServiceTime)
    SetIntLatch                              0x00010e31   Thumb Code    26  cyclessync.o(i.SetIntLatch)
    SwitchMode                               0x00010e55   Thumb Code   454  cyclessync.o(i.SwitchMode)
    SwitchRefMeandInt                        0x00011079   Thumb Code    92  cyclessync.o(i.SwitchRefMeandInt)
    SystemCoreClockUpdate                    0x000110e1   Thumb Code   186  system_lpc17xx.o(i.SystemCoreClockUpdate)
    SystemInit                               0x000111b5   Thumb Code   180  system_lpc17xx.o(i.SystemInit)
    TIMER0_IRQHandler                        0x00011279   Thumb Code    70  cyclessync.o(i.TIMER0_IRQHandler)
    TIMER1_IRQHandler                        0x000112c9   Thumb Code    20  hardware.o(i.TIMER1_IRQHandler)
    UART0_Init                               0x000112e5   Thumb Code   112  uart.o(i.UART0_Init)
    UART1_Init                               0x00011361   Thumb Code   140  uart.o(i.UART1_Init)
    UART_Init                                0x000113f9   Thumb Code    18  uart.o(i.UART_Init)
    UART_SwitchSpeed                         0x0001140d   Thumb Code   128  uart.o(i.UART_SwitchSpeed)
    VB_MeanderDelay                          0x00011491   Thumb Code   104  dither.o(i.VB_MeanderDelay)
    VB_PhaseDetectorRate                     0x000114fd   Thumb Code    28  dither.o(i.VB_PhaseDetectorRate)
    VibroDither_Init                         0x00011521   Thumb Code    28  dither.o(i.VibroDither_Init)
    VibroDither_Set                          0x00011549   Thumb Code    28  dither.o(i.VibroDither_Set)
    VibroReduce                              0x0001156d   Thumb Code   182  math_dsp.o(i.VibroReduce)
    WDTFeed                                  0x00011635   Thumb Code    12  cyclessync.o(i.WDTFeed)
    WP_PhaseDetectorRate                     0x00011641   Thumb Code    28  cplc.o(i.WP_PhaseDetectorRate)
    __ARM_fpclassify                         0x00011665   Thumb Code    40  fpclassify.o(i.__ARM_fpclassify)
    __ieee754_rem_pio2                       0x0001168d   Thumb Code   828  rred.o(i.__ieee754_rem_pio2)
    __kernel_cos                             0x00011a15   Thumb Code   230  cos_i.o(i.__kernel_cos)
    __kernel_poly                            0x00011b11   Thumb Code   170  poly.o(i.__kernel_poly)
    __kernel_sin                             0x00011bbd   Thumb Code   224  sin_i.o(i.__kernel_sin)
    __mathlib_dbl_infnan                     0x00011ca9   Thumb Code     6  dunder.o(i.__mathlib_dbl_infnan)
    __mathlib_dbl_invalid                    0x00011caf   Thumb Code    12  dunder.o(i.__mathlib_dbl_invalid)
    __mathlib_dbl_underflow                  0x00011cbd   Thumb Code    10  dunder.o(i.__mathlib_dbl_underflow)
    calc_sin_func                            0x00011ccd   Thumb Code   112  cplc.o(i.calc_sin_func)
    clc_AD                                   0x00011d51   Thumb Code    50  hfo.o(i.clc_AD)
    clc_Dith_regulator                       0x00011d91   Thumb Code   394  dither.o(i.clc_Dith_regulator)
    clc_OutFreq_regulator                    0x00011f41   Thumb Code   322  dither.o(i.clc_OutFreq_regulator)
    clc_Pulses                               0x000120a9   Thumb Code   528  sip_1.o(i.clc_Pulses)
    command_SwitchSpeed                      0x000122e1   Thumb Code    38  command.o(i.command_SwitchSpeed)
    command_ans_DELTA_BINS                   0x0001230d   Thumb Code    32  command_handlers.o(i.command_ans_DELTA_BINS)
    command_ans_DELTA_PS_EXEC                0x00012345   Thumb Code    28  command_handlers.o(i.command_ans_DELTA_PS_EXEC)
    command_ans_DELTA_SF                     0x00012375   Thumb Code    60  command_handlers.o(i.command_ans_DELTA_SF)
    command_ans_DEV_MODE                     0x000123cd   Thumb Code    38  command_handlers.o(i.command_ans_DEV_MODE)
    command_ans_M_ADC_R                      0x00012411   Thumb Code    56  command_handlers.o(i.command_ans_M_ADC_R)
    command_ans_M_CNT_R                      0x0001245d   Thumb Code    32  command_handlers.o(i.command_ans_M_CNT_R)
    command_ans_M_CTL_M                      0x00012491   Thumb Code    90  command_handlers.o(i.command_ans_M_CTL_M)
    command_ans_M_CTL_R                      0x00012505   Thumb Code    44  command_handlers.o(i.command_ans_M_CTL_R)
    command_ans_M_FLG_R                      0x0001254d   Thumb Code    12  command_handlers.o(i.command_ans_M_FLG_R)
    command_ans_M_MIRR                       0x00012561   Thumb Code    48  command_handlers.o(i.command_ans_M_MIRR)
    command_ans_M_PARAM_R                    0x000125ad   Thumb Code    32  command_handlers.o(i.command_ans_M_PARAM_R)
    command_ans_M_RATE1                      0x000125e5   Thumb Code   116  command_handlers.o(i.command_ans_M_RATE1)
    command_ans_M_RATE2                      0x0001266d   Thumb Code    32  command_handlers.o(i.command_ans_M_RATE2)
    command_ans_M_RATE3                      0x000126a1   Thumb Code    24  command_handlers.o(i.command_ans_M_RATE3)
    command_ans_M_RATE7                      0x000126cd   Thumb Code    56  command_handlers.o(i.command_ans_M_RATE7)
    command_ans_common                       0x00012719   Thumb Code    24  command_handlers.o(i.command_ans_common)
    command_ans_device_status                0x00012745   Thumb Code    66  command_handlers.o(i.command_ans_device_status)
    command_check_lcc                        0x000127a5   Thumb Code   144  command.o(i.command_check_lcc)
    command_cmd_BIT_MODE                     0x0001285d   Thumb Code    72  command_handlers.o(i.command_cmd_BIT_MODE)
    command_cmd_DELTA_BINS                   0x000128b9   Thumb Code    36  command_handlers.o(i.command_cmd_DELTA_BINS)
    command_cmd_DELTA_PS                     0x000128e9   Thumb Code    48  command_handlers.o(i.command_cmd_DELTA_PS)
    command_cmd_DELTA_PS_EXEC                0x00012921   Thumb Code    64  command_handlers.o(i.command_cmd_DELTA_PS_EXEC)
    command_cmd_DELTA_SF                     0x00012969   Thumb Code    16  command_handlers.o(i.command_cmd_DELTA_SF)
    command_cmd_DEV_MODE                     0x00012981   Thumb Code    20  command_handlers.o(i.command_cmd_DEV_MODE)
    command_cmd_MAINT                        0x000129a1   Thumb Code    56  command_handlers.o(i.command_cmd_MAINT)
    command_decode                           0x000129e9   Thumb Code   146  command.o(i.command_decode)
    command_handle                           0x00012aa9   Thumb Code   604  command_handlers.o(i.command_handle)
    command_recieve                          0x00012d41   Thumb Code    36  command.o(i.command_recieve)
    command_recieve_bootloader               0x00012d6d   Thumb Code   108  command.o(i.command_recieve_bootloader)
    command_recieve_gld                      0x00012ded   Thumb Code   268  command.o(i.command_recieve_gld)
    command_subcmd_M_CLEAR                   0x00012f35   Thumb Code    20  command_handlers.o(i.command_subcmd_M_CLEAR)
    command_subcmd_M_CNT_R                   0x00012f4d   Thumb Code    18  command_handlers.o(i.command_subcmd_M_CNT_R)
    command_subcmd_M_CTL_R                   0x00012f61   Thumb Code    16  command_handlers.o(i.command_subcmd_M_CTL_R)
    command_subcmd_M_GPH_W                   0x00012f75   Thumb Code    36  command_handlers.o(i.command_subcmd_M_GPH_W)
    command_subcmd_M_LDPAR_D                 0x00012fa5   Thumb Code    24  command_handlers.o(i.command_subcmd_M_LDPAR_D)
    command_subcmd_M_LDPAR_F                 0x00012fc1   Thumb Code    24  command_handlers.o(i.command_subcmd_M_LDPAR_F)
    command_subcmd_M_MIRR                    0x00012fdd   Thumb Code    10  command_handlers.o(i.command_subcmd_M_MIRR)
    command_subcmd_M_PARAM_W                 0x00012fed   Thumb Code    26  command_handlers.o(i.command_subcmd_M_PARAM_W)
    command_subcmd_M_PULSE                   0x00013015   Thumb Code    24  command_handlers.o(i.command_subcmd_M_PULSE)
    command_subcmd_M_RATE1                   0x00013031   Thumb Code    52  command_handlers.o(i.command_subcmd_M_RATE1)
    command_subcmd_M_RATE2                   0x0001306d   Thumb Code    56  command_handlers.o(i.command_subcmd_M_RATE2)
    command_subcmd_M_RATE3                   0x000130ad   Thumb Code    42  command_handlers.o(i.command_subcmd_M_RATE3)
    command_subcmd_M_RATE7                   0x000130dd   Thumb Code    42  command_handlers.o(i.command_subcmd_M_RATE7)
    command_subcmd_M_RESET                   0x0001310d   Thumb Code    88  command_handlers.o(i.command_subcmd_M_RESET)
    command_subcmd_M_START                   0x00013179   Thumb Code    24  command_handlers.o(i.command_subcmd_M_START)
    command_subcmd_M_STIMUL                  0x00013195   Thumb Code    64  command_handlers.o(i.command_subcmd_M_STIMUL)
    command_subcmd_M_STOP                    0x000131e1   Thumb Code    18  command_handlers.o(i.command_subcmd_M_STOP)
    command_subcmd_M_VIB_W                   0x000131fd   Thumb Code    44  command_handlers.o(i.command_subcmd_M_VIB_W)
    command_transm                           0x00013239   Thumb Code   164  command.o(i.command_transm)
    command_utility_read_param               0x000132fd   Thumb Code    54  command.o(i.command_utility_read_param)
    cos                                      0x00013341   Thumb Code   148  cos.o(i.cos)
    cplc_calc_modulator                      0x000133dd   Thumb Code   120  cplc.o(i.cplc_calc_modulator)
    cplc_init                                0x00013461   Thumb Code   130  cplc.o(i.cplc_init)
    cplc_regulator                           0x00013501   Thumb Code   286  cplc.o(i.cplc_regulator)
    currentReg_init                          0x0001363d   Thumb Code    10  hfo.o(i.currentReg_init)
    dNdT_calc                                0x00013651   Thumb Code    62  thermo.o(i.dNdT_calc)
    dbg_recieve                              0x00013691   Thumb Code   686  command_handlers.o(i.dbg_recieve)
    dither_init                              0x000139c1   Thumb Code    82  dither.o(i.dither_init)
    dither_noise_regulator                   0x00013a31   Thumb Code   290  dither.o(i.dither_noise_regulator)
    dsp_MovAverFilt                          0x00013b69   Thumb Code    54  math_dsp.o(i.dsp_MovAverFilt)
    exchange_regul_data_read                 0x00013ba9   Thumb Code   128  exchange.o(i.exchange_regul_data_read)
    exchange_regul_data_write                0x00013c3d   Thumb Code   100  exchange.o(i.exchange_regul_data_write)
    getFRValues                              0x00013cad   Thumb Code   138  uart.o(i.getFRValues)
    getFractionValues                        0x00013d49   Thumb Code   284  uart.o(i.getFractionValues)
    getPclk                                  0x00013e81   Thumb Code    44  uart.o(i.getPclk)
    gld_control                              0x00013eb5   Thumb Code    22  gld.o(i.gld_control)
    gld_output                               0x00013ecd   Thumb Code    52  gld.o(i.gld_output)
    gld_status                               0x00013f15   Thumb Code    36  gld.o(i.gld_status)
    gld_stop                                 0x00013f45   Thumb Code    16  gld.o(i.gld_stop)
    handle_pause                             0x00013f59   Thumb Code    40  ignit.o(i.handle_pause)
    handle_polling                           0x00013f85   Thumb Code    86  ignit.o(i.handle_polling)
    handle_pulse                             0x00013fe9   Thumb Code    46  ignit.o(i.handle_pulse)
    hardware_backlight_off                   0x0001401d   Thumb Code     8  hardware.o(i.hardware_backlight_off)
    hardware_backlight_on                    0x00014029   Thumb Code     8  hardware.o(i.hardware_backlight_on)
    hardware_configure_backlight             0x00014035   Thumb Code    34  hardware.o(i.hardware_configure_backlight)
    hardware_configure_lightup               0x00014061   Thumb Code    34  hardware.o(i.hardware_configure_lightup)
    hardware_dac_init                        0x0001408d   Thumb Code    28  dac.o(i.hardware_dac_init)
    hardware_dac_send                        0x000140b1   Thumb Code    12  dac.o(i.hardware_dac_send)
    hardware_lightup_off                     0x000140c1   Thumb Code     8  hardware.o(i.hardware_lightup_off)
    hardware_lightup_on                      0x000140cd   Thumb Code     8  hardware.o(i.hardware_lightup_on)
    hardware_modulator                       0x000140d9   Thumb Code     4  hardware.o(i.hardware_modulator)
    hardware_photo_exchange                  0x000140dd   Thumb Code     4  hardware.o(i.hardware_photo_exchange)
    hardware_photo_init                      0x000140e1   Thumb Code     4  hardware.o(i.hardware_photo_init)
    hardware_photo_set                       0x000140e5   Thumb Code    12  hardware.o(i.hardware_photo_set)
    hardware_regul_data_init                 0x000140f1   Thumb Code     4  hardware.o(i.hardware_regul_data_init)
    hardware_regul_data_read                 0x000140f5   Thumb Code     4  hardware.o(i.hardware_regul_data_read)
    hardware_regul_data_write                0x000140f9   Thumb Code    58  hardware.o(i.hardware_regul_data_write)
    hardware_reset_adc                       0x00014133   Thumb Code     8  hardware.o(i.hardware_reset_adc)
    hardware_reset_dac                       0x0001413b   Thumb Code     6  hardware.o(i.hardware_reset_dac)
    hardware_set_adc                         0x00014141   Thumb Code     8  hardware.o(i.hardware_set_adc)
    hardware_set_dac                         0x00014149   Thumb Code     6  hardware.o(i.hardware_set_dac)
    i2c_init                                 0x00014151   Thumb Code    80  i2c.o(i.i2c_init)
    i2c_send                                 0x000141b1   Thumb Code   170  i2c.o(i.i2c_send)
    i2c_setData                              0x00014269   Thumb Code    20  i2c.o(i.i2c_setData)
    ignit_init                               0x00014289   Thumb Code    14  ignit.o(i.ignit_init)
    ignit_set_request                        0x0001429d   Thumb Code     6  ignit.o(i.ignit_set_request)
    ignit_single                             0x000142a9   Thumb Code    70  ignit.o(i.ignit_single)
    ignit_start                              0x000142f5   Thumb Code   106  ignit.o(i.ignit_start)
    init                                     0x00014371   Thumb Code   240  main.o(i.init)
    init_BandPass                            0x000144ad   Thumb Code   372  math_dsp.o(i.init_BandPass)
    init_VibroReduce                         0x00014639   Thumb Code   184  math_dsp.o(i.init_VibroReduce)
    interpolation                            0x00014705   Thumb Code    54  sip_1.o(i.interpolation)
    isIntValue                               0x00014745   Thumb Code    32  uart.o(i.isIntValue)
    loop                                     0x00014765   Thumb Code   138  main.o(i.loop)
    ltc16xx_create_input_word_data           0x000147fd   Thumb Code     6  ltc1622.o(i.ltc16xx_create_input_word_data)
    ltc16xx_create_input_word_hdr            0x00014803   Thumb Code     6  ltc1622.o(i.ltc16xx_create_input_word_hdr)
    main                                     0x00014809   Thumb Code    10  main.o(i.main)
    memory_read                              0x00014815   Thumb Code    28  memory.o(i.memory_read)
    memory_write                             0x00014831   Thumb Code   402  memory.o(i.memory_write)
    params_load                              0x000149fd   Thumb Code   102  parameters.o(i.params_load)
    params_load_default                      0x00014a95   Thumb Code   308  parameters.o(i.params_load_default)
    params_load_flash                        0x00014bd1   Thumb Code    12  parameters.o(i.params_load_flash)
    params_save2flash                        0x00014be1   Thumb Code    64  parameters.o(i.params_save2flash)
    pwm_init                                 0x00014c29   Thumb Code   116  pwm.o(i.pwm_init)
    pwm_on                                   0x00014cb5   Thumb Code    10  pwm.o(i.pwm_on)
    pwm_pulse_calc                           0x00014cc5   Thumb Code    34  pwm.o(i.pwm_pulse_calc)
    pwm_set                                  0x00014cf1   Thumb Code    50  pwm.o(i.pwm_set)
    qei_get_direction                        0x00014d29   Thumb Code    14  qei.o(i.qei_get_direction)
    qei_get_position                         0x00014d3d   Thumb Code     6  qei.o(i.qei_get_position)
    sin                                      0x00014d49   Thumb Code   150  sin.o(i.sin)
    spi_init                                 0x00014de9   Thumb Code   158  spi.o(i.spi_init)
    spi_read                                 0x00014e99   Thumb Code    64  spi.o(i.spi_read)
    spi_reset_cs_ADC                         0x00014edd   Thumb Code     6  spi.o(i.spi_reset_cs_ADC)
    spi_reset_cs_DAC                         0x00014ee9   Thumb Code     6  spi.o(i.spi_reset_cs_DAC)
    spi_set_cs_ADC                           0x00014ef5   Thumb Code     6  spi.o(i.spi_set_cs_ADC)
    spi_set_cs_DAC                           0x00014f01   Thumb Code     6  spi.o(i.spi_set_cs_DAC)
    spi_write                                0x00014f0d   Thumb Code    42  spi.o(i.spi_write)
    thermo_CalcCompens                       0x00014f3d   Thumb Code    28  thermo.o(i.thermo_CalcCompens)
    thermo_DeltaRecalc                       0x00014f61   Thumb Code    58  thermo.o(i.thermo_DeltaRecalc)
    thermo_MovAver_filter                    0x00014f9d   Thumb Code    36  thermo.o(i.thermo_MovAver_filter)
    thermo_clc_ThermoSensors                 0x00014fc9   Thumb Code   424  thermo.o(i.thermo_clc_ThermoSensors)
    thermo_init                              0x00015195   Thumb Code    76  thermo.o(i.thermo_init)
    u32IAP_CopyRAMToFlash                    0x000151ed   Thumb Code    44  iap.o(i.u32IAP_CopyRAMToFlash)
    u32IAP_PrepareSectors                    0x00015221   Thumb Code    34  iap.o(i.u32IAP_PrepareSectors)
    uart_disable_transm                      0x00015249   Thumb Code    28  uart.o(i.uart_disable_transm)
    uart_dma_init                            0x00015269   Thumb Code   140  uart.o(i.uart_dma_init)
    uart_enable_transm                       0x0001530d   Thumb Code    20  uart.o(i.uart_enable_transm)
    uart_recieve                             0x00015325   Thumb Code    26  uart.o(i.uart_recieve)
    uart_recieve_reset                       0x00015345   Thumb Code    12  uart.o(i.uart_recieve_reset)
    uart_recieve_unblocked                   0x00015355   Thumb Code    28  uart.o(i.uart_recieve_unblocked)
    uart_send_unblocked                      0x00015379   Thumb Code    42  uart.o(i.uart_send_unblocked)
    uart_transm                              0x000153ad   Thumb Code   112  uart.o(i.uart_transm)
    x_ring_get_count                         0x00015425   Thumb Code    22  ring_buffer.o(i.x_ring_get_count)
    x_ring_init                              0x0001543b   Thumb Code    20  ring_buffer.o(i.x_ring_init)
    x_ring_pop                               0x0001544f   Thumb Code    38  ring_buffer.o(i.x_ring_pop)
    x_ring_put                               0x00015475   Thumb Code    32  ring_buffer.o(i.x_ring_put)
    __aeabi_d2f                              0x00015495   Thumb Code     0  d2f.o(x$fpl$d2f)
    _d2f                                     0x00015495   Thumb Code    98  d2f.o(x$fpl$d2f)
    __aeabi_dadd                             0x000154f9   Thumb Code     0  daddsub_clz.o(x$fpl$dadd)
    _dadd                                    0x000154f9   Thumb Code   332  daddsub_clz.o(x$fpl$dadd)
    __fpl_dcheck_NaN1                        0x00015649   Thumb Code    10  dcheck1.o(x$fpl$dcheck1)
    __fpl_dcmp_Inf                           0x00015659   Thumb Code    24  dcmpi.o(x$fpl$dcmpinf)
    __aeabi_ddiv                             0x00015671   Thumb Code     0  ddiv.o(x$fpl$ddiv)
    _ddiv                                    0x00015671   Thumb Code   552  ddiv.o(x$fpl$ddiv)
    __aeabi_cdcmpeq                          0x00015921   Thumb Code     0  deqf.o(x$fpl$deqf)
    _dcmpeq                                  0x00015921   Thumb Code   120  deqf.o(x$fpl$deqf)
    __aeabi_d2iz                             0x00015999   Thumb Code     0  dfix.o(x$fpl$dfix)
    _dfix                                    0x00015999   Thumb Code    94  dfix.o(x$fpl$dfix)
    __aeabi_i2d                              0x000159f7   Thumb Code     0  dflt_clz.o(x$fpl$dflt)
    _dflt                                    0x000159f7   Thumb Code    46  dflt_clz.o(x$fpl$dflt)
    __aeabi_ui2d                             0x00015a25   Thumb Code     0  dflt_clz.o(x$fpl$dfltu)
    _dfltu                                   0x00015a25   Thumb Code    38  dflt_clz.o(x$fpl$dfltu)
    __aeabi_cdcmple                          0x00015a4d   Thumb Code     0  dleqf.o(x$fpl$dleqf)
    _dcmple                                  0x00015a4d   Thumb Code   120  dleqf.o(x$fpl$dleqf)
    __fpl_dcmple_InfNaN                      0x00015aaf   Thumb Code     0  dleqf.o(x$fpl$dleqf)
    __aeabi_dmul                             0x00015ac5   Thumb Code     0  dmul.o(x$fpl$dmul)
    _dmul                                    0x00015ac5   Thumb Code   332  dmul.o(x$fpl$dmul)
    __fpl_dnaninf                            0x00015c19   Thumb Code   156  dnaninf.o(x$fpl$dnaninf)
    __fpl_dretinf                            0x00015cb5   Thumb Code    12  dretinf.o(x$fpl$dretinf)
    __aeabi_cdrcmple                         0x00015cc1   Thumb Code     0  drleqf.o(x$fpl$drleqf)
    _drcmple                                 0x00015cc1   Thumb Code   108  drleqf.o(x$fpl$drleqf)
    __aeabi_drsub                            0x00015d2d   Thumb Code     0  daddsub_clz.o(x$fpl$drsb)
    _drsb                                    0x00015d2d   Thumb Code    22  daddsub_clz.o(x$fpl$drsb)
    __aeabi_dsub                             0x00015d45   Thumb Code     0  daddsub_clz.o(x$fpl$dsub)
    _dsub                                    0x00015d45   Thumb Code   464  daddsub_clz.o(x$fpl$dsub)
    __aeabi_f2d                              0x00015f19   Thumb Code     0  f2d.o(x$fpl$f2d)
    _f2d                                     0x00015f19   Thumb Code    86  f2d.o(x$fpl$f2d)
    __aeabi_fadd                             0x00015f71   Thumb Code     0  faddsub_clz.o(x$fpl$fadd)
    _fadd                                    0x00015f71   Thumb Code   196  faddsub_clz.o(x$fpl$fadd)
    __fpl_fcheck_NaN1                        0x00016035   Thumb Code     6  fcheck1.o(x$fpl$fcheck1)
    __fpl_fcmp_Inf                           0x00016041   Thumb Code    24  fcmpi.o(x$fpl$fcmpinf)
    __aeabi_fdiv                             0x00016059   Thumb Code     0  fdiv.o(x$fpl$fdiv)
    _fdiv                                    0x00016059   Thumb Code   384  fdiv.o(x$fpl$fdiv)
    __aeabi_f2iz                             0x000161dd   Thumb Code     0  ffix.o(x$fpl$ffix)
    _ffix                                    0x000161dd   Thumb Code    54  ffix.o(x$fpl$ffix)
    __aeabi_i2f                              0x00016215   Thumb Code     0  fflt_clz.o(x$fpl$fflt)
    _fflt                                    0x00016215   Thumb Code    48  fflt_clz.o(x$fpl$fflt)
    __aeabi_ui2f                             0x00016245   Thumb Code     0  fflt_clz.o(x$fpl$ffltu)
    _ffltu                                   0x00016245   Thumb Code    38  fflt_clz.o(x$fpl$ffltu)
    __aeabi_cfcmple                          0x0001626d   Thumb Code     0  fleqf.o(x$fpl$fleqf)
    _fcmple                                  0x0001626d   Thumb Code   104  fleqf.o(x$fpl$fleqf)
    __fpl_fcmple_InfNaN                      0x000162bf   Thumb Code     0  fleqf.o(x$fpl$fleqf)
    __aeabi_fmul                             0x000162d5   Thumb Code     0  fmul.o(x$fpl$fmul)
    _fmul                                    0x000162d5   Thumb Code   258  fmul.o(x$fpl$fmul)
    __fpl_fnaninf                            0x000163d7   Thumb Code   140  fnaninf.o(x$fpl$fnaninf)
    __fpl_fretinf                            0x00016463   Thumb Code    10  fretinf.o(x$fpl$fretinf)
    __aeabi_cfrcmple                         0x0001646d   Thumb Code     0  frleqf.o(x$fpl$frleqf)
    _frcmple                                 0x0001646d   Thumb Code    98  frleqf.o(x$fpl$frleqf)
    __aeabi_frsub                            0x000164cf   Thumb Code     0  faddsub_clz.o(x$fpl$frsb)
    _frsb                                    0x000164cf   Thumb Code    20  faddsub_clz.o(x$fpl$frsb)
    __aeabi_fsub                             0x000164e5   Thumb Code     0  faddsub_clz.o(x$fpl$fsub)
    _fsub                                    0x000164e5   Thumb Code   234  faddsub_clz.o(x$fpl$fsub)
    __fpl_return_NaN                         0x000165cf   Thumb Code   100  retnan.o(x$fpl$retnan)
    __ARM_scalbn                             0x00016633   Thumb Code    92  scalbn.o(x$fpl$scalbn)
    __ARM_scalbnf                            0x0001668f   Thumb Code    76  scalbnf.o(x$fpl$scalbnf)
    __fpl_cmpreturn                          0x000166db   Thumb Code    48  trapv.o(x$fpl$trapveneer)
    __I$use$fp                               0x0001670a   Number         0  usenofp.o(x$fpl$usenofp)
    Region$$Table$$Base                      0x000168bc   Number         0  anon$$obj.o(Region$$Table)
    Region$$Table$$Limit                     0x000168dc   Number         0  anon$$obj.o(Region$$Table)
    SystemCoreClock                          0x10000000   Data           4  system_lpc17xx.o(.data)
    latch_num                                0x10000008   Data           4  cyclessync.o(.data)
    WP_reg32                                 0x10000050   Data           4  cplc.o(.data)
    MaxDelayPLC                              0x10000068   Data           4  cplc.o(.data)
    phase_Digital                            0x1000006c   Data           4  cplc.o(.data)
    accum_error                              0x10000074   Data           4  dither.o(.data)
    ph_error                                 0x10000078   Data           4  dither.o(.data)
    RI_diff                                  0x100000a8   Data           4  dither.o(.data)
    MaxDelay                                 0x100000ac   Data           4  dither.o(.data)
    VB_tau_Ins                               0x100000b0   Data           4  dither.o(.data)
    temp2                                    0x100000b4   Data           4  dither.o(.data)
    temp3                                    0x100000b8   Data           4  dither.o(.data)
    ExchangeErr                              0x100000bc   Data           4  exchange.o(.data)
    g_bIsStartRequested                      0x100000c4   Data           1  gld.o(.data)
    g_bIsStopRequested                       0x100000c5   Data           1  gld.o(.data)
    CMD_Mode                                 0x100000cc   Data           4  global.o(.data)
    Device_Mode                              0x100000d0   Data           4  global.o(.data)
    stop_Rq                                  0x100000d4   Data           4  global.o(.data)
    Is_BIT                                   0x100000d8   Data           4  global.o(.data)
    PrevPeriod                               0x100000dc   Data           4  global.o(.data)
    Latch_Rdy                                0x100000e0   Data           4  global.o(.data)
    LatchPhase                               0x100000e4   Data           4  global.o(.data)
    Ext_Latch_ResetEnable                    0x100000e8   Data           4  global.o(.data)
    data_Rdy                                 0x100000ec   Data           4  global.o(.data)
    rcv_num_byt                              0x100000f0   Data           4  global.o(.data)
    rcv_Rdy                                  0x100000f4   Data           4  global.o(.data)
    rx_buf_copy                              0x100000f8   Data           4  global.o(.data)
    rcv_byt_copy                             0x100000fc   Data           4  global.o(.data)
    rcv_num_byt_old                          0x10000100   Data           4  global.o(.data)
    trm_num_byt                              0x10000104   Data           4  global.o(.data)
    trm_ena                                  0x10000108   Data           4  global.o(.data)
    num_of_par                               0x1000010c   Data           4  global.o(.data)
    line_err                                 0x10000110   Data           4  global.o(.data)
    line_sts                                 0x10000114   Data           4  global.o(.data)
    CMD_Code                                 0x10000118   Data           4  global.o(.data)
    SRgR                                     0x1000011c   Data           4  global.o(.data)
    Vibro_2_CountIn                          0x10000120   Data           4  global.o(.data)
    Valid_Data                               0x10000124   Data           4  global.o(.data)
    BIT_number                               0x10000128   Data           4  global.o(.data)
    Sys_Clock                                0x1000012c   Data           4  global.o(.data)
    Out_main_cycle_latch                     0x10000130   Data           4  global.o(.data)
    Out_T_latch                              0x10000134   Data           4  global.o(.data)
    TermoCompDelta_dNdT                      0x1000013c   Data           4  thermo.o(.data)
    smooth_dT                                0x10000160   Data           4  thermo.o(.data)
    g_bIsStarted                             0x10000164   Data           1  ignit.o(.data)
    g_bIsRequested                           0x10000165   Data           1  ignit.o(.data)
    g_bIsBusy                                0x10000166   Data           1  ignit.o(.data)
    g_nStatusTime                            0x1000016c   Data           4  ignit.o(.data)
    temp22                                   0x10000178   Data           4  sip_1.o(.data)
    Dif_Curr_32                              0x1000017c   Data           4  sip_1.o(.data)
    highPls                                  0x100001b0   Data           4  math_dsp.o(.data)
    lowPls                                   0x100001b4   Data           4  math_dsp.o(.data)
    g_mcs_cnt                                0x100001d0   Data           4  hardware.o(.data)
    EnablTx                                  0x100001d4   Data           4  uart.o(.data)
    FRList                                   0x100001d8   Data         288  uart.o(.data)
    DIVADDVALList                            0x100002f8   Data         288  uart.o(.data)
    MULVALList                               0x10000418   Data         288  uart.o(.data)
    I2CMasterState                           0x10000538   Data           4  i2c.o(.data)
    _arm_global_overflow::v                  0x10000544   Data           4  cplc.o(.data__ZZ20_arm_global_overflowE1v)
    g_gld                                    0x10000548   Data        5752  global.o(.bss)
    rcv_buf                                  0x10001bc0   Data         256  global.o(.bss)
    rcv_copy                                 0x10001cc0   Data         256  global.o(.bss)
    trm_buf                                  0x10001dc0   Data         256  global.o(.bss)
    addr_param                               0x10001ec0   Data          64  global.o(.bss)
    size_param                               0x10001f00   Data          64  global.o(.bss)
    Output                                   0x10001f40   Data         120  global.o(.bss)
    g_input                                  0x10001fb8   Data          24  global.o(.bss)
    Device_blk                               0x10001fd0   Data         684  global.o(.bss)
    buffer_dT                                0x1000227c   Data          16  thermo.o(.bss)
    dynamic_                                 0x1000228c   Data          68  thermo.o(.bss)
    static_                                  0x100022d0   Data          68  thermo.o(.bss)
    BufInMovAverPls                          0x10002450   Data         268  math_dsp.o(.bss)
    BufInMovAverMns                          0x1000255c   Data         268  math_dsp.o(.bss)
    BufInMovAverPls_2                        0x10002668   Data         268  math_dsp.o(.bss)
    BufInMovAverMns_2                        0x10002774   Data         268  math_dsp.o(.bss)
    hMovAver                                 0x10002880   Data         268  math_dsp.o(.bss)
    aPLC                                     0x1000298c   Data          12  math_dsp.o(.bss)
    bPLC                                     0x10002998   Data          12  math_dsp.o(.bss)
    aDUP                                     0x100029a4   Data          12  math_dsp.o(.bss)
    bDUP                                     0x100029b0   Data          12  math_dsp.o(.bss)
    LLI0_TypeDef                             0x100029bc   Data          16  uart.o(.bss)
    LLI1_TypeDef                             0x100029cc   Data          16  uart.o(.bss)
    I2CMasterBuffer                          0x100029dc   Data          24  i2c.o(.bss)
    _random_number_data                      0x100029f4   Data         228  rand.o(.bss)
    __libspace_start                         0x10002ad8   Data          96  libspace.o(.bss)
    __temporary_stack_top$libspace           0x10002b38   Data           0  libspace.o(.bss)



==============================================================================

Memory Map of the image

  Image Entry point : 0x000100c5

  Load Region LR_IROM1 (Base: 0x00010000, Size: 0x00006e24, Max: 0x00080000, ABSOLUTE, COMPRESSED[0x00006b0c])

    Execution Region ER_IROM1 (Base: 0x00010000, Size: 0x000068dc, Max: 0x00080000, ABSOLUTE)

    Base Addr    Size         Type   Attr      Idx    E Section Name        Object

    0x00010000   0x000000c4   Data   RO            3    RESET               startup_lpc17xx.o
    0x000100c4   0x00000008   Code   RO         2462  * !!!main             c_w.l(__main.o)
    0x000100cc   0x00000034   Code   RO         2786    !!!scatter          c_w.l(__scatter.o)
    0x00010100   0x00000064   Code   RO         2784    !!dclz77c           c_w.l(__dclz77c.o)
    0x00010164   0x0000001c   Code   RO         2788    !!handler_zi        c_w.l(__scatter_zi.o)
    0x00010180   0x00000000   Code   RO         2446    .ARM.Collect$$_printf_percent$$00000000  c_w.l(_printf_percent.o)
    0x00010180   0x00000006   Code   RO         2444    .ARM.Collect$$_printf_percent$$00000009  c_w.l(_printf_d.o)
    0x00010186   0x00000006   Code   RO         2445    .ARM.Collect$$_printf_percent$$0000000A  c_w.l(_printf_u.o)
    0x0001018c   0x00000006   Code   RO         2443    .ARM.Collect$$_printf_percent$$0000000C  c_w.l(_printf_x.o)
    0x00010192   0x00000006   Code   RO         2442    .ARM.Collect$$_printf_percent$$00000014  c_w.l(_printf_s.o)
    0x00010198   0x00000004   Code   RO         2553    .ARM.Collect$$_printf_percent$$00000017  c_w.l(_printf_percent_end.o)
    0x0001019c   0x00000002   Code   RO         2704    .ARM.Collect$$libinit$$00000000  c_w.l(libinit.o)
    0x0001019e   0x00000000   Code   RO         2559    .ARM.Collect$$libinit$$00000002  c_w.l(libinit2.o)
    0x0001019e   0x00000000   Code   RO         2561    .ARM.Collect$$libinit$$00000004  c_w.l(libinit2.o)
    0x0001019e   0x00000000   Code   RO         2564    .ARM.Collect$$libinit$$0000000A  c_w.l(libinit2.o)
    0x0001019e   0x00000000   Code   RO         2566    .ARM.Collect$$libinit$$0000000C  c_w.l(libinit2.o)
    0x0001019e   0x00000004   Code   RO         2567    .ARM.Collect$$libinit$$0000000D  c_w.l(libinit2.o)
    0x000101a2   0x00000000   Code   RO         2568    .ARM.Collect$$libinit$$0000000E  c_w.l(libinit2.o)
    0x000101a2   0x00000000   Code   RO         2571    .ARM.Collect$$libinit$$00000011  c_w.l(libinit2.o)
    0x000101a2   0x00000000   Code   RO         2573    .ARM.Collect$$libinit$$00000013  c_w.l(libinit2.o)
    0x000101a2   0x00000000   Code   RO         2575    .ARM.Collect$$libinit$$00000015  c_w.l(libinit2.o)
    0x000101a2   0x00000000   Code   RO         2577    .ARM.Collect$$libinit$$00000017  c_w.l(libinit2.o)
    0x000101a2   0x00000000   Code   RO         2579    .ARM.Collect$$libinit$$00000019  c_w.l(libinit2.o)
    0x000101a2   0x00000000   Code   RO         2581    .ARM.Collect$$libinit$$0000001B  c_w.l(libinit2.o)
    0x000101a2   0x00000000   Code   RO         2583    .ARM.Collect$$libinit$$0000001D  c_w.l(libinit2.o)
    0x000101a2   0x00000000   Code   RO         2585    .ARM.Collect$$libinit$$0000001F  c_w.l(libinit2.o)
    0x000101a2   0x00000000   Code   RO         2587    .ARM.Collect$$libinit$$00000021  c_w.l(libinit2.o)
    0x000101a2   0x00000000   Code   RO         2589    .ARM.Collect$$libinit$$00000023  c_w.l(libinit2.o)
    0x000101a2   0x00000000   Code   RO         2591    .ARM.Collect$$libinit$$00000025  c_w.l(libinit2.o)
    0x000101a2   0x00000000   Code   RO         2595    .ARM.Collect$$libinit$$0000002C  c_w.l(libinit2.o)
    0x000101a2   0x00000000   Code   RO         2597    .ARM.Collect$$libinit$$0000002E  c_w.l(libinit2.o)
    0x000101a2   0x00000000   Code   RO         2599    .ARM.Collect$$libinit$$00000030  c_w.l(libinit2.o)
    0x000101a2   0x00000000   Code   RO         2601    .ARM.Collect$$libinit$$00000032  c_w.l(libinit2.o)
    0x000101a2   0x00000002   Code   RO         2602    .ARM.Collect$$libinit$$00000033  c_w.l(libinit2.o)
    0x000101a4   0x00000002   Code   RO         2747    .ARM.Collect$$libshutdown$$00000000  c_w.l(libshutdown.o)
    0x000101a6   0x00000000   Code   RO         2753    .ARM.Collect$$libshutdown$$00000002  c_w.l(libshutdown2.o)
    0x000101a6   0x00000000   Code   RO         2755    .ARM.Collect$$libshutdown$$00000004  c_w.l(libshutdown2.o)
    0x000101a6   0x00000000   Code   RO         2758    .ARM.Collect$$libshutdown$$00000007  c_w.l(libshutdown2.o)
    0x000101a6   0x00000000   Code   RO         2761    .ARM.Collect$$libshutdown$$0000000A  c_w.l(libshutdown2.o)
    0x000101a6   0x00000000   Code   RO         2763    .ARM.Collect$$libshutdown$$0000000C  c_w.l(libshutdown2.o)
    0x000101a6   0x00000000   Code   RO         2766    .ARM.Collect$$libshutdown$$0000000F  c_w.l(libshutdown2.o)
    0x000101a6   0x00000002   Code   RO         2767    .ARM.Collect$$libshutdown$$00000010  c_w.l(libshutdown2.o)
    0x000101a8   0x00000000   Code   RO         2540    .ARM.Collect$$rtentry$$00000000  c_w.l(__rtentry.o)
    0x000101a8   0x00000000   Code   RO         2649    .ARM.Collect$$rtentry$$00000002  c_w.l(__rtentry2.o)
    0x000101a8   0x00000006   Code   RO         2661    .ARM.Collect$$rtentry$$00000004  c_w.l(__rtentry4.o)
    0x000101ae   0x00000000   Code   RO         2651    .ARM.Collect$$rtentry$$00000009  c_w.l(__rtentry2.o)
    0x000101ae   0x00000004   Code   RO         2652    .ARM.Collect$$rtentry$$0000000A  c_w.l(__rtentry2.o)
    0x000101b2   0x00000000   Code   RO         2654    .ARM.Collect$$rtentry$$0000000C  c_w.l(__rtentry2.o)
    0x000101b2   0x00000008   Code   RO         2655    .ARM.Collect$$rtentry$$0000000D  c_w.l(__rtentry2.o)
    0x000101ba   0x00000002   Code   RO         2709    .ARM.Collect$$rtexit$$00000000  c_w.l(rtexit.o)
    0x000101bc   0x00000000   Code   RO         2725    .ARM.Collect$$rtexit$$00000002  c_w.l(rtexit2.o)
    0x000101bc   0x00000004   Code   RO         2726    .ARM.Collect$$rtexit$$00000003  c_w.l(rtexit2.o)
    0x000101c0   0x00000006   Code   RO         2727    .ARM.Collect$$rtexit$$00000004  c_w.l(rtexit2.o)
    0x000101c6   0x00000002   PAD
    0x000101c8   0x00000034   Code   RO         2447    .emb_text           c_w.l(rand.o)
    0x000101fc   0x0000003c   Code   RO            4    .text               startup_lpc17xx.o
    0x00010238   0x00000048   Code   RO         2389    .text               c_w.l(llsdiv.o)
    0x00010280   0x00000028   Code   RO         2393    .text               c_w.l(noretval__2sprintf.o)
    0x000102a8   0x00000068   Code   RO         2395    .text               c_w.l(__printf.o)
    0x00010310   0x00000052   Code   RO         2397    .text               c_w.l(_printf_str.o)
    0x00010362   0x00000002   PAD
    0x00010364   0x00000078   Code   RO         2399    .text               c_w.l(_printf_dec.o)
    0x000103dc   0x00000058   Code   RO         2404    .text               c_w.l(_printf_hex_int.o)
    0x00010434   0x0000003c   Code   RO         2448    .text               c_w.l(rand.o)
    0x00010470   0x0000003e   Code   RO         2452    .text               c_w.l(strlen.o)
    0x000104ae   0x0000008a   Code   RO         2454    .text               c_w.l(rt_memcpy_v6.o)
    0x00010538   0x00000010   Code   RO         2456    .text               c_w.l(aeabi_memset.o)
    0x00010548   0x0000004e   Code   RO         2458    .text               c_w.l(rt_memclr_w.o)
    0x00010596   0x00000006   Code   RO         2460    .text               c_w.l(heapauxi.o)
    0x0001059c   0x000000ee   Code   RO         2541    .text               c_w.l(lludivv7m.o)
    0x0001068a   0x00000016   Code   RO         2543    .text               c_w.l(_rserrno.o)
    0x000106a0   0x000000b2   Code   RO         2545    .text               c_w.l(_printf_intcommon.o)
    0x00010752   0x00000002   PAD
    0x00010754   0x00000030   Code   RO         2547    .text               c_w.l(_printf_char_common.o)
    0x00010784   0x0000000a   Code   RO         2549    .text               c_w.l(_sputc.o)
    0x0001078e   0x0000002c   Code   RO         2551    .text               c_w.l(_printf_char.o)
    0x000107ba   0x00000064   Code   RO         2554    .text               c_w.l(rt_memcpy_w.o)
    0x0001081e   0x00000044   Code   RO         2556    .text               c_w.l(rt_memclr.o)
    0x00010862   0x00000002   PAD
    0x00010864   0x00000008   Code   RO         2670    .text               c_w.l(rt_errno_addr_intlibspace.o)
    0x0001086c   0x00000008   Code   RO         2686    .text               c_w.l(libspace.o)
    0x00010874   0x0000004a   Code   RO         2689    .text               c_w.l(sys_stackheap_outer.o)
    0x000108be   0x00000012   Code   RO         2693    .text               c_w.l(exit.o)
    0x000108d0   0x00000002   Code   RO         2721    .text               c_w.l(use_no_semi.o)
    0x000108d2   0x00000000   Code   RO         2723    .text               c_w.l(indicate_semi.o)
    0x000108d2   0x00000002   PAD
    0x000108d4   0x0000000c   Code   RO         2739    .text               c_w.l(sys_exit.o)
    0x000108e0   0x00000050   Code   RO           66    i.CounterIquiryCycle_Init  cyclessync.o
    0x00010930   0x00000030   Code   RO         2070    i.DMA_Init          uart.o
    0x00010960   0x00000074   Code   RO         1581    i.DUP_Filt          math_dsp.o
    0x000109d4   0x0000003c   Code   RO           67    i.EINT3_IRQHandler  cyclessync.o
    0x00010a10   0x000000b4   Code   RO           68    i.ExtLatch_Init     cyclessync.o
    0x00010ac4   0x0000002c   Code   RO           69    i.IntLatch_IRQHandler  cyclessync.o
    0x00010af0   0x0000003c   Code   RO           70    i.IntLatch_Init     cyclessync.o
    0x00010b2c   0x0000005c   Code   RO           71    i.Latch_Event       cyclessync.o
    0x00010b88   0x00000028   Code   RO           72    i.MCPWM_IRQHandler  cyclessync.o
    0x00010bb0   0x00000016   Code   RO           73    i.NVIC_DisableIRQ   cyclessync.o
    0x00010bc6   0x00000016   Code   RO          342    i.NVIC_DisableIRQ   parameters.o
    0x00010bdc   0x00000016   Code   RO           74    i.NVIC_EnableIRQ    cyclessync.o
    0x00010bf2   0x00000002   PAD
    0x00010bf4   0x0000004c   Code   RO          994    i.PLC_MeanderDelay  cplc.o
    0x00010c40   0x000000ac   Code   RO         1582    i.PLC_PhaseDetFilt  math_dsp.o
    0x00010cec   0x0000005c   Code   RO           75    i.QEI_IRQHandler    cyclessync.o
    0x00010d48   0x0000000e   Code   RO         1537    i.ResetBitsOfWord   sip_1.o
    0x00010d56   0x00000002   PAD
    0x00010d58   0x00000084   Code   RO         2273    i.SOI_Init          qei.o
    0x00010ddc   0x00000054   Code   RO           76    i.ServiceTime       cyclessync.o
    0x00010e30   0x00000024   Code   RO           77    i.SetIntLatch       cyclessync.o
    0x00010e54   0x00000224   Code   RO           78    i.SwitchMode        cyclessync.o
    0x00011078   0x00000068   Code   RO           79    i.SwitchRefMeandInt  cyclessync.o
    0x000110e0   0x000000d4   Code   RO           25    i.SystemCoreClockUpdate  system_lpc17xx.o
    0x000111b4   0x000000c4   Code   RO           26    i.SystemInit        system_lpc17xx.o
    0x00011278   0x00000050   Code   RO           80    i.TIMER0_IRQHandler  cyclessync.o
    0x000112c8   0x0000001c   Code   RO         1753    i.TIMER1_IRQHandler  hardware.o
    0x000112e4   0x0000007c   Code   RO         2071    i.UART0_Init        uart.o
    0x00011360   0x00000098   Code   RO         2074    i.UART1_Init        uart.o
    0x000113f8   0x00000012   Code   RO         2081    i.UART_Init         uart.o
    0x0001140a   0x00000002   PAD
    0x0001140c   0x00000084   Code   RO         2084    i.UART_SwitchSpeed  uart.o
    0x00011490   0x0000006c   Code   RO         1063    i.VB_MeanderDelay   dither.o
    0x000114fc   0x00000024   Code   RO         1064    i.VB_PhaseDetectorRate  dither.o
    0x00011520   0x00000028   Code   RO         1065    i.VibroDither_Init  dither.o
    0x00011548   0x00000024   Code   RO         1066    i.VibroDither_Set   dither.o
    0x0001156c   0x000000c8   Code   RO         1583    i.VibroReduce       math_dsp.o
    0x00011634   0x0000000c   Code   RO           82    i.WDTFeed           cyclessync.o
    0x00011640   0x00000024   Code   RO          995    i.WP_PhaseDetectorRate  cplc.o
    0x00011664   0x00000028   Code   RO         2682    i.__ARM_fpclassify  m_ws.l(fpclassify.o)
    0x0001168c   0x00000388   Code   RO         2637    i.__ieee754_rem_pio2  m_ws.l(rred.o)
    0x00011a14   0x000000fc   Code   RO         2620    i.__kernel_cos      m_ws.l(cos_i.o)
    0x00011b10   0x000000aa   Code   RO         2684    i.__kernel_poly     m_ws.l(poly.o)
    0x00011bba   0x00000002   PAD
    0x00011bbc   0x000000ec   Code   RO         2642    i.__kernel_sin      m_ws.l(sin_i.o)
    0x00011ca8   0x00000006   Code   RO         2624    i.__mathlib_dbl_infnan  m_ws.l(dunder.o)
    0x00011cae   0x0000000c   Code   RO         2626    i.__mathlib_dbl_invalid  m_ws.l(dunder.o)
    0x00011cba   0x00000002   PAD
    0x00011cbc   0x00000010   Code   RO         2629    i.__mathlib_dbl_underflow  m_ws.l(dunder.o)
    0x00011ccc   0x00000084   Code   RO          996    i.calc_sin_func     cplc.o
    0x00011d50   0x00000040   Code   RO         1338    i.clc_AD            hfo.o
    0x00011d90   0x000001b0   Code   RO         1069    i.clc_Dith_regulator  dither.o
    0x00011f40   0x00000168   Code   RO         1070    i.clc_OutFreq_regulator  dither.o
    0x000120a8   0x00000238   Code   RO         1538    i.clc_Pulses        sip_1.o
    0x000122e0   0x0000002c   Code   RO          457    i.command_SwitchSpeed  command.o
    0x0001230c   0x00000038   Code   RO          528    i.command_ans_DELTA_BINS  command_handlers.o
    0x00012344   0x00000030   Code   RO          530    i.command_ans_DELTA_PS_EXEC  command_handlers.o
    0x00012374   0x00000058   Code   RO          531    i.command_ans_DELTA_SF  command_handlers.o
    0x000123cc   0x00000044   Code   RO          532    i.command_ans_DEV_MODE  command_handlers.o
    0x00012410   0x0000004c   Code   RO          535    i.command_ans_M_ADC_R  command_handlers.o
    0x0001245c   0x00000034   Code   RO          537    i.command_ans_M_CNT_R  command_handlers.o
    0x00012490   0x00000074   Code   RO          538    i.command_ans_M_CTL_M  command_handlers.o
    0x00012504   0x00000048   Code   RO          539    i.command_ans_M_CTL_R  command_handlers.o
    0x0001254c   0x00000014   Code   RO          542    i.command_ans_M_FLG_R  command_handlers.o
    0x00012560   0x0000004c   Code   RO          546    i.command_ans_M_MIRR  command_handlers.o
    0x000125ac   0x00000038   Code   RO          547    i.command_ans_M_PARAM_R  command_handlers.o
    0x000125e4   0x00000088   Code   RO          550    i.command_ans_M_RATE1  command_handlers.o
    0x0001266c   0x00000034   Code   RO          551    i.command_ans_M_RATE2  command_handlers.o
    0x000126a0   0x0000002c   Code   RO          552    i.command_ans_M_RATE3  command_handlers.o
    0x000126cc   0x0000004c   Code   RO          555    i.command_ans_M_RATE7  command_handlers.o
    0x00012718   0x0000002c   Code   RO          564    i.command_ans_common  command_handlers.o
    0x00012744   0x00000060   Code   RO          565    i.command_ans_device_status  command_handlers.o
    0x000127a4   0x000000b8   Code   RO          458    i.command_check_lcc  command.o
    0x0001285c   0x0000005c   Code   RO          566    i.command_cmd_BIT_MODE  command_handlers.o
    0x000128b8   0x00000030   Code   RO          568    i.command_cmd_DELTA_BINS  command_handlers.o
    0x000128e8   0x00000038   Code   RO          569    i.command_cmd_DELTA_PS  command_handlers.o
    0x00012920   0x00000048   Code   RO          570    i.command_cmd_DELTA_PS_EXEC  command_handlers.o
    0x00012968   0x00000018   Code   RO          571    i.command_cmd_DELTA_SF  command_handlers.o
    0x00012980   0x00000020   Code   RO          572    i.command_cmd_DEV_MODE  command_handlers.o
    0x000129a0   0x00000048   Code   RO          574    i.command_cmd_MAINT  command_handlers.o
    0x000129e8   0x000000c0   Code   RO          459    i.command_decode    command.o
    0x00012aa8   0x00000298   Code   RO          576    i.command_handle    command_handlers.o
    0x00012d40   0x0000002c   Code   RO          460    i.command_recieve   command.o
    0x00012d6c   0x00000080   Code   RO          461    i.command_recieve_bootloader  command.o
    0x00012dec   0x00000148   Code   RO          462    i.command_recieve_gld  command.o
    0x00012f34   0x00000018   Code   RO          578    i.command_subcmd_M_CLEAR  command_handlers.o
    0x00012f4c   0x00000012   Code   RO          579    i.command_subcmd_M_CNT_R  command_handlers.o
    0x00012f5e   0x00000002   PAD
    0x00012f60   0x00000014   Code   RO          581    i.command_subcmd_M_CTL_R  command_handlers.o
    0x00012f74   0x00000030   Code   RO          585    i.command_subcmd_M_GPH_W  command_handlers.o
    0x00012fa4   0x0000001c   Code   RO          586    i.command_subcmd_M_LDPAR_D  command_handlers.o
    0x00012fc0   0x0000001c   Code   RO          587    i.command_subcmd_M_LDPAR_F  command_handlers.o
    0x00012fdc   0x00000010   Code   RO          588    i.command_subcmd_M_MIRR  command_handlers.o
    0x00012fec   0x00000028   Code   RO          590    i.command_subcmd_M_PARAM_W  command_handlers.o
    0x00013014   0x0000001c   Code   RO          591    i.command_subcmd_M_PULSE  command_handlers.o
    0x00013030   0x0000003c   Code   RO          592    i.command_subcmd_M_RATE1  command_handlers.o
    0x0001306c   0x00000040   Code   RO          593    i.command_subcmd_M_RATE2  command_handlers.o
    0x000130ac   0x00000030   Code   RO          594    i.command_subcmd_M_RATE3  command_handlers.o
    0x000130dc   0x00000030   Code   RO          596    i.command_subcmd_M_RATE7  command_handlers.o
    0x0001310c   0x0000006c   Code   RO          597    i.command_subcmd_M_RESET  command_handlers.o
    0x00013178   0x0000001c   Code   RO          598    i.command_subcmd_M_START  command_handlers.o
    0x00013194   0x0000004c   Code   RO          599    i.command_subcmd_M_STIMUL  command_handlers.o
    0x000131e0   0x0000001c   Code   RO          600    i.command_subcmd_M_STOP  command_handlers.o
    0x000131fc   0x0000003c   Code   RO          603    i.command_subcmd_M_VIB_W  command_handlers.o
    0x00013238   0x000000c4   Code   RO          463    i.command_transm    command.o
    0x000132fc   0x00000044   Code   RO          464    i.command_utility_read_param  command.o
    0x00013340   0x0000009c   Code   RO         2525    i.cos               m_ws.l(cos.o)
    0x000133dc   0x00000084   Code   RO          997    i.cplc_calc_modulator  cplc.o
    0x00013460   0x000000a0   Code   RO          998    i.cplc_init         cplc.o
    0x00013500   0x0000013c   Code   RO          999    i.cplc_regulator    cplc.o
    0x0001363c   0x00000014   Code   RO         1339    i.currentReg_init   hfo.o
    0x00013650   0x0000003e   Code   RO         1384    i.dNdT_calc         thermo.o
    0x0001368e   0x00000002   PAD
    0x00013690   0x00000330   Code   RO          604    i.dbg_recieve       command_handlers.o
    0x000139c0   0x00000070   Code   RO         1071    i.dither_init       dither.o
    0x00013a30   0x00000138   Code   RO         1072    i.dither_noise_regulator  dither.o
    0x00013b68   0x00000040   Code   RO         1584    i.dsp_MovAverFilt   math_dsp.o
    0x00013ba8   0x00000094   Code   RO         1171    i.exchange_regul_data_read  exchange.o
    0x00013c3c   0x00000070   Code   RO         1172    i.exchange_regul_data_write  exchange.o
    0x00013cac   0x0000009c   Code   RO         2085    i.getFRValues       uart.o
    0x00013d48   0x00000138   Code   RO         2086    i.getFractionValues  uart.o
    0x00013e80   0x00000034   Code   RO         2087    i.getPclk           uart.o
    0x00013eb4   0x00000016   Code   RO         1209    i.gld_control       gld.o
    0x00013eca   0x00000002   PAD
    0x00013ecc   0x00000048   Code   RO         1211    i.gld_output        gld.o
    0x00013f14   0x00000030   Code   RO         1214    i.gld_status        gld.o
    0x00013f44   0x00000014   Code   RO         1215    i.gld_stop          gld.o
    0x00013f58   0x0000002c   Code   RO         1450    i.handle_pause      ignit.o
    0x00013f84   0x00000064   Code   RO         1451    i.handle_polling    ignit.o
    0x00013fe8   0x00000034   Code   RO         1452    i.handle_pulse      ignit.o
    0x0001401c   0x0000000c   Code   RO         1756    i.hardware_backlight_off  hardware.o
    0x00014028   0x0000000c   Code   RO         1757    i.hardware_backlight_on  hardware.o
    0x00014034   0x0000002c   Code   RO         1758    i.hardware_configure_backlight  hardware.o
    0x00014060   0x0000002c   Code   RO         1759    i.hardware_configure_lightup  hardware.o
    0x0001408c   0x00000024   Code   RO         2301    i.hardware_dac_init  dac.o
    0x000140b0   0x00000010   Code   RO         2302    i.hardware_dac_send  dac.o
    0x000140c0   0x0000000c   Code   RO         1767    i.hardware_lightup_off  hardware.o
    0x000140cc   0x0000000c   Code   RO         1768    i.hardware_lightup_on  hardware.o
    0x000140d8   0x00000004   Code   RO         1769    i.hardware_modulator  hardware.o
    0x000140dc   0x00000004   Code   RO         1770    i.hardware_photo_exchange  hardware.o
    0x000140e0   0x00000004   Code   RO         1771    i.hardware_photo_init  hardware.o
    0x000140e4   0x0000000c   Code   RO         1772    i.hardware_photo_set  hardware.o
    0x000140f0   0x00000004   Code   RO         1773    i.hardware_regul_data_init  hardware.o
    0x000140f4   0x00000004   Code   RO         1774    i.hardware_regul_data_read  hardware.o
    0x000140f8   0x0000003a   Code   RO         1775    i.hardware_regul_data_write  hardware.o
    0x00014132   0x00000008   Code   RO         1776    i.hardware_reset_adc  hardware.o
    0x0001413a   0x00000006   Code   RO         1777    i.hardware_reset_dac  hardware.o
    0x00014140   0x00000008   Code   RO         1778    i.hardware_set_adc  hardware.o
    0x00014148   0x00000006   Code   RO         1779    i.hardware_set_dac  hardware.o
    0x0001414e   0x00000002   PAD
    0x00014150   0x00000060   Code   RO         2353    i.i2c_init          i2c.o
    0x000141b0   0x000000b8   Code   RO         2354    i.i2c_send          i2c.o
    0x00014268   0x00000020   Code   RO         2355    i.i2c_setData       i2c.o
    0x00014288   0x00000014   Code   RO         1453    i.ignit_init        ignit.o
    0x0001429c   0x0000000c   Code   RO         1458    i.ignit_set_request  ignit.o
    0x000142a8   0x0000004c   Code   RO         1460    i.ignit_single      ignit.o
    0x000142f4   0x0000007c   Code   RO         1461    i.ignit_start       ignit.o
    0x00014370   0x0000013c   Code   RO          291    i.init              main.o
    0x000144ac   0x0000018c   Code   RO         1585    i.init_BandPass     math_dsp.o
    0x00014638   0x000000cc   Code   RO         1586    i.init_VibroReduce  math_dsp.o
    0x00014704   0x00000040   Code   RO         1539    i.interpolation     sip_1.o
    0x00014744   0x00000020   Code   RO         2088    i.isIntValue        uart.o
    0x00014764   0x00000098   Code   RO          292    i.loop              main.o
    0x000147fc   0x00000006   Code   RO         2324    i.ltc16xx_create_input_word_data  ltc1622.o
    0x00014802   0x00000006   Code   RO         2325    i.ltc16xx_create_input_word_hdr  ltc1622.o
    0x00014808   0x0000000a   Code   RO          294    i.main              main.o
    0x00014812   0x00000002   PAD
    0x00014814   0x0000001c   Code   RO         1642    i.memory_read       memory.o
    0x00014830   0x000001cc   Code   RO         1643    i.memory_write      memory.o
    0x000149fc   0x00000098   Code   RO          344    i.params_load       parameters.o
    0x00014a94   0x0000013c   Code   RO          345    i.params_load_default  parameters.o
    0x00014bd0   0x00000010   Code   RO          346    i.params_load_flash  parameters.o
    0x00014be0   0x00000048   Code   RO          347    i.params_save2flash  parameters.o
    0x00014c28   0x0000008c   Code   RO         1950    i.pwm_init          pwm.o
    0x00014cb4   0x00000010   Code   RO         1953    i.pwm_on            pwm.o
    0x00014cc4   0x0000002c   Code   RO         1954    i.pwm_pulse_calc    pwm.o
    0x00014cf0   0x00000038   Code   RO         1955    i.pwm_set           pwm.o
    0x00014d28   0x00000014   Code   RO         2274    i.qei_get_direction  qei.o
    0x00014d3c   0x0000000c   Code   RO         2275    i.qei_get_position  qei.o
    0x00014d48   0x000000a0   Code   RO         2533    i.sin               m_ws.l(sin.o)
    0x00014de8   0x000000b0   Code   RO         2003    i.spi_init          spi.o
    0x00014e98   0x00000044   Code   RO         2004    i.spi_read          spi.o
    0x00014edc   0x0000000c   Code   RO         2005    i.spi_reset_cs_ADC  spi.o
    0x00014ee8   0x0000000c   Code   RO         2006    i.spi_reset_cs_DAC  spi.o
    0x00014ef4   0x0000000c   Code   RO         2007    i.spi_set_cs_ADC    spi.o
    0x00014f00   0x0000000c   Code   RO         2008    i.spi_set_cs_DAC    spi.o
    0x00014f0c   0x00000030   Code   RO         2009    i.spi_write         spi.o
    0x00014f3c   0x00000024   Code   RO         1385    i.thermo_CalcCompens  thermo.o
    0x00014f60   0x0000003a   Code   RO         1386    i.thermo_DeltaRecalc  thermo.o
    0x00014f9a   0x00000002   PAD
    0x00014f9c   0x0000002c   Code   RO         1388    i.thermo_MovAver_filter  thermo.o
    0x00014fc8   0x000001cc   Code   RO         1389    i.thermo_clc_ThermoSensors  thermo.o
    0x00015194   0x00000058   Code   RO         1390    i.thermo_init       thermo.o
    0x000151ec   0x00000034   Code   RO         1683    i.u32IAP_CopyRAMToFlash  iap.o
    0x00015220   0x00000028   Code   RO         1685    i.u32IAP_PrepareSectors  iap.o
    0x00015248   0x00000020   Code   RO         2089    i.uart_disable_transm  uart.o
    0x00015268   0x000000a4   Code   RO         2090    i.uart_dma_init     uart.o
    0x0001530c   0x00000018   Code   RO         2091    i.uart_enable_transm  uart.o
    0x00015324   0x00000020   Code   RO         2093    i.uart_recieve      uart.o
    0x00015344   0x00000010   Code   RO         2096    i.uart_recieve_reset  uart.o
    0x00015354   0x00000024   Code   RO         2097    i.uart_recieve_unblocked  uart.o
    0x00015378   0x00000034   Code   RO         2100    i.uart_send_unblocked  uart.o
    0x000153ac   0x00000078   Code   RO         2101    i.uart_transm       uart.o
    0x00015424   0x00000016   Code   RO          410    i.x_ring_get_count  ring_buffer.o
    0x0001543a   0x00000014   Code   RO          412    i.x_ring_init       ring_buffer.o
    0x0001544e   0x00000026   Code   RO          413    i.x_ring_pop        ring_buffer.o
    0x00015474   0x00000020   Code   RO          414    i.x_ring_put        ring_buffer.o
    0x00015494   0x00000062   Code   RO         2464    x$fpl$d2f           fz_ws.l(d2f.o)
    0x000154f6   0x00000002   PAD
    0x000154f8   0x00000150   Code   RO         2466    x$fpl$dadd          fz_ws.l(daddsub_clz.o)
    0x00015648   0x00000010   Code   RO         2603    x$fpl$dcheck1       fz_ws.l(dcheck1.o)
    0x00015658   0x00000018   Code   RO         2605    x$fpl$dcmpinf       fz_ws.l(dcmpi.o)
    0x00015670   0x000002b0   Code   RO         2473    x$fpl$ddiv          fz_ws.l(ddiv.o)
    0x00015920   0x00000078   Code   RO         2476    x$fpl$deqf          fz_ws.l(deqf.o)
    0x00015998   0x0000005e   Code   RO         2478    x$fpl$dfix          fz_ws.l(dfix.o)
    0x000159f6   0x0000002e   Code   RO         2483    x$fpl$dflt          fz_ws.l(dflt_clz.o)
    0x00015a24   0x00000026   Code   RO         2482    x$fpl$dfltu         fz_ws.l(dflt_clz.o)
    0x00015a4a   0x00000002   PAD
    0x00015a4c   0x00000078   Code   RO         2488    x$fpl$dleqf         fz_ws.l(dleqf.o)
    0x00015ac4   0x00000154   Code   RO         2490    x$fpl$dmul          fz_ws.l(dmul.o)
    0x00015c18   0x0000009c   Code   RO         2607    x$fpl$dnaninf       fz_ws.l(dnaninf.o)
    0x00015cb4   0x0000000c   Code   RO         2609    x$fpl$dretinf       fz_ws.l(dretinf.o)
    0x00015cc0   0x0000006c   Code   RO         2492    x$fpl$drleqf        fz_ws.l(drleqf.o)
    0x00015d2c   0x00000016   Code   RO         2467    x$fpl$drsb          fz_ws.l(daddsub_clz.o)
    0x00015d42   0x00000002   PAD
    0x00015d44   0x000001d4   Code   RO         2468    x$fpl$dsub          fz_ws.l(daddsub_clz.o)
    0x00015f18   0x00000056   Code   RO         2494    x$fpl$f2d           fz_ws.l(f2d.o)
    0x00015f6e   0x00000002   PAD
    0x00015f70   0x000000c4   Code   RO         2496    x$fpl$fadd          fz_ws.l(faddsub_clz.o)
    0x00016034   0x0000000c   Code   RO         2611    x$fpl$fcheck1       fz_ws.l(fcheck1.o)
    0x00016040   0x00000018   Code   RO         2676    x$fpl$fcmpinf       fz_ws.l(fcmpi.o)
    0x00016058   0x00000184   Code   RO         2503    x$fpl$fdiv          fz_ws.l(fdiv.o)
    0x000161dc   0x00000036   Code   RO         2506    x$fpl$ffix          fz_ws.l(ffix.o)
    0x00016212   0x00000002   PAD
    0x00016214   0x00000030   Code   RO         2511    x$fpl$fflt          fz_ws.l(fflt_clz.o)
    0x00016244   0x00000026   Code   RO         2510    x$fpl$ffltu         fz_ws.l(fflt_clz.o)
    0x0001626a   0x00000002   PAD
    0x0001626c   0x00000068   Code   RO         2613    x$fpl$fleqf         fz_ws.l(fleqf.o)
    0x000162d4   0x00000102   Code   RO         2516    x$fpl$fmul          fz_ws.l(fmul.o)
    0x000163d6   0x0000008c   Code   RO         2615    x$fpl$fnaninf       fz_ws.l(fnaninf.o)
    0x00016462   0x0000000a   Code   RO         2617    x$fpl$fretinf       fz_ws.l(fretinf.o)
    0x0001646c   0x00000062   Code   RO         2518    x$fpl$frleqf        fz_ws.l(frleqf.o)
    0x000164ce   0x00000014   Code   RO         2497    x$fpl$frsb          fz_ws.l(faddsub_clz.o)
    0x000164e2   0x00000002   PAD
    0x000164e4   0x000000ea   Code   RO         2498    x$fpl$fsub          fz_ws.l(faddsub_clz.o)
    0x000165ce   0x00000064   Code   RO         2680    x$fpl$retnan        fz_ws.l(retnan.o)
    0x00016632   0x0000005c   Code   RO         2520    x$fpl$scalbn        fz_ws.l(scalbn.o)
    0x0001668e   0x0000004c   Code   RO         2522    x$fpl$scalbnf       fz_ws.l(scalbnf.o)
    0x000166da   0x00000030   Code   RO         2705    x$fpl$trapveneer    fz_ws.l(trapv.o)
    0x0001670a   0x00000000   Code   RO         2619    x$fpl$usenofp       fz_ws.l(usenofp.o)
    0x0001670a   0x00000028   Data   RO         2405    .constdata          c_w.l(_printf_hex_int.o)
    0x00016732   0x00000006   PAD
    0x00016738   0x00000030   Data   RO         2621    .constdata          m_ws.l(cos_i.o)
    0x00016768   0x000000c8   Data   RO         2639    .constdata          m_ws.l(rred.o)
    0x00016830   0x00000028   Data   RO         2643    .constdata          m_ws.l(sin_i.o)
    0x00016858   0x00000063   Data   RO          605    .conststring        command_handlers.o
    0x000168bb   0x00000001   PAD
    0x000168bc   0x00000020   Data   RO         2782    Region$$Table       anon$$obj.o


    Execution Region RW_IRAM1 (Base: 0x10000000, Size: 0x00004b38, Max: 0x00008000, ABSOLUTE, COMPRESSED[0x00000230])

    Base Addr    Size         Type   Attr      Idx    E Section Name        Object

    0x10000000   0x00000004   Data   RW           27    .data               system_lpc17xx.o
    0x10000004   0x00000008   Data   RW           85    .data               cyclessync.o
    0x1000000c   0x00000008   Data   RW          465    .data               command.o
    0x10000014   0x0000003c   Data   RW          606    .data               command_handlers.o
    0x10000050   0x00000020   Data   RW         1000    .data               cplc.o
    0x10000070   0x0000004c   Data   RW         1073    .data               dither.o
    0x100000bc   0x00000008   Data   RW         1173    .data               exchange.o
    0x100000c4   0x00000008   Data   RW         1218    .data               gld.o
    0x100000cc   0x00000004   Data   RW         1289    .data               global.o
    0x100000d0   0x00000004   Data   RW         1290    .data               global.o
    0x100000d4   0x00000004   Data   RW         1292    .data               global.o
    0x100000d8   0x00000004   Data   RW         1293    .data               global.o
    0x100000dc   0x00000004   Data   RW         1294    .data               global.o
    0x100000e0   0x00000004   Data   RW         1295    .data               global.o
    0x100000e4   0x00000004   Data   RW         1296    .data               global.o
    0x100000e8   0x00000004   Data   RW         1297    .data               global.o
    0x100000ec   0x00000004   Data   RW         1298    .data               global.o
    0x100000f0   0x00000004   Data   RW         1300    .data               global.o
    0x100000f4   0x00000004   Data   RW         1301    .data               global.o
    0x100000f8   0x00000004   Data   RW         1302    .data               global.o
    0x100000fc   0x00000004   Data   RW         1303    .data               global.o
    0x10000100   0x00000004   Data   RW         1304    .data               global.o
    0x10000104   0x00000004   Data   RW         1305    .data               global.o
    0x10000108   0x00000004   Data   RW         1306    .data               global.o
    0x1000010c   0x00000004   Data   RW         1307    .data               global.o
    0x10000110   0x00000004   Data   RW         1308    .data               global.o
    0x10000114   0x00000004   Data   RW         1309    .data               global.o
    0x10000118   0x00000004   Data   RW         1310    .data               global.o
    0x1000011c   0x00000004   Data   RW         1311    .data               global.o
    0x10000120   0x00000004   Data   RW         1312    .data               global.o
    0x10000124   0x00000004   Data   RW         1313    .data               global.o
    0x10000128   0x00000004   Data   RW         1314    .data               global.o
    0x1000012c   0x00000004   Data   RW         1315    .data               global.o
    0x10000130   0x00000004   Data   RW         1317    .data               global.o
    0x10000134   0x00000004   Data   RW         1319    .data               global.o
    0x10000138   0x0000002c   Data   RW         1392    .data               thermo.o
    0x10000164   0x00000010   Data   RW         1462    .data               ignit.o
    0x10000174   0x00000004   PAD
    0x10000178   0x00000038   Data   RW         1540    .data               sip_1.o
    0x100001b0   0x00000020   Data   RW         1588    .data               math_dsp.o
    0x100001d0   0x00000004   Data   RW         1783    .data               hardware.o
    0x100001d4   0x00000364   Data   RW         2104    .data               uart.o
    0x10000538   0x0000000c   Data   RW         2357    .data               i2c.o
    0x10000544   0x00000004   Data   RW         1039    .data__ZZ20_arm_global_overflowE1v  cplc.o
    0x10000548   0x00001678   Zero   RW         1280    .bss                global.o
    0x10001bc0   0x00000100   Zero   RW         1281    .bss                global.o
    0x10001cc0   0x00000100   Zero   RW         1282    .bss                global.o
    0x10001dc0   0x00000100   Zero   RW         1283    .bss                global.o
    0x10001ec0   0x00000040   Zero   RW         1284    .bss                global.o
    0x10001f00   0x00000040   Zero   RW         1285    .bss                global.o
    0x10001f40   0x00000078   Zero   RW         1286    .bss                global.o
    0x10001fb8   0x00000018   Zero   RW         1287    .bss                global.o
    0x10001fd0   0x000002ac   Zero   RW         1288    .bss                global.o
    0x1000227c   0x00000098   Zero   RW         1391    .bss                thermo.o
    0x10002314   0x000006a8   Zero   RW         1587    .bss                math_dsp.o
    0x100029bc   0x00000020   Zero   RW         2102    .bss                uart.o
    0x100029dc   0x00000018   Zero   RW         2356    .bss                i2c.o
    0x100029f4   0x000000e4   Zero   RW         2449    .bss                c_w.l(rand.o)
    0x10002ad8   0x00000060   Zero   RW         2687    .bss                c_w.l(libspace.o)
    0x10002b38   0x00000000   Zero   RW            2    HEAP                startup_lpc17xx.o
    0x10002b38   0x00002000   Zero   RW            1    STACK               startup_lpc17xx.o


==============================================================================

Image component sizes


      Code (inc. data)   RO Data    RW Data    ZI Data      Debug   Object Name

      1184        226          0          8          0       7346   command.o
      3822        826         99         60          0      25345   command_handlers.o
         0          0          0          0          0       4492   core_cm3.o
       852        110          0         36          0       5811   cplc.o
      1556        284          0          8          0      41663   cyclessync.o
        52         12          0          0          0        912   dac.o
      1436        160          0         76          0      10719   dither.o
       260         32          0          8          0       1409   exchange.o
       162         36          0          8          0       2858   gld.o
         0          0          0        108       7476       4974   global.o
       282         44          0          4          0       9736   hardware.o
        84         24          0          0          0        875   hfo.o
       312         42          0         12         24       2349   i2c.o
        92         14          0          0          0       1472   iap.o
       428         60          0         16          0       5420   ignit.o
        12          0          0          0          0       2307   ltc1622.o
       478         90          0          0          0       1645   main.o
      1152         90          0         32       1704       7086   math_dsp.o
       488         88          0          0          0       2437   memory.o
       578         70          0          0          0      22971   parameters.o
       256         46          0          0          0      18470   pwm.o
       164         38          0          0          0       1482   qei.o
       112          0          0          0          0       2712   ring_buffer.o
       646         58          0         56          0       3884   sip_1.o
       340         52          0          0          0       3746   spi.o
        60         22        196          0       8192        912   startup_lpc17xx.o
       408         42          0          4          0       1523   system_lpc17xx.o
       748         64          0         44        152       7314   thermo.o
      1502        160          0        868         32      12621   uart.o

    ----------------------------------------------------------------------
     17484       2690        328       1352      17580     214491   Object Totals
         0          0         32          0          0          0   (incl. Generated)
        18          0          1          4          0          0   (incl. Padding)

    ----------------------------------------------------------------------

      Code (inc. data)   RO Data    RW Data    ZI Data      Debug   Library Member Name

       100          0          0          0          0          0   __dclz77c.o
         8          0          0          0          0         68   __main.o
       104          0          0          0          0         84   __printf.o
         0          0          0          0          0          0   __rtentry.o
        12          0          0          0          0          0   __rtentry2.o
         6          0          0          0          0          0   __rtentry4.o
        52          8          0          0          0          0   __scatter.o
        28          0          0          0          0          0   __scatter_zi.o
        44          0          0          0          0        108   _printf_char.o
        48          6          0          0          0         96   _printf_char_common.o
         6          0          0          0          0          0   _printf_d.o
       120         16          0          0          0         92   _printf_dec.o
        88          4         40          0          0         88   _printf_hex_int.o
       178          0          0          0          0         88   _printf_intcommon.o
         0          0          0          0          0          0   _printf_percent.o
         4          0          0          0          0          0   _printf_percent_end.o
         6          0          0          0          0          0   _printf_s.o
        82          0          0          0          0         80   _printf_str.o
         6          0          0          0          0          0   _printf_u.o
         6          0          0          0          0          0   _printf_x.o
        22          0          0          0          0        100   _rserrno.o
        10          0          0          0          0         68   _sputc.o
        16          0          0          0          0         68   aeabi_memset.o
        18          0          0          0          0         80   exit.o
         6          0          0          0          0        152   heapauxi.o
         0          0          0          0          0          0   indicate_semi.o
         2          0          0          0          0          0   libinit.o
         6          0          0          0          0          0   libinit2.o
         2          0          0          0          0          0   libshutdown.o
         2          0          0          0          0          0   libshutdown2.o
         8          4          0          0         96         68   libspace.o
        72          0          0          0          0         76   llsdiv.o
       238          0          0          0          0        100   lludivv7m.o
        40          6          0          0          0         84   noretval__2sprintf.o
       112         18          0          0        228        160   rand.o
         8          4          0          0          0         68   rt_errno_addr_intlibspace.o
        68          0          0          0          0         68   rt_memclr.o
        78          0          0          0          0         80   rt_memclr_w.o
       138          0          0          0          0         68   rt_memcpy_v6.o
       100          0          0          0          0         80   rt_memcpy_w.o
         2          0          0          0          0          0   rtexit.o
        10          0          0          0          0          0   rtexit2.o
        62          0          0          0          0         76   strlen.o
        12          4          0          0          0         68   sys_exit.o
        74          0          0          0          0         80   sys_stackheap_outer.o
         2          0          0          0          0         68   use_no_semi.o
        98          4          0          0          0         92   d2f.o
       826         16          0          0          0        348   daddsub_clz.o
        16          4          0          0          0         68   dcheck1.o
        24          0          0          0          0         68   dcmpi.o
       688        140          0          0          0        208   ddiv.o
       120          4          0          0          0         92   deqf.o
        94          4          0          0          0         92   dfix.o
        84          0          0          0          0        136   dflt_clz.o
       120          4          0          0          0         92   dleqf.o
       340         12          0          0          0        104   dmul.o
       156          4          0          0          0         92   dnaninf.o
        12          0          0          0          0         68   dretinf.o
       108          0          0          0          0         80   drleqf.o
        86          4          0          0          0         84   f2d.o
       450          8          0          0          0        236   faddsub_clz.o
        12          4          0          0          0         68   fcheck1.o
        24          0          0          0          0         68   fcmpi.o
       388         76          0          0          0         96   fdiv.o
        54          4          0          0          0         84   ffix.o
        86          0          0          0          0        136   fflt_clz.o
       104          4          0          0          0         84   fleqf.o
       258          4          0          0          0         84   fmul.o
       140          4          0          0          0         84   fnaninf.o
        10          0          0          0          0         68   fretinf.o
        98          0          0          0          0         68   frleqf.o
       100          0          0          0          0         68   retnan.o
        92          0          0          0          0         68   scalbn.o
        76          0          0          0          0         68   scalbnf.o
        48          0          0          0          0         68   trapv.o
         0          0          0          0          0          0   usenofp.o
       156          8          0          0          0        104   cos.o
       252         22         48          0          0        124   cos_i.o
        34          6          0          0          0        204   dunder.o
        40          0          0          0          0         68   fpclassify.o
       170          0          0          0          0         96   poly.o
       904         76        200          0          0        140   rred.o
       160         10          0          0          0        108   sin.o
       236         12         40          0          0        128   sin_i.o

    ----------------------------------------------------------------------
      8698        504        334          0        324       6260   Library Totals
        28          0          6          0          0          0   (incl. Padding)

    ----------------------------------------------------------------------

      Code (inc. data)   RO Data    RW Data    ZI Data      Debug   Library Name

      2006         70         40          0        324       2316   c_w.l
      4712        300          0          0          0       2972   fz_ws.l
      1952        134        288          0          0        972   m_ws.l

    ----------------------------------------------------------------------
      8698        504        334          0        324       6260   Library Totals

    ----------------------------------------------------------------------

==============================================================================


      Code (inc. data)   RO Data    RW Data    ZI Data      Debug   

     26182       3194        662       1352      17904     207799   Grand Totals
     26182       3194        662        560      17904     207799   ELF Image Totals (compressed)
     26182       3194        662        560          0          0   ROM Totals

==============================================================================

    Total RO  Size (Code + RO Data)                26844 (  26.21kB)
    Total RW  Size (RW Data + ZI Data)             19256 (  18.80kB)
    Total ROM Size (Code + RO Data + RW Data)      27404 (  26.76kB)

==============================================================================

